
=== LOC-I: n=3,852, baseline=0.518, mean |shift| on adjusted factors=0.0376 ===
factor                                        n   crude     adj   shift  Z
PILOT_INCAPACITATION_OR_IMPAIRMENT          235   0.406   0.406   0.000  -
LOW_VISIBILITY_OR_IMC                       195   0.380   0.343   0.037  DARK_NIGHT_O
ORG_OR_REGULATORY_INADEQUATE                 61   0.313   0.313   0.000  -
LOSS_OF_CONTROL_INFLIGHT                  2,937   0.306   0.306   0.000  -
FUEL_CONTAMINATION                           30   0.297   0.297   0.000  -
SPATIAL_DISORIENTATION                      111   0.396   0.264   0.133  LOW_VISIBILI,DARK_NIGHT_O
DARK_NIGHT_OR_LOW_LIGHT                     157   0.247   0.247   0.000  -
LOW_ALTITUDE_OPERATION                      235   0.217   0.217   0.000  -
PILOT_FATIGUE_OR_PHYSIOLOGICAL_STATE        305   0.216   0.216   0.000  -
FUEL_EXHAUSTION_OR_STARVATION                51   0.183   0.183   0.000  -
TRAINING_OR_CURRENCY_GAP                    217   0.177   0.177   0.000  -
DESIGN_DEFECT_LATENT                         48   0.164   0.164   0.000  -
ENGINE_FAILURE                              224   0.160   0.160   0.000  -
ALTITUDE_DEVIATION_UNCONTROLLED              46   0.151   0.151   0.000  -
STALL                                     1,911   0.136   0.139  -0.003  HIGH_DENSITY,CARBURETOR_O
AIRCRAFT_WEIGHT_OR_BALANCE_OUT_OF_LIMITS    224   0.136   0.136   0.000  -
MOUNTAINOUS_OR_RISING_TERRAIN               186   0.115   0.115   0.000  -
MAINTENANCE_INADEQUATE                      171   0.130   0.113   0.017  ORG_OR_REGUL
ICING_ENCOUNTER                              45   0.165   0.096   0.069  LOW_VISIBILI
CARBURETOR_OR_INDUCTION_ICING                34   0.094   0.094   0.000  -
LATENT_MECHANICAL_DEFECT                    361   0.079   0.079   0.000  -
DECISION_INAPPROPRIATE                    1,205   0.071   0.035   0.035  LOSS_OF_CONT,CREW_COORDIN,MOUNTAINOUS_
STRUCTURAL_OVERLOAD                          85   0.035   0.035   0.000  -
CONTROL_SURFACE_ANOMALY                     116  -0.027  -0.008  -0.019  LATENT_MECHA
PERCEPTION_FAILURE                          311   0.014  -0.012   0.026  LOW_VISIBILI,DARK_NIGHT_O
INFLIGHT_FIRE_OR_SMOKE                       30  -0.018  -0.018   0.000  -
TURBULENCE_ENCOUNTER                        118  -0.036  -0.052   0.016  MOUNTAINOUS_
PROCEDURE_NOT_FOLLOWED                      751  -0.053  -0.059   0.006  ADVERSE_WIND,PILOT_INCAPA,CARBURETOR_O
OTHER_SYSTEM_FAILURE                         58  -0.069  -0.069   0.000  -
HIGH_DENSITY_ALTITUDE                       245  -0.056  -0.080   0.024  AIRCRAFT_WEI,MOUNTAINOUS_
AIRFRAME_STRUCTURAL_FAILURE                  88   0.004  -0.088   0.092  STALL,LATENT_MECHA,STRUCTURAL_O
CONTROL_INPUT_IMPROPER                    2,601  -0.230  -0.213  -0.017  PROCEDURE_NO,LATENT_MECHA,PILOT_INCAPA
TERRAIN_OR_OBSTACLE_PROXIMITY               136  -0.229  -0.229   0.000  -
ADVERSE_WIND_CONDITION                      787  -0.264  -0.235  -0.029  LATENT_MECHA,PILOT_FATIGU,PILOT_INCAPA
WIND_SHEAR_OR_GUST                          198  -0.309  -0.266  -0.043  ADVERSE_WIND
CREW_COORDINATION_FAILURE                   221  -0.274  -0.274   0.000  -
LANDING_GEAR_ANOMALY                         30  -0.365  -0.365   0.000  -
RUNWAY_CONDITION_HAZARD                     137  -0.366  -0.366   0.000  -
LOSS_OF_CONTROL_GROUND                      285  -0.469  -0.469   0.000  -
written -> event_extraction/out/causation_kg/backdoor_table_LOC-I.json

=== SCF-PP: n=1,842, baseline=0.213, mean |shift| on adjusted factors=0.0278 ===
factor                                        n   crude     adj   shift  Z
PILOT_INCAPACITATION_OR_IMPAIRMENT           33   0.481   0.481   0.000  -
STALL                                        68   0.446   0.446   0.000  -
LOSS_OF_CONTROL_INFLIGHT                    514   0.382   0.382   0.000  -
STRUCTURAL_OVERLOAD                         107   0.270   0.270   0.000  -
DARK_NIGHT_OR_LOW_LIGHT                      36   0.185   0.185   0.000  -
AIRFRAME_STRUCTURAL_FAILURE                 454   0.188   0.088   0.101  LANDING_GEAR,STRUCTURAL_O
ORG_OR_REGULATORY_INADEQUATE                 85   0.078   0.078   0.000  -
INSTRUMENT_OR_AVIONICS_FAILURE              108   0.073   0.073   0.000  -
DESIGN_DEFECT_LATENT                        135   0.061   0.061   0.000  -
ENGINE_FAILURE                              252   0.045   0.050  -0.006  UNSUITABLE_T
AUTOMATION_ANOMALY                           49   0.043   0.043   0.000  -
DECISION_INAPPROPRIATE                      562  -0.021   0.010  -0.032  LATENT_MECHA,LOSS_OF_CONT,ENGINE_FAILU
MAINTENANCE_INADEQUATE                      721  -0.001  -0.001   0.000  -
UNSUITABLE_TERRAIN_FOR_FORCED_LANDING        75  -0.006  -0.006   0.000  -
PERCEPTION_FAILURE                          142   0.017  -0.010   0.027  INSTRUMENT_O
INFLIGHT_FIRE_OR_SMOKE                      142  -0.005  -0.014   0.008  DESIGN_DEFEC
LATENT_MECHANICAL_DEFECT                    846  -0.024  -0.024   0.000  -
CONTROL_INPUT_IMPROPER                      400  -0.031  -0.036   0.004  PROCEDURE_NO,PERCEPTION_F,ADVERSE_WIND
OTHER_SYSTEM_FAILURE                        573  -0.047  -0.049   0.002  LATENT_MECHA
GROUND_PERSONNEL_ERROR                       35  -0.052  -0.052   0.000  -
CONTROL_SURFACE_ANOMALY                     387  -0.000  -0.070   0.070  OTHER_SYSTEM,LANDING_GEAR
FUEL_SYSTEM_ANOMALY                          59  -0.085  -0.085   0.000  -
PROCEDURE_NOT_FOLLOWED                      534  -0.088  -0.086  -0.002  OTHER_SYSTEM,LOSS_OF_CONT
ADVERSE_WIND_CONDITION                       67  -0.086  -0.086   0.000  -
LOSS_OF_CONTROL_GROUND                      257  -0.194  -0.145  -0.049  LANDING_GEAR,ADVERSE_WIND
RUNWAY_CONDITION_HAZARD                      94  -0.192  -0.192   0.000  -
LANDING_GEAR_ANOMALY                        504  -0.261  -0.267   0.005  OTHER_SYSTEM
written -> event_extraction/out/causation_kg/backdoor_table_SCF-PP.json
