[LOC-I] 3852 records, 39 candidate factors; running FCI (alpha 0.05, chisq) ...
X33 --> X1
X37 --> X21
{
  "category": "LOC-I",
  "n_records": 3852,
  "n_candidates": 39,
  "alpha": 0.05,
  "pag_edge_census": {
    "bidirected": 47,
    "directed": 2,
    "partially directed": 21,
    "undetermined": 1
  },
  "n_factors_with_pc_adjustment": 15,
  "summary": {
    "definite_parent_relations": 0,
    "possible_parent_relations": 5,
    "bidirected_relations": 19,
    "undetermined_relations": 0,
    "reversed_relations": 4,
    "absent_relations": 1,
    "factors_bidirected_into_X": 11,
    "mean_abs_shift_pc_vs_definite": 0.0376
  }
}
  LOW_VISIBILITY_OR_IMC              Z=['DARK_NIGHT_OR_LOW_LIGHT'] marks={'DARK_NIGHT_OR_LOW_LIGHT': 'z o->X'} crude=0.380 pc=0.343 def=0.380 poss=0.343 E=2.761 E_ci=2.509
  SPATIAL_DISORIENTATION             Z=['LOW_VISIBILITY_OR_IMC', 'DARK_NIGHT_OR_LOW_LIGHT'] marks={'LOW_VISIBILITY_OR_IMC': 'X o->z', 'DARK_NIGHT_OR_LOW_LIGHT': 'X o->z'} crude=0.396 pc=0.264 def=0.396 poss=0.396 E=2.395 E_ci=1.469
  STALL                              Z=['HIGH_DENSITY_ALTITUDE', 'CARBURETOR_OR_INDUCTION_ICING'] marks={'HIGH_DENSITY_ALTITUDE': 'z<->X', 'CARBURETOR_OR_INDUCTION_ICING': 'z<->X'} crude=0.136 pc=0.139 def=0.136 poss=0.136 E=1.947 E_ci=1.774
  MAINTENANCE_INADEQUATE             Z=['ORG_OR_REGULATORY_INADEQUATE'] marks={'ORG_OR_REGULATORY_INADEQUATE': 'z<->X'} crude=0.130 pc=0.113 def=0.130 poss=0.130 E=1.738 E_ci=1.361
  ICING_ENCOUNTER                    Z=['LOW_VISIBILITY_OR_IMC'] marks={'LOW_VISIBILITY_OR_IMC': 'z<->X'} crude=0.165 pc=0.096 def=0.165 poss=0.165 E=1.657 E_ci=1.0
  DECISION_INAPPROPRIATE             Z=['LOSS_OF_CONTROL_GROUND', 'CREW_COORDINATION_FAILURE', 'MOUNTAINOUS_OR_RISING_TERRAIN'] marks={'LOSS_OF_CONTROL_GROUND': 'z<->X', 'CREW_COORDINATION_FAILURE': 'z<->X', 'MOUNTAINOUS_OR_RISING_TERRAIN': 'z<->X'} crude=0.071 pc=0.035 def=0.071 poss=0.071 E=1.343 E_ci=1.0
  CONTROL_SURFACE_ANOMALY            Z=['LATENT_MECHANICAL_DEFECT'] marks={'LATENT_MECHANICAL_DEFECT': 'z<->X'} crude=-0.027 pc=-0.008 def=-0.027 poss=-0.027 E=1.141 E_ci=1.0
  PERCEPTION_FAILURE                 Z=['LOW_VISIBILITY_OR_IMC', 'DARK_NIGHT_OR_LOW_LIGHT'] marks={'LOW_VISIBILITY_OR_IMC': 'z<->X', 'DARK_NIGHT_OR_LOW_LIGHT': 'z<->X'} crude=0.014 pc=-0.012 def=0.014 poss=0.014 E=1.18 E_ci=1.0
  TURBULENCE_ENCOUNTER               Z=['MOUNTAINOUS_OR_RISING_TERRAIN'] marks={'MOUNTAINOUS_OR_RISING_TERRAIN': 'X o->z'} crude=-0.036 pc=-0.052 def=-0.036 poss=-0.036 E=1.462 E_ci=1.0
  PROCEDURE_NOT_FOLLOWED             Z=['ADVERSE_WIND_CONDITION', 'PILOT_INCAPACITATION_OR_IMPAIRMENT', 'CARBURETOR_OR_INDUCTION_ICING'] marks={'ADVERSE_WIND_CONDITION': 'z<->X', 'PILOT_INCAPACITATION_OR_IMPAIRMENT': 'z o->X', 'CARBURETOR_OR_INDUCTION_ICING': 'absent'} crude=-0.053 pc=-0.059 def=-0.053 poss=-0.038 E=1.499 E_ci=1.22
  HIGH_DENSITY_ALTITUDE              Z=['AIRCRAFT_WEIGHT_OR_BALANCE_OUT_OF_LIMITS', 'MOUNTAINOUS_OR_RISING_TERRAIN'] marks={'AIRCRAFT_WEIGHT_OR_BALANCE_OUT_OF_LIMITS': 'z<->X', 'MOUNTAINOUS_OR_RISING_TERRAIN': 'z<->X'} crude=-0.056 pc=-0.080 def=-0.056 poss=-0.056 E=1.638 E_ci=1.156
  AIRFRAME_STRUCTURAL_FAILURE        Z=['STALL', 'LATENT_MECHANICAL_DEFECT', 'STRUCTURAL_OVERLOAD'] marks={'STALL': 'z<->X', 'LATENT_MECHANICAL_DEFECT': 'z<->X', 'STRUCTURAL_OVERLOAD': 'z<->X'} crude=0.004 pc=-0.088 def=0.004 poss=0.004 E=1.701 E_ci=1.0
  CONTROL_INPUT_IMPROPER             Z=['PROCEDURE_NOT_FOLLOWED', 'LATENT_MECHANICAL_DEFECT', 'PILOT_INCAPACITATION_OR_IMPAIRMENT'] marks={'PROCEDURE_NOT_FOLLOWED': 'z<->X', 'LATENT_MECHANICAL_DEFECT': 'z<->X', 'PILOT_INCAPACITATION_OR_IMPAIRMENT': 'z o->X'} crude=-0.230 pc=-0.213 def=-0.230 poss=-0.203 E=2.294 E_ci=2.09
  ADVERSE_WIND_CONDITION             Z=['LATENT_MECHANICAL_DEFECT', 'PILOT_FATIGUE_OR_PHYSIOLOGICAL_STATE', 'PILOT_INCAPACITATION_OR_IMPAIRMENT'] marks={'LATENT_MECHANICAL_DEFECT': 'z<->X', 'PILOT_FATIGUE_OR_PHYSIOLOGICAL_STATE': 'z o->X', 'PILOT_INCAPACITATION_OR_IMPAIRMENT': 'z o->X'} crude=-0.264 pc=-0.235 def=-0.264 poss=-0.244 E=2.826 E_ci=2.441
  WIND_SHEAR_OR_GUST                 Z=['ADVERSE_WIND_CONDITION'] marks={'ADVERSE_WIND_CONDITION': 'X o->z'} crude=-0.309 pc=-0.266 def=-0.309 poss=-0.309 E=3.418 E_ci=2.625
[SCF-PP] 1842 records, 27 candidate factors; running FCI (alpha 0.05, chisq) ...
X1 --> X7
X7 --> X12
X11 --> X9
X12 --> X22
X24 --> X17
X27 --> X17
{
  "category": "SCF-PP",
  "n_records": 1842,
  "n_candidates": 27,
  "alpha": 0.05,
  "pag_edge_census": {
    "directed": 6,
    "bidirected": 27,
    "partially directed": 9,
    "undetermined": 3
  },
  "n_factors_with_pc_adjustment": 11,
  "summary": {
    "definite_parent_relations": 1,
    "possible_parent_relations": 3,
    "bidirected_relations": 13,
    "undetermined_relations": 0,
    "reversed_relations": 2,
    "absent_relations": 0,
    "factors_bidirected_into_X": 9,
    "mean_abs_shift_pc_vs_definite": 0.0238
  }
}
  AIRFRAME_STRUCTURAL_FAILURE        Z=['LANDING_GEAR_ANOMALY', 'STRUCTURAL_OVERLOAD'] marks={'LANDING_GEAR_ANOMALY': 'z<->X', 'STRUCTURAL_OVERLOAD': 'z o->X'} crude=0.188 pc=0.088 def=0.188 poss=0.160 E=2.32 E_ci=1.795
  ENGINE_FAILURE                     Z=['UNSUITABLE_TERRAIN_FOR_FORCED_LANDING'] marks={'UNSUITABLE_TERRAIN_FOR_FORCED_LANDING': 'z<->X'} crude=0.045 pc=0.050 def=0.045 poss=0.045 E=1.791 E_ci=1.0
  DECISION_INAPPROPRIATE             Z=['LATENT_MECHANICAL_DEFECT', 'LOSS_OF_CONTROL_INFLIGHT', 'ENGINE_FAILURE'] marks={'LATENT_MECHANICAL_DEFECT': 'z<->X', 'LOSS_OF_CONTROL_INFLIGHT': 'z<->X', 'ENGINE_FAILURE': 'X->z'} crude=-0.021 pc=0.010 def=-0.021 poss=-0.021 E=1.276 E_ci=1.0
  PERCEPTION_FAILURE                 Z=['INSTRUMENT_OR_AVIONICS_FAILURE'] marks={'INSTRUMENT_OR_AVIONICS_FAILURE': 'X o->z'} crude=0.017 pc=-0.010 def=0.017 poss=0.017 E=1.278 E_ci=1.0
  INFLIGHT_FIRE_OR_SMOKE             Z=['DESIGN_DEFECT_LATENT'] marks={'DESIGN_DEFECT_LATENT': 'z o->X'} crude=-0.005 pc=-0.014 def=-0.005 poss=-0.014 E=1.34 E_ci=1.0
  CONTROL_INPUT_IMPROPER             Z=['PROCEDURE_NOT_FOLLOWED', 'PERCEPTION_FAILURE', 'ADVERSE_WIND_CONDITION'] marks={'PROCEDURE_NOT_FOLLOWED': 'z<->X', 'PERCEPTION_FAILURE': 'z o->X', 'ADVERSE_WIND_CONDITION': 'z<->X'} crude=-0.031 pc=-0.036 def=-0.031 poss=-0.034 E=1.661 E_ci=1.0
  OTHER_SYSTEM_FAILURE               Z=['LATENT_MECHANICAL_DEFECT'] marks={'LATENT_MECHANICAL_DEFECT': 'z<->X'} crude=-0.047 pc=-0.049 def=-0.047 poss=-0.047 E=1.846 E_ci=1.168
  CONTROL_SURFACE_ANOMALY            Z=['OTHER_SYSTEM_FAILURE', 'LANDING_GEAR_ANOMALY'] marks={'OTHER_SYSTEM_FAILURE': 'z<->X', 'LANDING_GEAR_ANOMALY': 'z<->X'} crude=-0.000 pc=-0.070 def=-0.000 poss=-0.000 E=2.148 E_ci=1.361
  PROCEDURE_NOT_FOLLOWED             Z=['OTHER_SYSTEM_FAILURE', 'LOSS_OF_CONTROL_GROUND'] marks={'OTHER_SYSTEM_FAILURE': 'z<->X', 'LOSS_OF_CONTROL_GROUND': 'z<->X'} crude=-0.088 pc=-0.086 def=-0.088 poss=-0.088 E=2.436 E_ci=1.726
  LOSS_OF_CONTROL_GROUND             Z=['LANDING_GEAR_ANOMALY', 'ADVERSE_WIND_CONDITION'] marks={'LANDING_GEAR_ANOMALY': 'z->X', 'ADVERSE_WIND_CONDITION': 'z<->X'} crude=-0.194 pc=-0.145 def=-0.150 poss=-0.150 E=5.051 E_ci=2.712
  LANDING_GEAR_ANOMALY               Z=['OTHER_SYSTEM_FAILURE'] marks={'OTHER_SYSTEM_FAILURE': 'z<->X'} crude=-0.261 pc=-0.267 def=-0.261 poss=-0.261 E=24.364 E_ci=10.388
