guided_json: enforcing schema schema_v3.json
resume: skipping 28118 already-done records
loaded 28084 records to extract
[10/28084] ok=3 last_latency=26.0s source=NTSB_ASRS:Pre2008
[20/28084] ok=10 last_latency=25.8s source=NTSB_ASRS:Pre2008
[30/28084] ok=16 last_latency=28.6s source=NTSB_ASRS:Pre2008
[40/28084] ok=18 last_latency=27.9s source=NTSB_ASRS:Pre2008
[50/28084] ok=20 last_latency=32.0s source=NTSB_ASRS:Pre2008
[60/28084] ok=24 last_latency=38.2s source=NTSB_ASRS:Pre2008
[70/28084] ok=26 last_latency=31.7s source=NTSB_ASRS:Pre2008
[80/28084] ok=29 last_latency=18.6s source=NTSB_ASRS:Pre2008
[90/28084] ok=32 last_latency=28.4s source=NTSB_ASRS:Pre2008
[100/28084] ok=37 last_latency=24.6s source=NTSB_ASRS:Pre2008
[110/28084] ok=39 last_latency=29.8s source=NTSB_ASRS:Pre2008
[120/28084] ok=44 last_latency=29.7s source=NTSB_ASRS:Pre2008
[130/28084] ok=46 last_latency=29.4s source=NTSB_ASRS:Pre2008
[140/28084] ok=49 last_latency=26.8s source=NTSB_ASRS:Pre2008
[150/28084] ok=51 last_latency=25.4s source=NTSB_ASRS:Pre2008
[160/28084] ok=57 last_latency=22.5s source=NTSB_ASRS:Pre2008
[170/28084] ok=62 last_latency=35.2s source=NTSB_ASRS:Pre2008
[180/28084] ok=69 last_latency=25.3s source=NTSB_ASRS:Pre2008
[190/28084] ok=74 last_latency=27.6s source=NTSB_ASRS:Pre2008
[200/28084] ok=80 last_latency=22.8s source=NTSB_ASRS:Pre2008
[210/28084] ok=84 last_latency=34.4s source=NTSB_ASRS:Pre2008
[220/28084] ok=91 last_latency=36.9s source=NTSB_ASRS:Pre2008
[230/28084] ok=94 last_latency=25.0s source=NTSB_ASRS:Pre2008
[240/28084] ok=99 last_latency=22.1s source=NTSB_ASRS:avall
[250/28084] ok=108 last_latency=26.8s source=NTSB_ASRS:avall
[260/28084] ok=117 last_latency=27.2s source=NTSB_ASRS:avall
[270/28084] ok=127 last_latency=23.3s source=NTSB_ASRS:avall
[280/28084] ok=137 last_latency=31.3s source=NTSB_ASRS:avall
[290/28084] ok=147 last_latency=25.1s source=NTSB_ASRS:avall
[300/28084] ok=157 last_latency=22.6s source=NTSB_ASRS:avall
[310/28084] ok=167 last_latency=27.4s source=NTSB_ASRS:avall
[320/28084] ok=177 last_latency=25.5s source=NTSB_ASRS:avall
[330/28084] ok=187 last_latency=25.9s source=NTSB_ASRS:avall
[340/28084] ok=197 last_latency=26.9s source=NTSB_ASRS:avall
[350/28084] ok=207 last_latency=32.9s source=NTSB_ASRS:avall
[360/28084] ok=217 last_latency=21.8s source=NTSB_ASRS:avall
[370/28084] ok=227 last_latency=17.9s source=NTSB_ASRS:avall
[380/28084] ok=237 last_latency=31.2s source=NTSB_ASRS:avall
[390/28084] ok=246 last_latency=27.3s source=NTSB_ASRS:avall
[400/28084] ok=256 last_latency=26.6s source=NTSB_ASRS:avall
[410/28084] ok=266 last_latency=29.6s source=NTSB_ASRS:avall
[420/28084] ok=276 last_latency=24.7s source=NTSB_ASRS:avall
[430/28084] ok=286 last_latency=30.6s source=NTSB_ASRS:avall
[440/28084] ok=295 last_latency=20.6s source=NTSB_ASRS:avall
[450/28084] ok=305 last_latency=22.5s source=NTSB_ASRS:avall
[460/28084] ok=315 last_latency=23.7s source=NTSB_ASRS:avall
[470/28084] ok=325 last_latency=28.4s source=NTSB_ASRS:avall
[480/28084] ok=335 last_latency=22.8s source=NTSB_ASRS:avall
[490/28084] ok=345 last_latency=20.9s source=NTSB_ASRS:avall
[500/28084] ok=353 last_latency=18.4s source=NTSB_ASRS:avall
[510/28084] ok=363 last_latency=13.6s source=NTSB_ASRS:avall
[520/28084] ok=373 last_latency=20.2s source=NTSB_ASRS:avall
[530/28084] ok=383 last_latency=23.6s source=NTSB_ASRS:avall
[540/28084] ok=393 last_latency=20.4s source=NTSB_ASRS:avall
[550/28084] ok=403 last_latency=29.4s source=NTSB_ASRS:avall
[560/28084] ok=413 last_latency=24.1s source=NTSB_ASRS:avall
[570/28084] ok=423 last_latency=27.3s source=NTSB_ASRS:avall
[580/28084] ok=433 last_latency=22.5s source=NTSB_ASRS:avall
[590/28084] ok=443 last_latency=24.8s source=NTSB_ASRS:avall
[600/28084] ok=453 last_latency=22.9s source=NTSB_ASRS:avall
[610/28084] ok=463 last_latency=18.2s source=NTSB_ASRS:avall
[620/28084] ok=473 last_latency=28.3s source=NTSB_ASRS:avall
[630/28084] ok=483 last_latency=25.9s source=NTSB_ASRS:avall
[640/28084] ok=493 last_latency=22.2s source=NTSB_ASRS:avall
[650/28084] ok=503 last_latency=26.7s source=NTSB_ASRS:avall
[660/28084] ok=513 last_latency=20.9s source=NTSB_ASRS:avall
[670/28084] ok=523 last_latency=24.3s source=NTSB_ASRS:avall
[680/28084] ok=533 last_latency=19.6s source=NTSB_ASRS:avall
[690/28084] ok=543 last_latency=24.6s source=NTSB_ASRS:avall
[700/28084] ok=553 last_latency=26.6s source=NTSB_ASRS:avall
[710/28084] ok=563 last_latency=23.2s source=NTSB_ASRS:avall
[720/28084] ok=573 last_latency=18.1s source=NTSB_ASRS:avall
[730/28084] ok=583 last_latency=32.0s source=NTSB_ASRS:avall
[740/28084] ok=592 last_latency=30.9s source=NTSB_ASRS:avall
[750/28084] ok=602 last_latency=31.7s source=NTSB_ASRS:avall
[760/28084] ok=612 last_latency=25.0s source=NTSB_ASRS:avall
[770/28084] ok=622 last_latency=21.9s source=NTSB_ASRS:avall
[780/28084] ok=632 last_latency=23.0s source=NTSB_ASRS:avall
[790/28084] ok=641 last_latency=19.9s source=NTSB_ASRS:avall
[800/28084] ok=651 last_latency=28.4s source=NTSB_ASRS:avall
[810/28084] ok=661 last_latency=30.1s source=NTSB_ASRS:avall
[820/28084] ok=671 last_latency=30.7s source=NTSB_ASRS:avall
[830/28084] ok=681 last_latency=20.2s source=NTSB_ASRS:avall
[840/28084] ok=690 last_latency=17.4s source=NTSB_ASRS:avall
[850/28084] ok=700 last_latency=41.3s source=NTSB_ASRS:avall
[860/28084] ok=710 last_latency=25.0s source=NTSB_ASRS:avall
[870/28084] ok=720 last_latency=27.7s source=NTSB_ASRS:avall
[880/28084] ok=730 last_latency=27.7s source=NTSB_ASRS:avall
[890/28084] ok=739 last_latency=20.7s source=NTSB_ASRS:avall
[900/28084] ok=749 last_latency=24.4s source=NTSB_ASRS:avall
[910/28084] ok=759 last_latency=20.4s source=NTSB_ASRS:avall
[920/28084] ok=769 last_latency=17.8s source=NTSB_ASRS:avall
[930/28084] ok=778 last_latency=33.5s source=NTSB_ASRS:avall
[940/28084] ok=788 last_latency=24.4s source=NTSB_ASRS:avall
[950/28084] ok=798 last_latency=17.5s source=NTSB_ASRS:avall
[960/28084] ok=808 last_latency=42.0s source=NTSB_ASRS:avall
[970/28084] ok=817 last_latency=26.9s source=NTSB_ASRS:avall
[980/28084] ok=827 last_latency=23.8s source=NTSB_ASRS:avall
[990/28084] ok=837 last_latency=26.4s source=NTSB_ASRS:avall
[1000/28084] ok=847 last_latency=25.7s source=NTSB_ASRS:avall
[1010/28084] ok=857 last_latency=13.2s source=NTSB_ASRS:avall
[1020/28084] ok=867 last_latency=28.1s source=NTSB_ASRS:avall
[1030/28084] ok=877 last_latency=22.2s source=NTSB_ASRS:avall
[1040/28084] ok=887 last_latency=23.4s source=NTSB_ASRS:avall
[1050/28084] ok=897 last_latency=13.2s source=NTSB_ASRS:avall
[1060/28084] ok=907 last_latency=24.1s source=NTSB_ASRS:avall
[1070/28084] ok=917 last_latency=18.3s source=NTSB_ASRS:avall
[1080/28084] ok=927 last_latency=30.0s source=NTSB_ASRS:avall
[1090/28084] ok=937 last_latency=34.6s source=NTSB_ASRS:avall
[1100/28084] ok=947 last_latency=25.8s source=NTSB_ASRS:avall
[1110/28084] ok=957 last_latency=30.8s source=NTSB_ASRS:avall
[1120/28084] ok=967 last_latency=26.3s source=NTSB_ASRS:avall
[1130/28084] ok=977 last_latency=12.8s source=NTSB_ASRS:avall
[1140/28084] ok=987 last_latency=22.6s source=NTSB_ASRS:avall
[1150/28084] ok=997 last_latency=20.0s source=NTSB_ASRS:avall
[1160/28084] ok=1007 last_latency=26.4s source=NTSB_ASRS:avall
[1170/28084] ok=1016 last_latency=18.2s source=NTSB_ASRS:avall
[1180/28084] ok=1026 last_latency=22.2s source=NTSB_ASRS:avall
[1190/28084] ok=1035 last_latency=29.4s source=NTSB_ASRS:avall
[1200/28084] ok=1045 last_latency=30.7s source=NTSB_ASRS:avall
[1210/28084] ok=1055 last_latency=21.8s source=NTSB_ASRS:avall
[1220/28084] ok=1065 last_latency=21.3s source=NTSB_ASRS:avall
[1230/28084] ok=1075 last_latency=19.5s source=NTSB_ASRS:avall
[1240/28084] ok=1085 last_latency=25.7s source=NTSB_ASRS:avall
[1250/28084] ok=1095 last_latency=26.3s source=NTSB_ASRS:avall
[1260/28084] ok=1105 last_latency=29.7s source=NTSB_ASRS:avall
[1270/28084] ok=1115 last_latency=26.8s source=NTSB_ASRS:avall
[1280/28084] ok=1124 last_latency=17.2s source=NTSB_ASRS:avall
[1290/28084] ok=1134 last_latency=23.5s source=NTSB_ASRS:avall
[1300/28084] ok=1144 last_latency=23.9s source=NTSB_ASRS:avall
[1310/28084] ok=1154 last_latency=23.3s source=NTSB_ASRS:avall
[1320/28084] ok=1164 last_latency=34.4s source=NTSB_ASRS:avall
[1330/28084] ok=1174 last_latency=28.1s source=NTSB_ASRS:avall
[1340/28084] ok=1184 last_latency=26.1s source=NTSB_ASRS:avall
[1350/28084] ok=1194 last_latency=29.7s source=NTSB_ASRS:avall
[1360/28084] ok=1204 last_latency=25.0s source=NTSB_ASRS:avall
[1370/28084] ok=1214 last_latency=28.9s source=NTSB_ASRS:avall
[1380/28084] ok=1224 last_latency=22.3s source=NTSB_ASRS:avall
[1390/28084] ok=1234 last_latency=26.2s source=NTSB_ASRS:avall
[1400/28084] ok=1244 last_latency=18.5s source=NTSB_ASRS:avall
[1410/28084] ok=1254 last_latency=20.1s source=NTSB_ASRS:avall
[1420/28084] ok=1264 last_latency=33.5s source=NTSB_ASRS:avall
[1430/28084] ok=1274 last_latency=19.3s source=NTSB_ASRS:avall
[1440/28084] ok=1284 last_latency=24.2s source=NTSB_ASRS:avall
[1450/28084] ok=1294 last_latency=22.5s source=NTSB_ASRS:avall
[1460/28084] ok=1304 last_latency=22.6s source=NTSB_ASRS:avall
[1470/28084] ok=1314 last_latency=18.7s source=NTSB_ASRS:avall
[1480/28084] ok=1324 last_latency=23.0s source=NTSB_ASRS:avall
[1490/28084] ok=1334 last_latency=22.2s source=NTSB_ASRS:avall
[1500/28084] ok=1344 last_latency=20.5s source=NTSB_ASRS:avall
[1510/28084] ok=1354 last_latency=21.8s source=NTSB_ASRS:avall
[1520/28084] ok=1364 last_latency=28.7s source=NTSB_ASRS:avall
[1530/28084] ok=1374 last_latency=36.3s source=NTSB_ASRS:avall
[1540/28084] ok=1383 last_latency=26.9s source=NTSB_ASRS:avall
[1550/28084] ok=1393 last_latency=31.5s source=NTSB_ASRS:avall
[1560/28084] ok=1403 last_latency=22.6s source=NTSB_ASRS:avall
[1570/28084] ok=1413 last_latency=26.3s source=NTSB_ASRS:avall
[1580/28084] ok=1423 last_latency=36.4s source=NTSB_ASRS:avall
[1590/28084] ok=1433 last_latency=28.6s source=NTSB_ASRS:avall
[1600/28084] ok=1443 last_latency=31.5s source=NTSB_ASRS:avall
[1610/28084] ok=1453 last_latency=27.9s source=NTSB_ASRS:avall
[1620/28084] ok=1463 last_latency=27.6s source=NTSB_ASRS:avall
[1630/28084] ok=1473 last_latency=32.0s source=NTSB_ASRS:avall
[1640/28084] ok=1483 last_latency=18.2s source=NTSB_ASRS:avall
[1650/28084] ok=1493 last_latency=30.4s source=NTSB_ASRS:avall
[1660/28084] ok=1503 last_latency=21.4s source=NTSB_ASRS:avall
[1670/28084] ok=1513 last_latency=28.5s source=NTSB_ASRS:avall
[1680/28084] ok=1523 last_latency=24.8s source=NTSB_ASRS:avall
[1690/28084] ok=1533 last_latency=20.5s source=NTSB_ASRS:avall
[1700/28084] ok=1543 last_latency=26.4s source=NTSB_ASRS:avall
[1710/28084] ok=1552 last_latency=23.8s source=NTSB_ASRS:avall
[1720/28084] ok=1562 last_latency=27.5s source=NTSB_ASRS:avall
[1730/28084] ok=1572 last_latency=27.9s source=NTSB_ASRS:avall
[1740/28084] ok=1582 last_latency=23.6s source=NTSB_ASRS:avall
[1750/28084] ok=1592 last_latency=23.8s source=NTSB_ASRS:avall
[1760/28084] ok=1602 last_latency=21.2s source=NTSB_ASRS:avall
[1770/28084] ok=1612 last_latency=27.0s source=NTSB_ASRS:avall
[1780/28084] ok=1622 last_latency=20.3s source=NTSB_ASRS:avall
[1790/28084] ok=1632 last_latency=26.6s source=NTSB_ASRS:avall
[1800/28084] ok=1642 last_latency=26.2s source=NTSB_ASRS:avall
[1810/28084] ok=1652 last_latency=25.4s source=NTSB_ASRS:avall
[1820/28084] ok=1662 last_latency=19.9s source=NTSB_ASRS:avall
[1830/28084] ok=1672 last_latency=24.4s source=NTSB_ASRS:avall
[1840/28084] ok=1682 last_latency=21.2s source=NTSB_ASRS:avall
[1850/28084] ok=1692 last_latency=17.5s source=NTSB_ASRS:avall
[1860/28084] ok=1702 last_latency=26.1s source=NTSB_ASRS:avall
[1870/28084] ok=1712 last_latency=27.4s source=NTSB_ASRS:avall
[1880/28084] ok=1722 last_latency=19.3s source=NTSB_ASRS:avall
[1890/28084] ok=1732 last_latency=29.3s source=NTSB_ASRS:avall
[1900/28084] ok=1742 last_latency=22.4s source=NTSB_ASRS:avall
[1910/28084] ok=1752 last_latency=23.8s source=NTSB_ASRS:avall
[1920/28084] ok=1762 last_latency=31.2s source=NTSB_ASRS:avall
[1930/28084] ok=1772 last_latency=28.1s source=NTSB_ASRS:avall
[1940/28084] ok=1782 last_latency=18.2s source=NTSB_ASRS:avall
[1950/28084] ok=1792 last_latency=15.4s source=NTSB_ASRS:avall
[1960/28084] ok=1802 last_latency=19.5s source=NTSB_ASRS:avall
[1970/28084] ok=1812 last_latency=29.4s source=NTSB_ASRS:avall
[1980/28084] ok=1822 last_latency=22.2s source=NTSB_ASRS:avall
[1990/28084] ok=1832 last_latency=21.6s source=NTSB_ASRS:avall
[2000/28084] ok=1842 last_latency=18.2s source=NTSB_ASRS:avall
[2010/28084] ok=1852 last_latency=25.2s source=NTSB_ASRS:avall
[2020/28084] ok=1861 last_latency=32.8s source=NTSB_ASRS:avall
[2030/28084] ok=1871 last_latency=24.8s source=NTSB_ASRS:avall
[2040/28084] ok=1881 last_latency=24.3s source=NTSB_ASRS:avall
[2050/28084] ok=1890 last_latency=20.3s source=NTSB_ASRS:avall
[2060/28084] ok=1900 last_latency=30.0s source=NTSB_ASRS:avall
[2070/28084] ok=1909 last_latency=18.1s source=NTSB_ASRS:avall
[2080/28084] ok=1919 last_latency=37.7s source=NTSB_ASRS:avall
[2090/28084] ok=1929 last_latency=33.2s source=NTSB_ASRS:avall
[2100/28084] ok=1939 last_latency=27.9s source=NTSB_ASRS:avall
[2110/28084] ok=1949 last_latency=33.7s source=NTSB_ASRS:avall
[2120/28084] ok=1959 last_latency=18.2s source=NTSB_ASRS:avall
[2130/28084] ok=1969 last_latency=22.5s source=NTSB_ASRS:avall
[2140/28084] ok=1979 last_latency=26.9s source=NTSB_ASRS:avall
[2150/28084] ok=1989 last_latency=22.6s source=NTSB_ASRS:avall
[2160/28084] ok=1999 last_latency=26.7s source=NTSB_ASRS:avall
[2170/28084] ok=2009 last_latency=27.5s source=NTSB_ASRS:avall
[2180/28084] ok=2019 last_latency=22.5s source=NTSB_ASRS:avall
[2190/28084] ok=2029 last_latency=28.4s source=NTSB_ASRS:avall
[2200/28084] ok=2039 last_latency=28.9s source=NTSB_ASRS:avall
[2210/28084] ok=2048 last_latency=25.7s source=NTSB_ASRS:avall
[2220/28084] ok=2058 last_latency=22.1s source=NTSB_ASRS:avall
[2230/28084] ok=2068 last_latency=29.3s source=NTSB_ASRS:avall
[2240/28084] ok=2078 last_latency=22.4s source=NTSB_ASRS:avall
[2250/28084] ok=2088 last_latency=31.6s source=NTSB_ASRS:avall
[2260/28084] ok=2098 last_latency=23.4s source=NTSB_ASRS:avall
[2270/28084] ok=2108 last_latency=26.3s source=NTSB_ASRS:avall
[2280/28084] ok=2118 last_latency=30.8s source=NTSB_ASRS:avall
[2290/28084] ok=2128 last_latency=31.3s source=NTSB_ASRS:avall
[2300/28084] ok=2138 last_latency=25.1s source=NTSB_ASRS:avall
[2310/28084] ok=2148 last_latency=24.7s source=NTSB_ASRS:avall
[2320/28084] ok=2158 last_latency=26.1s source=NTSB_ASRS:avall
[2330/28084] ok=2168 last_latency=28.8s source=NTSB_ASRS:avall
[2340/28084] ok=2178 last_latency=30.7s source=NTSB_ASRS:avall
[2350/28084] ok=2188 last_latency=27.2s source=NTSB_ASRS:avall
[2360/28084] ok=2198 last_latency=22.0s source=NTSB_ASRS:avall
[2370/28084] ok=2208 last_latency=31.0s source=NTSB_ASRS:avall
[2380/28084] ok=2218 last_latency=26.2s source=NTSB_ASRS:avall
[2390/28084] ok=2228 last_latency=25.7s source=NTSB_ASRS:avall
[2400/28084] ok=2238 last_latency=35.0s source=NTSB_ASRS:avall
[2410/28084] ok=2248 last_latency=26.3s source=NTSB_ASRS:avall
[2420/28084] ok=2258 last_latency=23.9s source=NTSB_ASRS:avall
[2430/28084] ok=2268 last_latency=20.1s source=NTSB_ASRS:avall
[2440/28084] ok=2278 last_latency=25.7s source=NTSB_ASRS:avall
[2450/28084] ok=2288 last_latency=24.3s source=NTSB_ASRS:avall
[2460/28084] ok=2298 last_latency=16.0s source=NTSB_ASRS:avall
[2470/28084] ok=2308 last_latency=26.4s source=NTSB_ASRS:avall
[2480/28084] ok=2318 last_latency=25.3s source=NTSB_ASRS:avall
[2490/28084] ok=2328 last_latency=27.0s source=NTSB_ASRS:avall
[2500/28084] ok=2338 last_latency=19.9s source=NTSB_ASRS:avall
[2510/28084] ok=2348 last_latency=22.7s source=NTSB_ASRS:avall
[2520/28084] ok=2358 last_latency=25.8s source=NTSB_ASRS:avall
[2530/28084] ok=2368 last_latency=17.9s source=NTSB_ASRS:avall
[2540/28084] ok=2378 last_latency=23.3s source=NTSB_ASRS:avall
[2550/28084] ok=2388 last_latency=26.8s source=NTSB_ASRS:avall
[2560/28084] ok=2398 last_latency=32.2s source=NTSB_ASRS:avall
[2570/28084] ok=2408 last_latency=31.7s source=NTSB_ASRS:avall
[2580/28084] ok=2418 last_latency=30.1s source=NTSB_ASRS:avall
[2590/28084] ok=2428 last_latency=25.7s source=NTSB_ASRS:avall
[2600/28084] ok=2438 last_latency=26.4s source=NTSB_ASRS:avall
[2610/28084] ok=2448 last_latency=18.8s source=NTSB_ASRS:avall
[2620/28084] ok=2458 last_latency=29.2s source=NTSB_ASRS:avall
[2630/28084] ok=2468 last_latency=26.5s source=NTSB_ASRS:avall
[2640/28084] ok=2476 last_latency=19.8s source=NTSB_ASRS:avall
[2650/28084] ok=2486 last_latency=28.6s source=NTSB_ASRS:avall
[2660/28084] ok=2496 last_latency=27.2s source=NTSB_ASRS:avall
[2670/28084] ok=2506 last_latency=19.5s source=NTSB_ASRS:avall
[2680/28084] ok=2515 last_latency=32.0s source=NTSB_ASRS:avall
[2690/28084] ok=2525 last_latency=18.7s source=NTSB_ASRS:avall
[2700/28084] ok=2535 last_latency=34.1s source=NTSB_ASRS:avall
[2710/28084] ok=2545 last_latency=24.9s source=NTSB_ASRS:avall
[2720/28084] ok=2554 last_latency=23.0s source=NTSB_ASRS:avall
[2730/28084] ok=2564 last_latency=21.8s source=NTSB_ASRS:avall
[2740/28084] ok=2574 last_latency=35.6s source=NTSB_ASRS:avall
[2750/28084] ok=2583 last_latency=27.3s source=NTSB_ASRS:avall
[2760/28084] ok=2593 last_latency=39.1s source=NTSB_ASRS:avall
[2770/28084] ok=2603 last_latency=22.2s source=NTSB_ASRS:avall
[2780/28084] ok=2613 last_latency=24.4s source=NTSB_ASRS:avall
[2790/28084] ok=2623 last_latency=27.6s source=NTSB_ASRS:avall
[2800/28084] ok=2633 last_latency=22.7s source=NTSB_ASRS:avall
[2810/28084] ok=2643 last_latency=24.2s source=NTSB_ASRS:avall
[2820/28084] ok=2653 last_latency=18.2s source=NTSB_ASRS:avall
[2830/28084] ok=2663 last_latency=19.2s source=NTSB_ASRS:avall
[2840/28084] ok=2672 last_latency=27.5s source=NTSB_ASRS:avall
[2850/28084] ok=2682 last_latency=25.0s source=NTSB_ASRS:avall
[2860/28084] ok=2692 last_latency=22.4s source=NTSB_ASRS:avall
[2870/28084] ok=2702 last_latency=26.4s source=NTSB_ASRS:avall
[2880/28084] ok=2712 last_latency=24.2s source=NTSB_ASRS:avall
[2890/28084] ok=2722 last_latency=29.9s source=NTSB_ASRS:avall
[2900/28084] ok=2732 last_latency=30.7s source=NTSB_ASRS:avall
[2910/28084] ok=2742 last_latency=24.6s source=NTSB_ASRS:avall
[2920/28084] ok=2752 last_latency=21.9s source=NTSB_ASRS:avall
[2930/28084] ok=2762 last_latency=29.5s source=NTSB_ASRS:avall
[2940/28084] ok=2772 last_latency=24.0s source=NTSB_ASRS:avall
[2950/28084] ok=2782 last_latency=21.4s source=NTSB_ASRS:avall
[2960/28084] ok=2792 last_latency=23.0s source=NTSB_ASRS:avall
[2970/28084] ok=2802 last_latency=29.5s source=NTSB_ASRS:avall
[2980/28084] ok=2812 last_latency=17.6s source=NTSB_ASRS:avall
[2990/28084] ok=2822 last_latency=26.8s source=NTSB_ASRS:avall
[3000/28084] ok=2832 last_latency=25.4s source=NTSB_ASRS:avall
[3010/28084] ok=2841 last_latency=21.4s source=NTSB_ASRS:avall
[3020/28084] ok=2851 last_latency=25.4s source=NTSB_ASRS:avall
[3030/28084] ok=2861 last_latency=25.3s source=NTSB_ASRS:avall
[3040/28084] ok=2871 last_latency=25.7s source=NTSB_ASRS:avall
[3050/28084] ok=2881 last_latency=18.3s source=NTSB_ASRS:avall
[3060/28084] ok=2891 last_latency=17.8s source=NTSB_ASRS:avall
[3070/28084] ok=2901 last_latency=15.1s source=NTSB_ASRS:avall
[3080/28084] ok=2911 last_latency=22.5s source=NTSB_ASRS:avall
[3090/28084] ok=2921 last_latency=26.4s source=NTSB_ASRS:avall
[3100/28084] ok=2931 last_latency=21.9s source=NTSB_ASRS:avall
[3110/28084] ok=2941 last_latency=29.6s source=NTSB_ASRS:avall
[3120/28084] ok=2951 last_latency=24.6s source=NTSB_ASRS:avall
[3130/28084] ok=2961 last_latency=23.2s source=NTSB_ASRS:avall
[3140/28084] ok=2971 last_latency=46.4s source=NTSB_ASRS:avall
[3150/28084] ok=2981 last_latency=29.3s source=NTSB_ASRS:avall
[3160/28084] ok=2991 last_latency=21.3s source=NTSB_ASRS:avall
[3170/28084] ok=3001 last_latency=43.7s source=NTSB_ASRS:avall
[3180/28084] ok=3011 last_latency=34.2s source=NTSB_ASRS:avall
[3190/28084] ok=3021 last_latency=17.6s source=NTSB_ASRS:avall
[3200/28084] ok=3031 last_latency=30.1s source=NTSB_ASRS:avall
[3210/28084] ok=3041 last_latency=22.5s source=NTSB_ASRS:avall
[3220/28084] ok=3051 last_latency=31.7s source=NTSB_ASRS:avall
[3230/28084] ok=3061 last_latency=25.2s source=NTSB_ASRS:avall
[3240/28084] ok=3071 last_latency=19.9s source=NTSB_ASRS:avall
[3250/28084] ok=3081 last_latency=21.1s source=NTSB_ASRS:avall
[3260/28084] ok=3091 last_latency=22.3s source=NTSB_ASRS:avall
[3270/28084] ok=3101 last_latency=30.8s source=NTSB_ASRS:avall
[3280/28084] ok=3111 last_latency=22.3s source=NTSB_ASRS:avall
[3290/28084] ok=3120 last_latency=27.7s source=NTSB_ASRS:avall
[3300/28084] ok=3130 last_latency=23.8s source=NTSB_ASRS:avall
[3310/28084] ok=3140 last_latency=27.7s source=NTSB_ASRS:avall
[3320/28084] ok=3150 last_latency=29.8s source=NTSB_ASRS:avall
[3330/28084] ok=3160 last_latency=42.0s source=NTSB_ASRS:avall
[3340/28084] ok=3170 last_latency=30.7s source=NTSB_ASRS:avall
[3350/28084] ok=3180 last_latency=28.9s source=NTSB_ASRS:avall
[3360/28084] ok=3190 last_latency=30.1s source=NTSB_ASRS:avall
[3370/28084] ok=3200 last_latency=30.5s source=NTSB_ASRS:avall
[3380/28084] ok=3210 last_latency=22.8s source=NTSB_ASRS:avall
[3390/28084] ok=3220 last_latency=25.4s source=NTSB_ASRS:avall
[3400/28084] ok=3230 last_latency=39.7s source=NTSB_ASRS:avall
[3410/28084] ok=3240 last_latency=28.5s source=NTSB_ASRS:avall
[3420/28084] ok=3250 last_latency=26.4s source=NTSB_ASRS:avall
[3430/28084] ok=3260 last_latency=31.0s source=NTSB_ASRS:avall
[3440/28084] ok=3269 last_latency=23.0s source=NTSB_ASRS:avall
[3450/28084] ok=3279 last_latency=20.9s source=NTSB_ASRS:avall
[3460/28084] ok=3289 last_latency=25.1s source=NTSB_ASRS:avall
[3470/28084] ok=3299 last_latency=19.9s source=NTSB_ASRS:avall
[3480/28084] ok=3309 last_latency=23.9s source=NTSB_ASRS:avall
[3490/28084] ok=3319 last_latency=17.9s source=NTSB_ASRS:avall
[3500/28084] ok=3329 last_latency=27.7s source=NTSB_ASRS:avall
[3510/28084] ok=3338 last_latency=14.1s source=NTSB_ASRS:avall
[3520/28084] ok=3348 last_latency=24.6s source=NTSB_ASRS:avall
[3530/28084] ok=3358 last_latency=22.1s source=NTSB_ASRS:avall
[3540/28084] ok=3368 last_latency=27.8s source=NTSB_ASRS:avall
[3550/28084] ok=3378 last_latency=19.9s source=NTSB_ASRS:avall
[3560/28084] ok=3388 last_latency=25.7s source=NTSB_ASRS:avall
[3570/28084] ok=3398 last_latency=21.3s source=NTSB_ASRS:avall
[3580/28084] ok=3408 last_latency=39.6s source=NTSB_ASRS:avall
[3590/28084] ok=3418 last_latency=22.7s source=NTSB_ASRS:avall
[3600/28084] ok=3427 last_latency=17.0s source=NTSB_ASRS:avall
[3610/28084] ok=3437 last_latency=20.1s source=NTSB_ASRS:avall
[3620/28084] ok=3447 last_latency=29.1s source=NTSB_ASRS:avall
[3630/28084] ok=3457 last_latency=36.8s source=NTSB_ASRS:avall
[3640/28084] ok=3467 last_latency=26.2s source=NTSB_ASRS:avall
[3650/28084] ok=3477 last_latency=17.2s source=NTSB_ASRS:avall
[3660/28084] ok=3487 last_latency=33.9s source=NTSB_ASRS:avall
[3670/28084] ok=3497 last_latency=20.0s source=NTSB_ASRS:avall
[3680/28084] ok=3507 last_latency=29.8s source=NTSB_ASRS:avall
[3690/28084] ok=3517 last_latency=30.5s source=NTSB_ASRS:avall
[3700/28084] ok=3527 last_latency=23.8s source=NTSB_ASRS:avall
[3710/28084] ok=3537 last_latency=27.3s source=NTSB_ASRS:avall
[3720/28084] ok=3547 last_latency=30.2s source=NTSB_ASRS:avall
[3730/28084] ok=3557 last_latency=30.2s source=NTSB_ASRS:avall
[3740/28084] ok=3567 last_latency=27.6s source=NTSB_ASRS:avall
[3750/28084] ok=3577 last_latency=19.6s source=NTSB_ASRS:avall
[3760/28084] ok=3587 last_latency=28.0s source=NTSB_ASRS:avall
[3770/28084] ok=3597 last_latency=31.7s source=NTSB_ASRS:avall
[3780/28084] ok=3607 last_latency=26.6s source=NTSB_ASRS:avall
[3790/28084] ok=3617 last_latency=22.1s source=NTSB_ASRS:avall
[3800/28084] ok=3627 last_latency=26.3s source=NTSB_ASRS:avall
[3810/28084] ok=3637 last_latency=26.4s source=NTSB_ASRS:avall
[3820/28084] ok=3646 last_latency=24.8s source=NTSB_ASRS:avall
[3830/28084] ok=3656 last_latency=33.3s source=NTSB_ASRS:avall
[3840/28084] ok=3666 last_latency=28.7s source=NTSB_ASRS:avall
[3850/28084] ok=3676 last_latency=20.2s source=NTSB_ASRS:avall
[3860/28084] ok=3686 last_latency=21.7s source=NTSB_ASRS:avall
[3870/28084] ok=3696 last_latency=26.5s source=NTSB_ASRS:avall
[3880/28084] ok=3706 last_latency=21.1s source=NTSB_ASRS:avall
[3890/28084] ok=3716 last_latency=30.1s source=NTSB_ASRS:avall
[3900/28084] ok=3726 last_latency=28.0s source=NTSB_ASRS:avall
[3910/28084] ok=3736 last_latency=23.3s source=NTSB_ASRS:avall
[3920/28084] ok=3746 last_latency=29.0s source=NTSB_ASRS:avall
[3930/28084] ok=3756 last_latency=22.0s source=NTSB_ASRS:avall
[3940/28084] ok=3766 last_latency=22.6s source=NTSB_ASRS:avall
[3950/28084] ok=3776 last_latency=25.3s source=NTSB_ASRS:avall
[3960/28084] ok=3786 last_latency=30.4s source=NTSB_ASRS:avall
[3970/28084] ok=3796 last_latency=38.7s source=NTSB_ASRS:avall
[3980/28084] ok=3806 last_latency=25.8s source=NTSB_ASRS:avall
[3990/28084] ok=3816 last_latency=22.4s source=NTSB_ASRS:avall
[4000/28084] ok=3826 last_latency=21.5s source=NTSB_ASRS:avall
[4010/28084] ok=3836 last_latency=23.9s source=NTSB_ASRS:avall
[4020/28084] ok=3846 last_latency=32.1s source=NTSB_ASRS:avall
[4030/28084] ok=3856 last_latency=26.3s source=NTSB_ASRS:avall
[4040/28084] ok=3866 last_latency=23.7s source=NTSB_ASRS:avall
[4050/28084] ok=3876 last_latency=20.6s source=NTSB_ASRS:avall
[4060/28084] ok=3886 last_latency=24.9s source=NTSB_ASRS:avall
[4070/28084] ok=3896 last_latency=18.5s source=NTSB_ASRS:avall
[4080/28084] ok=3906 last_latency=23.2s source=NTSB_ASRS:avall
[4090/28084] ok=3916 last_latency=34.1s source=NTSB_ASRS:avall
[4100/28084] ok=3926 last_latency=24.2s source=NTSB_ASRS:avall
[4110/28084] ok=3936 last_latency=27.7s source=NTSB_ASRS:avall
[4120/28084] ok=3946 last_latency=33.7s source=NTSB_ASRS:avall
[4130/28084] ok=3955 last_latency=18.6s source=NTSB_ASRS:avall
[4140/28084] ok=3964 last_latency=28.0s source=NTSB_ASRS:avall
[4150/28084] ok=3974 last_latency=38.8s source=NTSB_ASRS:avall
[4160/28084] ok=3984 last_latency=31.1s source=NTSB_ASRS:avall
[4170/28084] ok=3994 last_latency=21.1s source=NTSB_ASRS:avall
[4180/28084] ok=4004 last_latency=25.0s source=NTSB_ASRS:avall
[4190/28084] ok=4014 last_latency=27.4s source=NTSB_ASRS:avall
[4200/28084] ok=4024 last_latency=19.3s source=NTSB_ASRS:avall
[4210/28084] ok=4034 last_latency=20.8s source=NTSB_ASRS:avall
[4220/28084] ok=4044 last_latency=20.7s source=NTSB_ASRS:avall
[4230/28084] ok=4054 last_latency=26.6s source=NTSB_ASRS:avall
[4240/28084] ok=4064 last_latency=27.4s source=NTSB_ASRS:avall
[4250/28084] ok=4074 last_latency=22.8s source=NTSB_ASRS:avall
[4260/28084] ok=4084 last_latency=22.3s source=NTSB_ASRS:avall
[4270/28084] ok=4094 last_latency=23.5s source=NTSB_ASRS:avall
[4280/28084] ok=4104 last_latency=23.4s source=NTSB_ASRS:avall
[4290/28084] ok=4114 last_latency=27.8s source=NTSB_ASRS:avall
[4300/28084] ok=4124 last_latency=19.1s source=NTSB_ASRS:avall
[4310/28084] ok=4134 last_latency=26.7s source=NTSB_ASRS:avall
[4320/28084] ok=4144 last_latency=16.3s source=NTSB_ASRS:avall
[4330/28084] ok=4154 last_latency=30.2s source=NTSB_ASRS:avall
[4340/28084] ok=4164 last_latency=28.0s source=NTSB_ASRS:avall
[4350/28084] ok=4174 last_latency=22.6s source=NTSB_ASRS:avall
[4360/28084] ok=4184 last_latency=31.4s source=NTSB_ASRS:avall
[4370/28084] ok=4194 last_latency=47.1s source=NTSB_ASRS:avall
[4380/28084] ok=4204 last_latency=20.7s source=NTSB_ASRS:avall
[4390/28084] ok=4214 last_latency=33.1s source=NTSB_ASRS:avall
[4400/28084] ok=4223 last_latency=13.8s source=NTSB_ASRS:avall
[4410/28084] ok=4233 last_latency=23.7s source=NTSB_ASRS:avall
[4420/28084] ok=4243 last_latency=20.4s source=NTSB_ASRS:avall
[4430/28084] ok=4253 last_latency=42.9s source=NTSB_ASRS:avall
[4440/28084] ok=4263 last_latency=25.2s source=NTSB_ASRS:avall
[4450/28084] ok=4273 last_latency=22.9s source=NTSB_ASRS:avall
[4460/28084] ok=4283 last_latency=27.0s source=NTSB_ASRS:avall
[4470/28084] ok=4293 last_latency=23.4s source=NTSB_ASRS:avall
[4480/28084] ok=4302 last_latency=27.5s source=NTSB_ASRS:avall
[4490/28084] ok=4312 last_latency=21.9s source=NTSB_ASRS:avall
[4500/28084] ok=4322 last_latency=26.4s source=NTSB_ASRS:avall
[4510/28084] ok=4332 last_latency=26.7s source=NTSB_ASRS:avall
[4520/28084] ok=4342 last_latency=26.4s source=NTSB_ASRS:avall
[4530/28084] ok=4352 last_latency=26.9s source=NTSB_ASRS:avall
[4540/28084] ok=4362 last_latency=25.1s source=NTSB_ASRS:avall
[4550/28084] ok=4371 last_latency=27.5s source=NTSB_ASRS:avall
[4560/28084] ok=4381 last_latency=28.7s source=NTSB_ASRS:avall
[4570/28084] ok=4391 last_latency=25.5s source=NTSB_ASRS:avall
[4580/28084] ok=4401 last_latency=22.5s source=NTSB_ASRS:avall
[4590/28084] ok=4411 last_latency=19.0s source=NTSB_ASRS:avall
[4600/28084] ok=4421 last_latency=21.4s source=NTSB_ASRS:avall
[4610/28084] ok=4431 last_latency=26.3s source=NTSB_ASRS:avall
[4620/28084] ok=4441 last_latency=19.2s source=NTSB_ASRS:avall
[4630/28084] ok=4451 last_latency=26.5s source=NTSB_ASRS:avall
[4640/28084] ok=4461 last_latency=15.6s source=NTSB_ASRS:avall
[4650/28084] ok=4471 last_latency=27.5s source=NTSB_ASRS:avall
[4660/28084] ok=4481 last_latency=22.3s source=NTSB_ASRS:avall
[4670/28084] ok=4491 last_latency=25.8s source=NTSB_ASRS:avall
[4680/28084] ok=4501 last_latency=26.7s source=NTSB_ASRS:avall
[4690/28084] ok=4511 last_latency=22.5s source=NTSB_ASRS:avall
[4700/28084] ok=4521 last_latency=30.0s source=NTSB_ASRS:avall
[4710/28084] ok=4531 last_latency=32.4s source=NTSB_ASRS:avall
[4720/28084] ok=4541 last_latency=27.5s source=NTSB_ASRS:avall
[4730/28084] ok=4551 last_latency=18.5s source=NTSB_ASRS:avall
[4740/28084] ok=4561 last_latency=22.0s source=NTSB_ASRS:avall
[4750/28084] ok=4571 last_latency=26.0s source=NTSB_ASRS:avall
[4760/28084] ok=4581 last_latency=22.2s source=NTSB_ASRS:avall
[4770/28084] ok=4591 last_latency=33.3s source=NTSB_ASRS:avall
[4780/28084] ok=4601 last_latency=31.7s source=NTSB_ASRS:avall
[4790/28084] ok=4611 last_latency=25.9s source=NTSB_ASRS:avall
[4800/28084] ok=4621 last_latency=31.6s source=NTSB_ASRS:avall
[4810/28084] ok=4631 last_latency=26.4s source=NTSB_ASRS:avall
[4820/28084] ok=4641 last_latency=25.0s source=NTSB_ASRS:avall
[4830/28084] ok=4651 last_latency=33.4s source=NTSB_ASRS:avall
[4840/28084] ok=4661 last_latency=22.8s source=NTSB_ASRS:avall
[4850/28084] ok=4671 last_latency=32.3s source=NTSB_ASRS:avall
[4860/28084] ok=4681 last_latency=30.8s source=NTSB_ASRS:avall
[4870/28084] ok=4691 last_latency=20.3s source=NTSB_ASRS:avall
[4880/28084] ok=4701 last_latency=22.8s source=NTSB_ASRS:avall
[4890/28084] ok=4711 last_latency=26.2s source=NTSB_ASRS:avall
[4900/28084] ok=4721 last_latency=22.7s source=NTSB_ASRS:avall
[4910/28084] ok=4731 last_latency=31.8s source=NTSB_ASRS:avall
[4920/28084] ok=4740 last_latency=21.9s source=NTSB_ASRS:avall
[4930/28084] ok=4750 last_latency=21.8s source=NTSB_ASRS:avall
[4940/28084] ok=4760 last_latency=26.5s source=NTSB_ASRS:avall
[4950/28084] ok=4770 last_latency=22.8s source=NTSB_ASRS:avall
[4960/28084] ok=4780 last_latency=20.5s source=NTSB_ASRS:avall
[4970/28084] ok=4790 last_latency=26.0s source=NTSB_ASRS:avall
[4980/28084] ok=4800 last_latency=28.8s source=NTSB_ASRS:avall
[4990/28084] ok=4810 last_latency=28.5s source=NTSB_ASRS:avall
[5000/28084] ok=4820 last_latency=21.6s source=NTSB_ASRS:avall
[5010/28084] ok=4830 last_latency=25.1s source=NTSB_ASRS:avall
[5020/28084] ok=4840 last_latency=23.7s source=NTSB_ASRS:avall
[5030/28084] ok=4850 last_latency=27.3s source=NTSB_ASRS:avall
[5040/28084] ok=4860 last_latency=15.7s source=NTSB_ASRS:avall
[5050/28084] ok=4870 last_latency=25.7s source=NTSB_ASRS:avall
[5060/28084] ok=4880 last_latency=18.2s source=NTSB_ASRS:avall
[5070/28084] ok=4890 last_latency=30.7s source=NTSB_ASRS:avall
[5080/28084] ok=4900 last_latency=24.9s source=NTSB_ASRS:avall
[5090/28084] ok=4910 last_latency=26.0s source=NTSB_ASRS:avall
[5100/28084] ok=4920 last_latency=25.3s source=NTSB_ASRS:avall
[5110/28084] ok=4929 last_latency=20.5s source=NTSB_ASRS:avall
[5120/28084] ok=4939 last_latency=26.4s source=NTSB_ASRS:avall
[5130/28084] ok=4949 last_latency=22.1s source=NTSB_ASRS:avall
[5140/28084] ok=4959 last_latency=39.5s source=NTSB_ASRS:avall
[5150/28084] ok=4969 last_latency=28.4s source=NTSB_ASRS:avall
[5160/28084] ok=4979 last_latency=24.9s source=NTSB_ASRS:avall
[5170/28084] ok=4989 last_latency=26.7s source=NTSB_ASRS:avall
[5180/28084] ok=4999 last_latency=27.9s source=NTSB_ASRS:avall
[5190/28084] ok=5009 last_latency=26.4s source=NTSB_ASRS:avall
[5200/28084] ok=5019 last_latency=23.1s source=NTSB_ASRS:avall
[5210/28084] ok=5029 last_latency=29.7s source=NTSB_ASRS:avall
[5220/28084] ok=5039 last_latency=23.6s source=NTSB_ASRS:avall
[5230/28084] ok=5049 last_latency=40.0s source=NTSB_ASRS:avall
[5240/28084] ok=5059 last_latency=28.5s source=NTSB_ASRS:avall
[5250/28084] ok=5069 last_latency=24.0s source=NTSB_ASRS:avall
[5260/28084] ok=5078 last_latency=29.0s source=NTSB_ASRS:avall
[5270/28084] ok=5088 last_latency=29.0s source=NTSB_ASRS:avall
[5280/28084] ok=5097 last_latency=24.5s source=NTSB_ASRS:avall
[5290/28084] ok=5107 last_latency=22.7s source=NTSB_ASRS:avall
[5300/28084] ok=5117 last_latency=25.2s source=NTSB_ASRS:avall
[5310/28084] ok=5127 last_latency=22.0s source=NTSB_ASRS:avall
[5320/28084] ok=5137 last_latency=24.6s source=NTSB_ASRS:avall
[5330/28084] ok=5147 last_latency=22.3s source=NTSB_ASRS:avall
[5340/28084] ok=5157 last_latency=28.1s source=NTSB_ASRS:avall
[5350/28084] ok=5167 last_latency=29.6s source=NTSB_ASRS:avall
[5360/28084] ok=5177 last_latency=32.6s source=NTSB_ASRS:avall
[5370/28084] ok=5187 last_latency=23.6s source=NTSB_ASRS:avall
[5380/28084] ok=5197 last_latency=23.4s source=NTSB_ASRS:avall
[5390/28084] ok=5207 last_latency=34.2s source=NTSB_ASRS:avall
[5400/28084] ok=5217 last_latency=24.0s source=NTSB_ASRS:avall
[5410/28084] ok=5227 last_latency=30.1s source=NTSB_ASRS:avall
[5420/28084] ok=5237 last_latency=25.2s source=NTSB_ASRS:avall
[5430/28084] ok=5246 last_latency=32.9s source=NTSB_ASRS:avall
[5440/28084] ok=5256 last_latency=23.0s source=NTSB_ASRS:avall
[5450/28084] ok=5266 last_latency=26.2s source=NTSB_ASRS:avall
[5460/28084] ok=5276 last_latency=20.1s source=NTSB_ASRS:avall
[5470/28084] ok=5286 last_latency=26.8s source=NTSB_ASRS:avall
[5480/28084] ok=5296 last_latency=31.6s source=NTSB_ASRS:avall
[5490/28084] ok=5306 last_latency=17.5s source=NTSB_ASRS:avall
[5500/28084] ok=5316 last_latency=29.9s source=NTSB_ASRS:avall
[5510/28084] ok=5326 last_latency=26.8s source=NTSB_ASRS:avall
[5520/28084] ok=5336 last_latency=29.1s source=NTSB_ASRS:avall
[5530/28084] ok=5346 last_latency=20.1s source=NTSB_ASRS:avall
[5540/28084] ok=5356 last_latency=31.1s source=NTSB_ASRS:avall
[5550/28084] ok=5366 last_latency=29.1s source=NTSB_ASRS:avall
[5560/28084] ok=5375 last_latency=22.5s source=NTSB_ASRS:avall
[5570/28084] ok=5385 last_latency=26.5s source=NTSB_ASRS:avall
[5580/28084] ok=5395 last_latency=26.5s source=NTSB_ASRS:avall
[5590/28084] ok=5405 last_latency=22.4s source=NTSB_ASRS:avall
[5600/28084] ok=5414 last_latency=21.8s source=NTSB_ASRS:avall
[5610/28084] ok=5424 last_latency=28.2s source=NTSB_ASRS:avall
[5620/28084] ok=5434 last_latency=20.7s source=NTSB_ASRS:avall
[5630/28084] ok=5444 last_latency=30.3s source=NTSB_ASRS:avall
[5640/28084] ok=5454 last_latency=23.7s source=NTSB_ASRS:avall
[5650/28084] ok=5464 last_latency=30.4s source=NTSB_ASRS:avall
[5660/28084] ok=5474 last_latency=22.5s source=NTSB_ASRS:avall
[5670/28084] ok=5484 last_latency=23.5s source=NTSB_ASRS:avall
[5680/28084] ok=5494 last_latency=37.6s source=NTSB_ASRS:avall
[5690/28084] ok=5504 last_latency=34.0s source=NTSB_ASRS:avall
[5700/28084] ok=5514 last_latency=22.5s source=NTSB_ASRS:avall
[5710/28084] ok=5524 last_latency=22.1s source=NTSB_ASRS:avall
[5720/28084] ok=5534 last_latency=22.2s source=NTSB_ASRS:avall
[5730/28084] ok=5544 last_latency=26.4s source=NTSB_ASRS:avall
[5740/28084] ok=5554 last_latency=19.2s source=NTSB_ASRS:avall
[5750/28084] ok=5564 last_latency=27.6s source=NTSB_ASRS:avall
[5760/28084] ok=5574 last_latency=23.5s source=NTSB_ASRS:avall
[5770/28084] ok=5584 last_latency=24.2s source=NTSB_ASRS:avall
[5780/28084] ok=5593 last_latency=21.7s source=NTSB_ASRS:avall
[5790/28084] ok=5603 last_latency=25.4s source=NTSB_ASRS:avall
[5800/28084] ok=5613 last_latency=37.5s source=NTSB_ASRS:avall
[5810/28084] ok=5623 last_latency=22.2s source=NTSB_ASRS:avall
[5820/28084] ok=5633 last_latency=33.9s source=NTSB_ASRS:avall
[5830/28084] ok=5643 last_latency=26.0s source=NTSB_ASRS:avall
[5840/28084] ok=5653 last_latency=22.7s source=NTSB_ASRS:avall
[5850/28084] ok=5663 last_latency=27.6s source=NTSB_ASRS:avall
[5860/28084] ok=5673 last_latency=24.3s source=NTSB_ASRS:avall
[5870/28084] ok=5683 last_latency=33.2s source=NTSB_ASRS:avall
[5880/28084] ok=5693 last_latency=23.7s source=NTSB_ASRS:avall
[5890/28084] ok=5703 last_latency=29.0s source=NTSB_ASRS:avall
[5900/28084] ok=5713 last_latency=26.4s source=NTSB_ASRS:avall
[5910/28084] ok=5723 last_latency=35.7s source=NTSB_ASRS:avall
[5920/28084] ok=5733 last_latency=21.4s source=NTSB_ASRS:avall
[5930/28084] ok=5743 last_latency=37.8s source=NTSB_ASRS:avall
[5940/28084] ok=5753 last_latency=26.6s source=NTSB_ASRS:avall
[5950/28084] ok=5763 last_latency=32.3s source=NTSB_ASRS:avall
[5960/28084] ok=5773 last_latency=16.4s source=NTSB_ASRS:avall
[5970/28084] ok=5783 last_latency=27.5s source=NTSB_ASRS:avall
[5980/28084] ok=5793 last_latency=14.0s source=NTSB_ASRS:avall
[5990/28084] ok=5803 last_latency=23.7s source=NTSB_ASRS:avall
[6000/28084] ok=5813 last_latency=21.1s source=NTSB_ASRS:avall
[6010/28084] ok=5822 last_latency=25.1s source=NTSB_ASRS:avall
[6020/28084] ok=5831 last_latency=28.1s source=NTSB_ASRS:avall
[6030/28084] ok=5841 last_latency=30.4s source=NTSB_ASRS:avall
[6040/28084] ok=5851 last_latency=22.2s source=NTSB_ASRS:avall
[6050/28084] ok=5861 last_latency=30.6s source=NTSB_ASRS:avall
[6060/28084] ok=5871 last_latency=29.6s source=NTSB_ASRS:avall
[6070/28084] ok=5881 last_latency=23.2s source=NTSB_ASRS:avall
[6080/28084] ok=5891 last_latency=22.4s source=NTSB_ASRS:avall
[6090/28084] ok=5901 last_latency=27.6s source=NTSB_ASRS:avall
[6100/28084] ok=5911 last_latency=23.9s source=NTSB_ASRS:avall
[6110/28084] ok=5921 last_latency=30.9s source=NTSB_ASRS:avall
[6120/28084] ok=5931 last_latency=30.4s source=NTSB_ASRS:avall
[6130/28084] ok=5941 last_latency=29.8s source=NTSB_ASRS:avall
[6140/28084] ok=5950 last_latency=23.8s source=NTSB_ASRS:avall
[6150/28084] ok=5960 last_latency=32.7s source=NTSB_ASRS:avall
[6160/28084] ok=5970 last_latency=28.3s source=NTSB_ASRS:avall
[6170/28084] ok=5980 last_latency=26.9s source=NTSB_ASRS:avall
[6180/28084] ok=5989 last_latency=27.4s source=NTSB_ASRS:avall
[6190/28084] ok=5999 last_latency=28.3s source=NTSB_ASRS:avall
[6200/28084] ok=6009 last_latency=23.3s source=NTSB_ASRS:avall
[6210/28084] ok=6019 last_latency=27.1s source=NTSB_ASRS:avall
[6220/28084] ok=6029 last_latency=24.2s source=NTSB_ASRS:avall
[6230/28084] ok=6039 last_latency=19.1s source=NTSB_ASRS:avall
[6240/28084] ok=6049 last_latency=26.9s source=NTSB_ASRS:avall
[6250/28084] ok=6059 last_latency=22.5s source=NTSB_ASRS:avall
[6260/28084] ok=6069 last_latency=28.1s source=NTSB_ASRS:avall
[6270/28084] ok=6079 last_latency=26.0s source=NTSB_ASRS:avall
[6280/28084] ok=6089 last_latency=21.1s source=NTSB_ASRS:avall
[6290/28084] ok=6099 last_latency=23.0s source=NTSB_ASRS:avall
[6300/28084] ok=6109 last_latency=25.7s source=NTSB_ASRS:avall
[6310/28084] ok=6119 last_latency=24.5s source=NTSB_ASRS:avall
[6320/28084] ok=6129 last_latency=20.8s source=NTSB_ASRS:avall
[6330/28084] ok=6139 last_latency=27.3s source=NTSB_ASRS:avall
[6340/28084] ok=6149 last_latency=22.6s source=NTSB_ASRS:avall
[6350/28084] ok=6159 last_latency=18.5s source=NTSB_ASRS:avall
[6360/28084] ok=6169 last_latency=23.3s source=NTSB_ASRS:avall
[6370/28084] ok=6179 last_latency=24.0s source=NTSB_ASRS:avall
[6380/28084] ok=6189 last_latency=30.2s source=NTSB_ASRS:avall
[6390/28084] ok=6199 last_latency=19.2s source=NTSB_ASRS:avall
[6400/28084] ok=6209 last_latency=29.7s source=NTSB_ASRS:avall
[6410/28084] ok=6219 last_latency=24.5s source=NTSB_ASRS:avall
[6420/28084] ok=6229 last_latency=22.9s source=NTSB_ASRS:avall
[6430/28084] ok=6239 last_latency=22.1s source=NTSB_ASRS:avall
[6440/28084] ok=6248 last_latency=27.3s source=NTSB_ASRS:avall
[6450/28084] ok=6258 last_latency=17.7s source=NTSB_ASRS:avall
[6460/28084] ok=6268 last_latency=20.3s source=NTSB_ASRS:avall
[6470/28084] ok=6278 last_latency=23.3s source=NTSB_ASRS:avall
[6480/28084] ok=6288 last_latency=25.9s source=NTSB_ASRS:avall
[6490/28084] ok=6298 last_latency=22.8s source=NTSB_ASRS:avall
[6500/28084] ok=6308 last_latency=23.9s source=NTSB_ASRS:avall
[6510/28084] ok=6318 last_latency=22.0s source=NTSB_ASRS:avall
[6520/28084] ok=6328 last_latency=20.1s source=NTSB_ASRS:avall
[6530/28084] ok=6338 last_latency=20.8s source=NTSB_ASRS:avall
[6540/28084] ok=6348 last_latency=27.1s source=NTSB_ASRS:avall
[6550/28084] ok=6358 last_latency=31.0s source=NTSB_ASRS:avall
[6560/28084] ok=6367 last_latency=22.6s source=NTSB_ASRS:avall
[6570/28084] ok=6377 last_latency=33.8s source=NTSB_ASRS:avall
[6580/28084] ok=6387 last_latency=23.7s source=NTSB_ASRS:avall
[6590/28084] ok=6397 last_latency=25.2s source=NTSB_ASRS:avall
[6600/28084] ok=6407 last_latency=20.3s source=NTSB_ASRS:avall
[6610/28084] ok=6417 last_latency=23.5s source=NTSB_ASRS:avall
[6620/28084] ok=6427 last_latency=21.1s source=NTSB_ASRS:avall
[6630/28084] ok=6437 last_latency=27.3s source=NTSB_ASRS:avall
[6640/28084] ok=6447 last_latency=20.3s source=NTSB_ASRS:avall
[6650/28084] ok=6457 last_latency=31.4s source=NTSB_ASRS:avall
[6660/28084] ok=6467 last_latency=27.0s source=NTSB_ASRS:avall
[6670/28084] ok=6477 last_latency=32.6s source=NTSB_ASRS:avall
[6680/28084] ok=6487 last_latency=20.7s source=NTSB_ASRS:avall
[6690/28084] ok=6497 last_latency=22.9s source=NTSB_ASRS:avall
[6700/28084] ok=6507 last_latency=24.6s source=NTSB_ASRS:avall
[6710/28084] ok=6517 last_latency=21.8s source=NTSB_ASRS:avall
[6720/28084] ok=6527 last_latency=31.5s source=NTSB_ASRS:avall
[6730/28084] ok=6537 last_latency=30.7s source=NTSB_ASRS:avall
[6740/28084] ok=6547 last_latency=23.9s source=NTSB_ASRS:avall
[6750/28084] ok=6557 last_latency=15.6s source=NTSB_ASRS:avall
[6760/28084] ok=6567 last_latency=28.5s source=NTSB_ASRS:avall
[6770/28084] ok=6577 last_latency=25.8s source=NTSB_ASRS:avall
[6780/28084] ok=6587 last_latency=32.7s source=NTSB_ASRS:avall
[6790/28084] ok=6596 last_latency=33.4s source=NTSB_ASRS:avall
[6800/28084] ok=6606 last_latency=16.6s source=NTSB_ASRS:avall
[6810/28084] ok=6616 last_latency=25.9s source=NTSB_ASRS:avall
[6820/28084] ok=6626 last_latency=21.9s source=NTSB_ASRS:avall
[6830/28084] ok=6636 last_latency=21.4s source=NTSB_ASRS:avall
[6840/28084] ok=6645 last_latency=22.4s source=NTSB_ASRS:avall
[6850/28084] ok=6655 last_latency=26.6s source=NTSB_ASRS:avall
[6860/28084] ok=6665 last_latency=30.7s source=NTSB_ASRS:avall
[6870/28084] ok=6675 last_latency=30.2s source=NTSB_ASRS:avall
[6880/28084] ok=6685 last_latency=23.0s source=NTSB_ASRS:avall
[6890/28084] ok=6695 last_latency=14.1s source=NTSB_ASRS:avall
[6900/28084] ok=6705 last_latency=38.1s source=NTSB_ASRS:avall
[6910/28084] ok=6715 last_latency=20.1s source=NTSB_ASRS:avall
[6920/28084] ok=6725 last_latency=25.8s source=NTSB_ASRS:avall
[6930/28084] ok=6735 last_latency=31.8s source=NTSB_ASRS:avall
[6940/28084] ok=6745 last_latency=20.2s source=NTSB_ASRS:avall
[6950/28084] ok=6755 last_latency=23.6s source=NTSB_ASRS:avall
[6960/28084] ok=6765 last_latency=19.6s source=NTSB_ASRS:avall
[6970/28084] ok=6775 last_latency=26.2s source=NTSB_ASRS:avall
[6980/28084] ok=6785 last_latency=21.2s source=NTSB_ASRS:avall
[6990/28084] ok=6795 last_latency=26.2s source=NTSB_ASRS:avall
[7000/28084] ok=6804 last_latency=23.8s source=NTSB_ASRS:avall
[7010/28084] ok=6814 last_latency=19.6s source=NTSB_ASRS:avall
[7020/28084] ok=6824 last_latency=22.1s source=NTSB_ASRS:avall
[7030/28084] ok=6834 last_latency=24.3s source=NTSB_ASRS:avall
[7040/28084] ok=6844 last_latency=28.8s source=NTSB_ASRS:avall
[7050/28084] ok=6854 last_latency=25.9s source=NTSB_ASRS:avall
[7060/28084] ok=6864 last_latency=26.5s source=NTSB_ASRS:avall
[7070/28084] ok=6874 last_latency=22.9s source=NTSB_ASRS:avall
[7080/28084] ok=6884 last_latency=30.5s source=NTSB_ASRS:avall
[7090/28084] ok=6894 last_latency=22.8s source=NTSB_ASRS:avall
[7100/28084] ok=6904 last_latency=32.2s source=NTSB_ASRS:avall
[7110/28084] ok=6914 last_latency=19.7s source=NTSB_ASRS:avall
[7120/28084] ok=6924 last_latency=32.9s source=NTSB_ASRS:avall
[7130/28084] ok=6934 last_latency=16.4s source=NTSB_ASRS:avall
[7140/28084] ok=6944 last_latency=48.7s source=NTSB_ASRS:avall
[7150/28084] ok=6953 last_latency=35.8s source=NTSB_ASRS:avall
[7160/28084] ok=6963 last_latency=18.3s source=NTSB_ASRS:avall
[7170/28084] ok=6973 last_latency=26.5s source=NTSB_ASRS:avall
[7180/28084] ok=6983 last_latency=23.4s source=NTSB_ASRS:avall
[7190/28084] ok=6993 last_latency=22.6s source=NTSB_ASRS:avall
[7200/28084] ok=7003 last_latency=30.6s source=NTSB_ASRS:avall
[7210/28084] ok=7013 last_latency=29.2s source=NTSB_ASRS:avall
[7220/28084] ok=7023 last_latency=22.5s source=NTSB_ASRS:avall
[7230/28084] ok=7033 last_latency=30.5s source=NTSB_ASRS:avall
[7240/28084] ok=7043 last_latency=38.5s source=NTSB_ASRS:avall
[7250/28084] ok=7053 last_latency=27.0s source=NTSB_ASRS:avall
[7260/28084] ok=7063 last_latency=25.3s source=NTSB_ASRS:avall
[7270/28084] ok=7073 last_latency=19.9s source=NTSB_ASRS:avall
[7280/28084] ok=7083 last_latency=29.1s source=NTSB_ASRS:avall
[7290/28084] ok=7093 last_latency=24.9s source=NTSB_ASRS:avall
[7300/28084] ok=7103 last_latency=22.7s source=NTSB_ASRS:avall
[7310/28084] ok=7113 last_latency=26.6s source=NTSB_ASRS:avall
[7320/28084] ok=7123 last_latency=25.2s source=NTSB_ASRS:avall
[7330/28084] ok=7133 last_latency=31.8s source=NTSB_ASRS:avall
[7340/28084] ok=7143 last_latency=28.9s source=NTSB_ASRS:avall
[7350/28084] ok=7153 last_latency=20.8s source=NTSB_ASRS:avall
[7360/28084] ok=7163 last_latency=26.1s source=NTSB_ASRS:avall
[7370/28084] ok=7173 last_latency=24.2s source=NTSB_ASRS:avall
[7380/28084] ok=7183 last_latency=31.9s source=NTSB_ASRS:avall
[7390/28084] ok=7193 last_latency=26.7s source=NTSB_ASRS:avall
[7400/28084] ok=7203 last_latency=26.8s source=NTSB_ASRS:avall
[7410/28084] ok=7213 last_latency=26.3s source=NTSB_ASRS:avall
[7420/28084] ok=7223 last_latency=33.8s source=NTSB_ASRS:avall
[7430/28084] ok=7233 last_latency=20.2s source=NTSB_ASRS:avall
[7440/28084] ok=7242 last_latency=26.6s source=NTSB_ASRS:avall
[7450/28084] ok=7252 last_latency=21.6s source=NTSB_ASRS:avall
[7460/28084] ok=7262 last_latency=23.6s source=NTSB_ASRS:avall
[7470/28084] ok=7271 last_latency=21.7s source=NTSB_ASRS:avall
[7480/28084] ok=7281 last_latency=22.3s source=NTSB_ASRS:avall
[7490/28084] ok=7291 last_latency=21.8s source=NTSB_ASRS:avall
[7500/28084] ok=7301 last_latency=36.8s source=NTSB_ASRS:avall
[7510/28084] ok=7310 last_latency=20.2s source=NTSB_ASRS:avall
[7520/28084] ok=7320 last_latency=19.5s source=NTSB_ASRS:avall
[7530/28084] ok=7330 last_latency=28.4s source=NTSB_ASRS:avall
[7540/28084] ok=7340 last_latency=18.3s source=NTSB_ASRS:avall
[7550/28084] ok=7350 last_latency=24.0s source=NTSB_ASRS:avall
[7560/28084] ok=7360 last_latency=30.5s source=NTSB_ASRS:avall
[7570/28084] ok=7370 last_latency=26.7s source=NTSB_ASRS:avall
[7580/28084] ok=7380 last_latency=15.5s source=NTSB_ASRS:avall
[7590/28084] ok=7390 last_latency=31.5s source=NTSB_ASRS:avall
[7600/28084] ok=7400 last_latency=22.1s source=NTSB_ASRS:avall
[7610/28084] ok=7410 last_latency=22.0s source=NTSB_ASRS:avall
[7620/28084] ok=7420 last_latency=19.5s source=NTSB_ASRS:avall
[7630/28084] ok=7430 last_latency=27.1s source=NTSB_ASRS:avall
[7640/28084] ok=7440 last_latency=22.5s source=NTSB_ASRS:avall
[7650/28084] ok=7450 last_latency=26.2s source=NTSB_ASRS:avall
[7660/28084] ok=7460 last_latency=41.9s source=NTSB_ASRS:avall
[7670/28084] ok=7470 last_latency=14.4s source=NTSB_ASRS:avall
[7680/28084] ok=7480 last_latency=24.5s source=NTSB_ASRS:avall
[7690/28084] ok=7490 last_latency=23.4s source=NTSB_ASRS:avall
[7700/28084] ok=7500 last_latency=24.2s source=NTSB_ASRS:avall
[7710/28084] ok=7510 last_latency=24.8s source=NTSB_ASRS:avall
[7720/28084] ok=7520 last_latency=42.7s source=NTSB_ASRS:avall
[7730/28084] ok=7530 last_latency=33.5s source=NTSB_ASRS:avall
[7740/28084] ok=7540 last_latency=29.3s source=NTSB_ASRS:avall
[7750/28084] ok=7550 last_latency=35.5s source=NTSB_ASRS:avall
[7760/28084] ok=7560 last_latency=27.3s source=NTSB_ASRS:avall
[7770/28084] ok=7570 last_latency=29.7s source=NTSB_ASRS:avall
[7780/28084] ok=7580 last_latency=23.9s source=NTSB_ASRS:avall
[7790/28084] ok=7590 last_latency=29.2s source=NTSB_ASRS:avall
[7800/28084] ok=7600 last_latency=35.8s source=NTSB_ASRS:avall
[7810/28084] ok=7610 last_latency=25.9s source=NTSB_ASRS:avall
[7820/28084] ok=7620 last_latency=22.4s source=NTSB_ASRS:avall
[7830/28084] ok=7630 last_latency=24.2s source=NTSB_ASRS:avall
[7840/28084] ok=7640 last_latency=31.3s source=NTSB_ASRS:avall
[7850/28084] ok=7650 last_latency=23.8s source=NTSB_ASRS:avall
[7860/28084] ok=7660 last_latency=19.6s source=NTSB_ASRS:avall
[7870/28084] ok=7670 last_latency=32.9s source=NTSB_ASRS:avall
[7880/28084] ok=7680 last_latency=27.1s source=NTSB_ASRS:avall
[7890/28084] ok=7690 last_latency=33.2s source=NTSB_ASRS:avall
[7900/28084] ok=7700 last_latency=21.6s source=NTSB_ASRS:avall
[7910/28084] ok=7710 last_latency=15.8s source=NTSB_ASRS:avall
[7920/28084] ok=7720 last_latency=29.1s source=NTSB_ASRS:avall
[7930/28084] ok=7730 last_latency=17.9s source=NTSB_ASRS:avall
[7940/28084] ok=7740 last_latency=31.3s source=NTSB_ASRS:avall
[7950/28084] ok=7749 last_latency=25.5s source=NTSB_ASRS:avall
[7960/28084] ok=7759 last_latency=34.0s source=NTSB_ASRS:avall
[7970/28084] ok=7769 last_latency=23.7s source=NTSB_ASRS:avall
[7980/28084] ok=7779 last_latency=26.9s source=NTSB_ASRS:avall
[7990/28084] ok=7788 last_latency=24.5s source=NTSB_ASRS:avall
[8000/28084] ok=7798 last_latency=22.7s source=NTSB_ASRS:avall
[8010/28084] ok=7808 last_latency=25.0s source=NTSB_ASRS:avall
[8020/28084] ok=7818 last_latency=16.7s source=NTSB_ASRS:avall
[8030/28084] ok=7828 last_latency=29.2s source=NTSB_ASRS:avall
[8040/28084] ok=7838 last_latency=23.5s source=NTSB_ASRS:avall
[8050/28084] ok=7848 last_latency=28.0s source=NTSB_ASRS:avall
[8060/28084] ok=7857 last_latency=20.6s source=NTSB_ASRS:avall
[8070/28084] ok=7867 last_latency=25.9s source=NTSB_ASRS:avall
[8080/28084] ok=7877 last_latency=20.0s source=NTSB_ASRS:avall
[8090/28084] ok=7887 last_latency=32.2s source=NTSB_ASRS:avall
[8100/28084] ok=7897 last_latency=20.6s source=NTSB_ASRS:avall
[8110/28084] ok=7907 last_latency=26.4s source=NTSB_ASRS:avall
[8120/28084] ok=7917 last_latency=22.7s source=NTSB_ASRS:avall
[8130/28084] ok=7927 last_latency=22.9s source=NTSB_ASRS:avall
[8140/28084] ok=7937 last_latency=27.8s source=NTSB_ASRS:avall
[8150/28084] ok=7947 last_latency=30.4s source=NTSB_ASRS:avall
[8160/28084] ok=7957 last_latency=22.7s source=NTSB_ASRS:avall
[8170/28084] ok=7967 last_latency=31.8s source=NTSB_ASRS:avall
[8180/28084] ok=7977 last_latency=17.3s source=NTSB_ASRS:avall
[8190/28084] ok=7987 last_latency=30.2s source=NTSB_ASRS:avall
[8200/28084] ok=7997 last_latency=32.9s source=NTSB_ASRS:avall
[8210/28084] ok=8006 last_latency=19.9s source=NTSB_ASRS:avall
[8220/28084] ok=8015 last_latency=30.8s source=NTSB_ASRS:avall
[8230/28084] ok=8025 last_latency=23.9s source=NTSB_ASRS:avall
[8240/28084] ok=8035 last_latency=22.3s source=NTSB_ASRS:avall
[8250/28084] ok=8045 last_latency=22.5s source=NTSB_ASRS:avall
[8260/28084] ok=8055 last_latency=23.4s source=NTSB_ASRS:avall
[8270/28084] ok=8065 last_latency=30.6s source=NTSB_ASRS:avall
[8280/28084] ok=8075 last_latency=30.5s source=NTSB_ASRS:avall
[8290/28084] ok=8085 last_latency=27.0s source=NTSB_ASRS:avall
[8300/28084] ok=8095 last_latency=22.7s source=NTSB_ASRS:avall
[8310/28084] ok=8105 last_latency=29.3s source=NTSB_ASRS:avall
[8320/28084] ok=8115 last_latency=33.1s source=NTSB_ASRS:avall
[8330/28084] ok=8125 last_latency=22.9s source=NTSB_ASRS:avall
[8340/28084] ok=8135 last_latency=34.4s source=NTSB_ASRS:avall
[8350/28084] ok=8145 last_latency=22.6s source=NTSB_ASRS:avall
[8360/28084] ok=8155 last_latency=29.5s source=NTSB_ASRS:avall
[8370/28084] ok=8165 last_latency=24.1s source=NTSB_ASRS:avall
[8380/28084] ok=8175 last_latency=25.7s source=NTSB_ASRS:avall
[8390/28084] ok=8185 last_latency=14.3s source=NTSB_ASRS:avall
[8400/28084] ok=8195 last_latency=19.1s source=NTSB_ASRS:avall
[8410/28084] ok=8205 last_latency=20.7s source=NTSB_ASRS:avall
[8420/28084] ok=8215 last_latency=23.9s source=NTSB_ASRS:avall
[8430/28084] ok=8225 last_latency=28.1s source=NTSB_ASRS:avall
[8440/28084] ok=8235 last_latency=25.8s source=NTSB_ASRS:avall
[8450/28084] ok=8245 last_latency=27.6s source=NTSB_ASRS:avall
[8460/28084] ok=8255 last_latency=26.0s source=NTSB_ASRS:avall
[8470/28084] ok=8265 last_latency=18.0s source=NTSB_ASRS:avall
[8480/28084] ok=8275 last_latency=19.5s source=NTSB_ASRS:avall
[8490/28084] ok=8285 last_latency=27.5s source=NTSB_ASRS:avall
[8500/28084] ok=8295 last_latency=24.2s source=NTSB_ASRS:avall
[8510/28084] ok=8305 last_latency=19.5s source=NTSB_ASRS:avall
[8520/28084] ok=8315 last_latency=29.2s source=NTSB_ASRS:avall
[8530/28084] ok=8325 last_latency=24.4s source=NTSB_ASRS:avall
[8540/28084] ok=8335 last_latency=30.1s source=NTSB_ASRS:avall
[8550/28084] ok=8345 last_latency=39.3s source=NTSB_ASRS:avall
[8560/28084] ok=8355 last_latency=22.1s source=NTSB_ASRS:avall
[8570/28084] ok=8365 last_latency=33.4s source=NTSB_ASRS:avall
[8580/28084] ok=8374 last_latency=31.5s source=NTSB_ASRS:avall
[8590/28084] ok=8384 last_latency=24.2s source=NTSB_ASRS:avall
[8600/28084] ok=8394 last_latency=13.3s source=NTSB_ASRS:avall
[8610/28084] ok=8404 last_latency=34.1s source=NTSB_ASRS:avall
[8620/28084] ok=8414 last_latency=22.0s source=NTSB_ASRS:avall
[8630/28084] ok=8424 last_latency=22.6s source=NTSB_ASRS:avall
[8640/28084] ok=8434 last_latency=22.4s source=NTSB_ASRS:avall
[8650/28084] ok=8444 last_latency=32.1s source=NTSB_ASRS:avall
[8660/28084] ok=8454 last_latency=28.7s source=NTSB_ASRS:avall
[8670/28084] ok=8464 last_latency=23.2s source=NTSB_ASRS:avall
[8680/28084] ok=8474 last_latency=38.2s source=NTSB_ASRS:avall
[8690/28084] ok=8484 last_latency=27.3s source=NTSB_ASRS:avall
[8700/28084] ok=8494 last_latency=26.1s source=NTSB_ASRS:avall
[8710/28084] ok=8504 last_latency=26.9s source=NTSB_ASRS:avall
[8720/28084] ok=8514 last_latency=24.5s source=NTSB_ASRS:avall
[8730/28084] ok=8524 last_latency=34.8s source=NTSB_ASRS:avall
[8740/28084] ok=8534 last_latency=35.9s source=NTSB_ASRS:avall
[8750/28084] ok=8544 last_latency=20.0s source=NTSB_ASRS:avall
[8760/28084] ok=8554 last_latency=25.9s source=NTSB_ASRS:avall
[8770/28084] ok=8564 last_latency=24.4s source=NTSB_ASRS:avall
[8780/28084] ok=8574 last_latency=25.8s source=NTSB_ASRS:avall
[8790/28084] ok=8584 last_latency=32.1s source=NTSB_ASRS:avall
[8800/28084] ok=8594 last_latency=30.8s source=NTSB_ASRS:avall
[8810/28084] ok=8604 last_latency=23.8s source=NTSB_ASRS:avall
[8820/28084] ok=8614 last_latency=26.7s source=NTSB_ASRS:avall
[8830/28084] ok=8624 last_latency=15.8s source=NTSB_ASRS:avall
[8840/28084] ok=8634 last_latency=25.3s source=NTSB_ASRS:avall
[8850/28084] ok=8644 last_latency=19.8s source=NTSB_ASRS:avall
[8860/28084] ok=8654 last_latency=41.5s source=NTSB_ASRS:avall
[8870/28084] ok=8664 last_latency=24.1s source=NTSB_ASRS:avall
[8880/28084] ok=8674 last_latency=29.7s source=NTSB_ASRS:avall
[8890/28084] ok=8684 last_latency=26.9s source=NTSB_ASRS:avall
[8900/28084] ok=8693 last_latency=20.2s source=NTSB_ASRS:avall
[8910/28084] ok=8703 last_latency=23.6s source=NTSB_ASRS:avall
[8920/28084] ok=8713 last_latency=25.4s source=NTSB_ASRS:avall
[8930/28084] ok=8723 last_latency=17.6s source=NTSB_ASRS:avall
[8940/28084] ok=8733 last_latency=23.6s source=NTSB_ASRS:avall
[8950/28084] ok=8743 last_latency=23.8s source=NTSB_ASRS:avall
[8960/28084] ok=8753 last_latency=26.8s source=NTSB_ASRS:avall
[8970/28084] ok=8763 last_latency=22.9s source=NTSB_ASRS:avall
[8980/28084] ok=8773 last_latency=14.0s source=NTSB_ASRS:avall
[8990/28084] ok=8783 last_latency=34.8s source=NTSB_ASRS:avall
[9000/28084] ok=8793 last_latency=30.6s source=NTSB_ASRS:avall
[9010/28084] ok=8802 last_latency=22.5s source=NTSB_ASRS:avall
[9020/28084] ok=8812 last_latency=44.6s source=NTSB_ASRS:avall
[9030/28084] ok=8822 last_latency=27.1s source=NTSB_ASRS:avall
[9040/28084] ok=8832 last_latency=32.9s source=NTSB_ASRS:avall
[9050/28084] ok=8842 last_latency=24.5s source=NTSB_ASRS:avall
[9060/28084] ok=8852 last_latency=26.9s source=NTSB_ASRS:avall
[9070/28084] ok=8861 last_latency=20.9s source=NTSB_ASRS:avall
[9080/28084] ok=8871 last_latency=26.5s source=NTSB_ASRS:avall
[9090/28084] ok=8880 last_latency=25.5s source=NTSB_ASRS:avall
[9100/28084] ok=8890 last_latency=26.2s source=NTSB_ASRS:avall
[9110/28084] ok=8900 last_latency=27.3s source=NTSB_ASRS:avall
[9120/28084] ok=8910 last_latency=32.0s source=NTSB_ASRS:avall
[9130/28084] ok=8920 last_latency=25.6s source=NTSB_ASRS:avall
[9140/28084] ok=8930 last_latency=38.0s source=NTSB_ASRS:avall
[9150/28084] ok=8940 last_latency=31.2s source=NTSB_ASRS:avall
[9160/28084] ok=8950 last_latency=20.2s source=NTSB_ASRS:avall
[9170/28084] ok=8960 last_latency=19.0s source=NTSB_ASRS:avall
[9180/28084] ok=8970 last_latency=28.0s source=NTSB_ASRS:avall
[9190/28084] ok=8980 last_latency=22.3s source=NTSB_ASRS:avall
[9200/28084] ok=8990 last_latency=14.6s source=NTSB_ASRS:avall
[9210/28084] ok=9000 last_latency=22.0s source=NTSB_ASRS:avall
[9220/28084] ok=9010 last_latency=25.4s source=NTSB_ASRS:avall
[9230/28084] ok=9020 last_latency=24.9s source=NTSB_ASRS:avall
[9240/28084] ok=9030 last_latency=29.4s source=NTSB_ASRS:avall
[9250/28084] ok=9040 last_latency=36.9s source=NTSB_ASRS:avall
[9260/28084] ok=9050 last_latency=27.7s source=NTSB_ASRS:avall
[9270/28084] ok=9060 last_latency=26.6s source=NTSB_ASRS:avall
[9280/28084] ok=9070 last_latency=34.5s source=NTSB_ASRS:avall
[9290/28084] ok=9080 last_latency=28.3s source=NTSB_ASRS:avall
[9300/28084] ok=9090 last_latency=28.6s source=NTSB_ASRS:avall
[9310/28084] ok=9100 last_latency=22.0s source=NTSB_ASRS:avall
[9320/28084] ok=9110 last_latency=36.9s source=NTSB_ASRS:avall
[9330/28084] ok=9120 last_latency=24.0s source=NTSB_ASRS:avall
[9340/28084] ok=9130 last_latency=24.2s source=NTSB_ASRS:avall
[9350/28084] ok=9140 last_latency=23.3s source=NTSB_ASRS:avall
[9360/28084] ok=9150 last_latency=12.9s source=NTSB_ASRS:avall
[9370/28084] ok=9160 last_latency=28.8s source=NTSB_ASRS:avall
[9380/28084] ok=9170 last_latency=20.5s source=NTSB_ASRS:avall
[9390/28084] ok=9180 last_latency=26.8s source=NTSB_ASRS:avall
[9400/28084] ok=9190 last_latency=22.5s source=NTSB_ASRS:avall
[9410/28084] ok=9198 last_latency=24.3s source=NTSB_ASRS:avall
[9420/28084] ok=9208 last_latency=21.7s source=NTSB_ASRS:avall
[9430/28084] ok=9218 last_latency=26.9s source=NTSB_ASRS:avall
[9440/28084] ok=9228 last_latency=17.9s source=NTSB_ASRS:avall
[9450/28084] ok=9238 last_latency=32.0s source=NTSB_ASRS:avall
[9460/28084] ok=9247 last_latency=23.0s source=NTSB_ASRS:avall
[9470/28084] ok=9257 last_latency=24.2s source=NTSB_ASRS:avall
[9480/28084] ok=9267 last_latency=23.3s source=NTSB_ASRS:avall
[9490/28084] ok=9277 last_latency=32.7s source=NTSB_ASRS:avall
[9500/28084] ok=9287 last_latency=31.7s source=NTSB_ASRS:avall
[9510/28084] ok=9297 last_latency=21.8s source=NTSB_ASRS:avall
[9520/28084] ok=9307 last_latency=26.8s source=NTSB_ASRS:avall
[9530/28084] ok=9316 last_latency=22.7s source=NTSB_ASRS:avall
[9540/28084] ok=9326 last_latency=27.1s source=NTSB_ASRS:avall
[9550/28084] ok=9336 last_latency=25.1s source=NTSB_ASRS:avall
[9560/28084] ok=9346 last_latency=32.4s source=NTSB_ASRS:avall
[9570/28084] ok=9356 last_latency=27.5s source=NTSB_ASRS:avall
[9580/28084] ok=9366 last_latency=28.6s source=NTSB_ASRS:avall
[9590/28084] ok=9376 last_latency=36.0s source=NTSB_ASRS:avall
[9600/28084] ok=9386 last_latency=21.0s source=NTSB_ASRS:avall
[9610/28084] ok=9396 last_latency=24.6s source=NTSB_ASRS:avall
[9620/28084] ok=9406 last_latency=34.1s source=NTSB_ASRS:avall
[9630/28084] ok=9416 last_latency=22.3s source=NTSB_ASRS:avall
[9640/28084] ok=9426 last_latency=22.3s source=NTSB_ASRS:avall
[9650/28084] ok=9436 last_latency=27.9s source=NTSB_ASRS:avall
[9660/28084] ok=9446 last_latency=24.0s source=NTSB_ASRS:avall
[9670/28084] ok=9456 last_latency=30.1s source=NTSB_ASRS:avall
[9680/28084] ok=9466 last_latency=27.6s source=NTSB_ASRS:avall
[9690/28084] ok=9476 last_latency=27.9s source=NTSB_ASRS:avall
[9700/28084] ok=9486 last_latency=22.3s source=NTSB_ASRS:avall
[9710/28084] ok=9496 last_latency=26.3s source=NTSB_ASRS:avall
[9720/28084] ok=9506 last_latency=27.3s source=NTSB_ASRS:avall
[9730/28084] ok=9516 last_latency=26.5s source=NTSB_ASRS:avall
[9740/28084] ok=9526 last_latency=16.4s source=NTSB_ASRS:avall
[9750/28084] ok=9536 last_latency=25.9s source=NTSB_ASRS:avall
[9760/28084] ok=9546 last_latency=28.2s source=NTSB_ASRS:avall
[9770/28084] ok=9556 last_latency=26.7s source=NTSB_ASRS:avall
[9780/28084] ok=9566 last_latency=27.4s source=NTSB_ASRS:avall
[9790/28084] ok=9576 last_latency=22.1s source=NTSB_ASRS:avall
[9800/28084] ok=9586 last_latency=24.1s source=NTSB_ASRS:avall
[9810/28084] ok=9596 last_latency=14.0s source=NTSB_ASRS:avall
[9820/28084] ok=9606 last_latency=31.7s source=NTSB_ASRS:avall
[9830/28084] ok=9616 last_latency=28.3s source=NTSB_ASRS:avall
[9840/28084] ok=9626 last_latency=18.6s source=NTSB_ASRS:avall
[9850/28084] ok=9636 last_latency=21.1s source=NTSB_ASRS:avall
[9860/28084] ok=9646 last_latency=33.5s source=NTSB_ASRS:avall
[9870/28084] ok=9656 last_latency=20.7s source=NTSB_ASRS:avall
[9880/28084] ok=9666 last_latency=14.6s source=NTSB_ASRS:avall
[9890/28084] ok=9676 last_latency=22.0s source=NTSB_ASRS:avall
[9900/28084] ok=9686 last_latency=25.4s source=NTSB_ASRS:avall
[9910/28084] ok=9696 last_latency=20.0s source=NTSB_ASRS:avall
[9920/28084] ok=9706 last_latency=25.6s source=NTSB_ASRS:avall
[9930/28084] ok=9716 last_latency=24.0s source=NTSB_ASRS:avall
[9940/28084] ok=9726 last_latency=30.9s source=NTSB_ASRS:avall
[9950/28084] ok=9736 last_latency=22.1s source=NTSB_ASRS:avall
[9960/28084] ok=9745 last_latency=25.6s source=NTSB_ASRS:avall
[9970/28084] ok=9755 last_latency=27.9s source=NTSB_ASRS:avall
[9980/28084] ok=9765 last_latency=27.4s source=NTSB_ASRS:avall
[9990/28084] ok=9775 last_latency=23.7s source=NTSB_ASRS:avall
[10000/28084] ok=9785 last_latency=23.3s source=NTSB_ASRS:avall
[10010/28084] ok=9795 last_latency=28.1s source=NTSB_ASRS:avall
[10020/28084] ok=9805 last_latency=20.2s source=NTSB_ASRS:avall
[10030/28084] ok=9815 last_latency=27.1s source=NTSB_ASRS:avall
[10040/28084] ok=9825 last_latency=22.6s source=NTSB_ASRS:avall
[10050/28084] ok=9835 last_latency=21.3s source=NTSB_ASRS:avall
[10060/28084] ok=9845 last_latency=28.0s source=NTSB_ASRS:avall
[10070/28084] ok=9855 last_latency=20.2s source=NTSB_ASRS:avall
[10080/28084] ok=9865 last_latency=32.9s source=NTSB_ASRS:avall
[10090/28084] ok=9875 last_latency=30.3s source=NTSB_ASRS:avall
[10100/28084] ok=9885 last_latency=13.3s source=NTSB_ASRS:avall
[10110/28084] ok=9895 last_latency=26.3s source=NTSB_ASRS:avall
[10120/28084] ok=9905 last_latency=31.8s source=NTSB_ASRS:avall
[10130/28084] ok=9915 last_latency=24.7s source=NTSB_ASRS:avall
[10140/28084] ok=9925 last_latency=29.2s source=NTSB_ASRS:avall
[10150/28084] ok=9935 last_latency=17.0s source=NTSB_ASRS:avall
[10160/28084] ok=9945 last_latency=28.1s source=NTSB_ASRS:avall
[10170/28084] ok=9955 last_latency=21.7s source=NTSB_ASRS:avall
[10180/28084] ok=9965 last_latency=22.1s source=NTSB_ASRS:avall
[10190/28084] ok=9974 last_latency=26.7s source=NTSB_ASRS:avall
[10200/28084] ok=9984 last_latency=20.9s source=NTSB_ASRS:avall
[10210/28084] ok=9994 last_latency=18.2s source=NTSB_ASRS:avall
[10220/28084] ok=10004 last_latency=29.7s source=NTSB_ASRS:avall
[10230/28084] ok=10014 last_latency=21.3s source=NTSB_ASRS:avall
[10240/28084] ok=10024 last_latency=26.3s source=NTSB_ASRS:avall
[10250/28084] ok=10034 last_latency=28.8s source=NTSB_ASRS:avall
[10260/28084] ok=10042 last_latency=25.2s source=NTSB_ASRS:avall
[10270/28084] ok=10052 last_latency=27.6s source=NTSB_ASRS:avall
[10280/28084] ok=10062 last_latency=39.1s source=NTSB_ASRS:avall
[10290/28084] ok=10072 last_latency=16.6s source=NTSB_ASRS:avall
[10300/28084] ok=10081 last_latency=15.0s source=NTSB_ASRS:avall
[10310/28084] ok=10091 last_latency=22.9s source=NTSB_ASRS:avall
[10320/28084] ok=10100 last_latency=36.9s source=NTSB_ASRS:avall
[10330/28084] ok=10110 last_latency=22.9s source=NTSB_ASRS:avall
[10340/28084] ok=10120 last_latency=34.2s source=NTSB_ASRS:avall
[10350/28084] ok=10129 last_latency=22.6s source=NTSB_ASRS:avall
[10360/28084] ok=10139 last_latency=21.7s source=NTSB_ASRS:avall
[10370/28084] ok=10149 last_latency=20.2s source=NTSB_ASRS:avall
[10380/28084] ok=10159 last_latency=15.9s source=NTSB_ASRS:avall
[10390/28084] ok=10169 last_latency=22.1s source=NTSB_ASRS:avall
[10400/28084] ok=10179 last_latency=19.9s source=NTSB_ASRS:avall
[10410/28084] ok=10189 last_latency=40.2s source=NTSB_ASRS:avall
[10420/28084] ok=10199 last_latency=24.7s source=NTSB_ASRS:avall
[10430/28084] ok=10209 last_latency=26.4s source=NTSB_ASRS:avall
[10440/28084] ok=10219 last_latency=20.1s source=NTSB_ASRS:avall
[10450/28084] ok=10229 last_latency=30.6s source=NTSB_ASRS:avall
[10460/28084] ok=10239 last_latency=22.0s source=NTSB_ASRS:avall
[10470/28084] ok=10249 last_latency=26.1s source=NTSB_ASRS:avall
[10480/28084] ok=10259 last_latency=30.8s source=NTSB_ASRS:avall
[10490/28084] ok=10269 last_latency=35.0s source=NTSB_ASRS:avall
[10500/28084] ok=10279 last_latency=22.2s source=NTSB_ASRS:avall
[10510/28084] ok=10289 last_latency=17.9s source=NTSB_ASRS:avall
[10520/28084] ok=10298 last_latency=32.5s source=NTSB_ASRS:avall
[10530/28084] ok=10308 last_latency=21.6s source=NTSB_ASRS:avall
[10540/28084] ok=10318 last_latency=34.0s source=NTSB_ASRS:avall
[10550/28084] ok=10328 last_latency=26.9s source=NTSB_ASRS:avall
[10560/28084] ok=10338 last_latency=26.6s source=NTSB_ASRS:avall
[10570/28084] ok=10348 last_latency=24.7s source=NTSB_ASRS:avall
[10580/28084] ok=10358 last_latency=33.5s source=NTSB_ASRS:avall
[10590/28084] ok=10368 last_latency=24.6s source=NTSB_ASRS:avall
[10600/28084] ok=10378 last_latency=26.5s source=NTSB_ASRS:avall
[10610/28084] ok=10388 last_latency=36.1s source=NTSB_ASRS:avall
[10620/28084] ok=10398 last_latency=22.6s source=NTSB_ASRS:avall
[10630/28084] ok=10408 last_latency=21.9s source=NTSB_ASRS:avall
[10640/28084] ok=10418 last_latency=29.6s source=NTSB_ASRS:avall
[10650/28084] ok=10428 last_latency=21.6s source=NTSB_ASRS:avall
[10660/28084] ok=10438 last_latency=23.7s source=NTSB_ASRS:avall
[10670/28084] ok=10448 last_latency=17.6s source=NTSB_ASRS:avall
[10680/28084] ok=10458 last_latency=32.4s source=NTSB_ASRS:avall
[10690/28084] ok=10468 last_latency=27.0s source=NTSB_ASRS:avall
[10700/28084] ok=10478 last_latency=20.6s source=NTSB_ASRS:avall
[10710/28084] ok=10488 last_latency=30.4s source=NTSB_ASRS:avall
[10720/28084] ok=10498 last_latency=33.1s source=NTSB_ASRS:avall
[10730/28084] ok=10508 last_latency=32.3s source=NTSB_ASRS:avall
[10740/28084] ok=10518 last_latency=21.8s source=NTSB_ASRS:avall
[10750/28084] ok=10528 last_latency=24.2s source=NTSB_ASRS:avall
[10760/28084] ok=10538 last_latency=22.0s source=NTSB_ASRS:avall
[10770/28084] ok=10548 last_latency=25.6s source=NTSB_ASRS:avall
[10780/28084] ok=10558 last_latency=22.4s source=NTSB_ASRS:avall
[10790/28084] ok=10568 last_latency=26.0s source=NTSB_ASRS:avall
[10800/28084] ok=10578 last_latency=25.9s source=NTSB_ASRS:avall
[10810/28084] ok=10588 last_latency=22.3s source=NTSB_ASRS:avall
[10820/28084] ok=10598 last_latency=29.1s source=NTSB_ASRS:avall
[10830/28084] ok=10608 last_latency=21.7s source=NTSB_ASRS:avall
[10840/28084] ok=10618 last_latency=26.1s source=NTSB_ASRS:avall
[10850/28084] ok=10628 last_latency=21.8s source=NTSB_ASRS:avall
[10860/28084] ok=10638 last_latency=21.0s source=NTSB_ASRS:avall
[10870/28084] ok=10648 last_latency=24.5s source=NTSB_ASRS:avall
[10880/28084] ok=10658 last_latency=19.6s source=NTSB_ASRS:avall
[10890/28084] ok=10668 last_latency=29.7s source=NTSB_ASRS:avall
[10900/28084] ok=10678 last_latency=28.9s source=NTSB_ASRS:avall
[10910/28084] ok=10688 last_latency=23.1s source=NTSB_ASRS:avall
[10920/28084] ok=10698 last_latency=24.6s source=NTSB_ASRS:avall
[10930/28084] ok=10708 last_latency=26.9s source=NTSB_ASRS:avall
[10940/28084] ok=10718 last_latency=23.6s source=NTSB_ASRS:avall
[10950/28084] ok=10728 last_latency=34.3s source=NTSB_ASRS:avall
[10960/28084] ok=10738 last_latency=26.7s source=NTSB_ASRS:avall
[10970/28084] ok=10748 last_latency=30.6s source=NTSB_ASRS:avall
[10980/28084] ok=10758 last_latency=20.7s source=NTSB_ASRS:avall
[10990/28084] ok=10768 last_latency=28.5s source=NTSB_ASRS:avall
[11000/28084] ok=10778 last_latency=27.8s source=NTSB_ASRS:avall
[11010/28084] ok=10788 last_latency=27.7s source=NTSB_ASRS:avall
[11020/28084] ok=10798 last_latency=18.3s source=NTSB_ASRS:avall
[11030/28084] ok=10808 last_latency=22.6s source=NTSB_ASRS:avall
[11040/28084] ok=10818 last_latency=26.7s source=NTSB_ASRS:avall
[11050/28084] ok=10828 last_latency=13.7s source=NTSB_ASRS:avall
[11060/28084] ok=10838 last_latency=17.7s source=NTSB_ASRS:avall
[11070/28084] ok=10848 last_latency=26.1s source=NTSB_ASRS:avall
[11080/28084] ok=10858 last_latency=38.5s source=NTSB_ASRS:avall
[11090/28084] ok=10868 last_latency=34.0s source=NTSB_ASRS:avall
[11100/28084] ok=10878 last_latency=23.9s source=NTSB_ASRS:avall
[11110/28084] ok=10888 last_latency=28.5s source=NTSB_ASRS:avall
[11120/28084] ok=10898 last_latency=26.8s source=NTSB_ASRS:avall
[11130/28084] ok=10908 last_latency=24.9s source=NTSB_ASRS:avall
[11140/28084] ok=10918 last_latency=24.7s source=NTSB_ASRS:avall
[11150/28084] ok=10928 last_latency=28.9s source=NTSB_ASRS:avall
[11160/28084] ok=10938 last_latency=20.1s source=NTSB_ASRS:avall
[11170/28084] ok=10948 last_latency=18.0s source=NTSB_ASRS:avall
[11180/28084] ok=10958 last_latency=30.0s source=NTSB_ASRS:avall
[11190/28084] ok=10968 last_latency=26.6s source=NTSB_ASRS:avall
[11200/28084] ok=10978 last_latency=30.0s source=NTSB_ASRS:avall
[11210/28084] ok=10988 last_latency=24.6s source=NTSB_ASRS:avall
[11220/28084] ok=10998 last_latency=25.7s source=NTSB_ASRS:avall
[11230/28084] ok=11007 last_latency=17.1s source=NTSB_ASRS:avall
[11240/28084] ok=11017 last_latency=30.4s source=NTSB_ASRS:avall
[11250/28084] ok=11027 last_latency=17.8s source=NTSB_ASRS:avall
[11260/28084] ok=11037 last_latency=18.3s source=NTSB_ASRS:avall
[11270/28084] ok=11047 last_latency=26.5s source=NTSB_ASRS:avall
[11280/28084] ok=11057 last_latency=27.6s source=NTSB_ASRS:avall
[11290/28084] ok=11067 last_latency=24.4s source=NTSB_ASRS:avall
[11300/28084] ok=11076 last_latency=21.6s source=NTSB_ASRS:avall
[11310/28084] ok=11086 last_latency=17.6s source=NTSB_ASRS:avall
[11320/28084] ok=11096 last_latency=28.9s source=NTSB_ASRS:avall
[11330/28084] ok=11106 last_latency=26.3s source=NTSB_ASRS:avall
[11340/28084] ok=11116 last_latency=19.5s source=NTSB_ASRS:avall
[11350/28084] ok=11125 last_latency=22.2s source=NTSB_ASRS:avall
[11360/28084] ok=11135 last_latency=24.8s source=NTSB_ASRS:avall
[11370/28084] ok=11145 last_latency=23.9s source=NTSB_ASRS:avall
[11380/28084] ok=11155 last_latency=22.3s source=NTSB_ASRS:avall
[11390/28084] ok=11165 last_latency=29.8s source=NTSB_ASRS:avall
[11400/28084] ok=11175 last_latency=33.7s source=NTSB_ASRS:avall
[11410/28084] ok=11185 last_latency=29.1s source=NTSB_ASRS:avall
[11420/28084] ok=11195 last_latency=22.1s source=NTSB_ASRS:avall
[11430/28084] ok=11205 last_latency=18.8s source=NTSB_ASRS:avall
[11440/28084] ok=11215 last_latency=24.3s source=NTSB_ASRS:avall
[11450/28084] ok=11225 last_latency=14.7s source=NTSB_ASRS:avall
[11460/28084] ok=11235 last_latency=30.1s source=NTSB_ASRS:avall
[11470/28084] ok=11245 last_latency=28.7s source=NTSB_ASRS:avall
[11480/28084] ok=11255 last_latency=24.0s source=NTSB_ASRS:avall
[11490/28084] ok=11265 last_latency=30.6s source=NTSB_ASRS:avall
[11500/28084] ok=11275 last_latency=29.5s source=NTSB_ASRS:avall
[11510/28084] ok=11285 last_latency=25.5s source=NTSB_ASRS:avall
[11520/28084] ok=11295 last_latency=17.7s source=NTSB_ASRS:avall
[11530/28084] ok=11305 last_latency=31.3s source=NTSB_ASRS:avall
[11540/28084] ok=11315 last_latency=23.9s source=NTSB_ASRS:avall
[11550/28084] ok=11325 last_latency=25.1s source=NTSB_ASRS:avall
[11560/28084] ok=11335 last_latency=30.0s source=NTSB_ASRS:avall
[11570/28084] ok=11345 last_latency=23.3s source=NTSB_ASRS:avall
[11580/28084] ok=11355 last_latency=21.5s source=NTSB_ASRS:avall
[11590/28084] ok=11365 last_latency=27.8s source=NTSB_ASRS:avall
[11600/28084] ok=11375 last_latency=37.7s source=NTSB_ASRS:avall
[11610/28084] ok=11385 last_latency=30.2s source=NTSB_ASRS:avall
[11620/28084] ok=11395 last_latency=32.4s source=NTSB_ASRS:avall
[11630/28084] ok=11404 last_latency=25.3s source=NTSB_ASRS:avall
[11640/28084] ok=11414 last_latency=23.9s source=NTSB_ASRS:avall
[11650/28084] ok=11424 last_latency=29.2s source=NTSB_ASRS:avall
[11660/28084] ok=11434 last_latency=26.4s source=NTSB_ASRS:avall
[11670/28084] ok=11443 last_latency=18.2s source=NTSB_ASRS:avall
[11680/28084] ok=11453 last_latency=24.1s source=NTSB_ASRS:avall
[11690/28084] ok=11463 last_latency=25.0s source=NTSB_ASRS:avall
[11700/28084] ok=11473 last_latency=26.0s source=NTSB_ASRS:avall
[11710/28084] ok=11483 last_latency=29.1s source=NTSB_ASRS:avall
[11720/28084] ok=11493 last_latency=18.0s source=NTSB_ASRS:avall
[11730/28084] ok=11503 last_latency=34.1s source=NTSB_ASRS:avall
[11740/28084] ok=11513 last_latency=34.1s source=NTSB_ASRS:avall
[11750/28084] ok=11522 last_latency=34.1s source=NTSB_ASRS:avall
[11760/28084] ok=11532 last_latency=23.7s source=NTSB_ASRS:avall
[11770/28084] ok=11542 last_latency=17.7s source=NTSB_ASRS:avall
[11780/28084] ok=11552 last_latency=30.0s source=NTSB_ASRS:avall
[11790/28084] ok=11562 last_latency=23.9s source=NTSB_ASRS:avall
[11800/28084] ok=11572 last_latency=32.4s source=NTSB_ASRS:avall
[11810/28084] ok=11582 last_latency=29.1s source=NTSB_ASRS:avall
[11820/28084] ok=11592 last_latency=33.1s source=NTSB_ASRS:avall
[11830/28084] ok=11601 last_latency=24.9s source=NTSB_ASRS:avall
[11840/28084] ok=11611 last_latency=18.6s source=NTSB_ASRS:avall
[11850/28084] ok=11621 last_latency=19.1s source=NTSB_ASRS:avall
[11860/28084] ok=11631 last_latency=21.6s source=NTSB_ASRS:avall
[11870/28084] ok=11641 last_latency=30.7s source=NTSB_ASRS:avall
[11880/28084] ok=11651 last_latency=18.2s source=NTSB_ASRS:avall
[11890/28084] ok=11661 last_latency=26.0s source=NTSB_ASRS:avall
[11900/28084] ok=11671 last_latency=24.2s source=NTSB_ASRS:avall
[11910/28084] ok=11681 last_latency=23.8s source=NTSB_ASRS:avall
[11920/28084] ok=11691 last_latency=24.7s source=NTSB_ASRS:avall
[11930/28084] ok=11701 last_latency=22.2s source=NTSB_ASRS:avall
[11940/28084] ok=11711 last_latency=29.2s source=NTSB_ASRS:avall
[11950/28084] ok=11721 last_latency=33.9s source=NTSB_ASRS:avall
[11960/28084] ok=11731 last_latency=28.7s source=NTSB_ASRS:avall
[11970/28084] ok=11740 last_latency=22.3s source=NTSB_ASRS:avall
[11980/28084] ok=11750 last_latency=25.9s source=NTSB_ASRS:avall
[11990/28084] ok=11760 last_latency=26.0s source=NTSB_ASRS:avall
[12000/28084] ok=11770 last_latency=30.3s source=NTSB_ASRS:avall
[12010/28084] ok=11780 last_latency=18.6s source=NTSB_ASRS:avall
[12020/28084] ok=11790 last_latency=29.4s source=NTSB_ASRS:avall
[12030/28084] ok=11800 last_latency=29.9s source=NTSB_ASRS:avall
[12040/28084] ok=11810 last_latency=27.3s source=NTSB_ASRS:avall
[12050/28084] ok=11820 last_latency=27.2s source=NTSB_ASRS:avall
[12060/28084] ok=11830 last_latency=25.7s source=NTSB_ASRS:avall
[12070/28084] ok=11840 last_latency=22.5s source=NTSB_ASRS:avall
[12080/28084] ok=11850 last_latency=29.3s source=NTSB_ASRS:avall
[12090/28084] ok=11859 last_latency=33.8s source=NTSB_ASRS:avall
[12100/28084] ok=11869 last_latency=25.9s source=NTSB_ASRS:avall
[12110/28084] ok=11879 last_latency=35.3s source=NTSB_ASRS:avall
[12120/28084] ok=11889 last_latency=27.5s source=NTSB_ASRS:avall
[12130/28084] ok=11898 last_latency=21.1s source=NTSB_ASRS:avall
[12140/28084] ok=11908 last_latency=27.1s source=NTSB_ASRS:avall
[12150/28084] ok=11918 last_latency=32.7s source=NTSB_ASRS:avall
[12160/28084] ok=11928 last_latency=25.3s source=NTSB_ASRS:avall
[12170/28084] ok=11938 last_latency=28.6s source=NTSB_ASRS:avall
[12180/28084] ok=11948 last_latency=28.9s source=NTSB_ASRS:avall
[12190/28084] ok=11958 last_latency=28.2s source=NTSB_ASRS:avall
[12200/28084] ok=11968 last_latency=26.3s source=NTSB_ASRS:avall
[12210/28084] ok=11978 last_latency=26.5s source=NTSB_ASRS:avall
[12220/28084] ok=11988 last_latency=28.4s source=NTSB_ASRS:avall
[12230/28084] ok=11998 last_latency=17.9s source=NTSB_ASRS:avall
[12240/28084] ok=12008 last_latency=22.5s source=NTSB_ASRS:avall
[12250/28084] ok=12018 last_latency=35.6s source=NTSB_ASRS:avall
[12260/28084] ok=12028 last_latency=18.7s source=NTSB_ASRS:avall
[12270/28084] ok=12037 last_latency=26.2s source=NTSB_ASRS:avall
[12280/28084] ok=12047 last_latency=24.9s source=NTSB_ASRS:avall
[12290/28084] ok=12057 last_latency=21.1s source=NTSB_ASRS:avall
[12300/28084] ok=12067 last_latency=41.4s source=NTSB_ASRS:avall
[12310/28084] ok=12077 last_latency=28.4s source=NTSB_ASRS:avall
[12320/28084] ok=12087 last_latency=24.7s source=NTSB_ASRS:avall
[12330/28084] ok=12097 last_latency=29.1s source=NTSB_ASRS:avall
[12340/28084] ok=12107 last_latency=28.5s source=NTSB_ASRS:avall
[12350/28084] ok=12117 last_latency=17.0s source=NTSB_ASRS:avall
[12360/28084] ok=12126 last_latency=29.3s source=NTSB_ASRS:avall
[12370/28084] ok=12135 last_latency=23.3s source=NTSB_ASRS:avall
[12380/28084] ok=12145 last_latency=27.5s source=NTSB_ASRS:avall
[12390/28084] ok=12154 last_latency=28.9s source=NTSB_ASRS:avall
[12400/28084] ok=12164 last_latency=22.8s source=NTSB_ASRS:avall
[12410/28084] ok=12174 last_latency=25.1s source=NTSB_ASRS:avall
[12420/28084] ok=12184 last_latency=24.3s source=NTSB_ASRS:avall
[12430/28084] ok=12193 last_latency=26.9s source=NTSB_ASRS:avall
[12440/28084] ok=12203 last_latency=22.5s source=NTSB_ASRS:avall
[12450/28084] ok=12213 last_latency=31.8s source=NTSB_ASRS:avall
[12460/28084] ok=12223 last_latency=18.4s source=NTSB_ASRS:avall
[12470/28084] ok=12233 last_latency=23.9s source=NTSB_ASRS:avall
[12480/28084] ok=12243 last_latency=29.3s source=NTSB_ASRS:avall
[12490/28084] ok=12252 last_latency=20.4s source=NTSB_ASRS:avall
[12500/28084] ok=12262 last_latency=25.6s source=NTSB_ASRS:avall
[12510/28084] ok=12272 last_latency=27.7s source=NTSB_ASRS:avall
[12520/28084] ok=12282 last_latency=30.4s source=NTSB_ASRS:avall
[12530/28084] ok=12292 last_latency=23.7s source=NTSB_ASRS:avall
[12540/28084] ok=12302 last_latency=20.9s source=NTSB_ASRS:avall
[12550/28084] ok=12312 last_latency=31.7s source=NTSB_ASRS:avall
[12560/28084] ok=12322 last_latency=36.6s source=NTSB_ASRS:avall
[12570/28084] ok=12332 last_latency=17.3s source=NTSB_ASRS:avall
[12580/28084] ok=12342 last_latency=26.0s source=NTSB_ASRS:avall
[12590/28084] ok=12352 last_latency=25.2s source=NTSB_ASRS:avall
[12600/28084] ok=12362 last_latency=27.0s source=NTSB_ASRS:avall
[12610/28084] ok=12372 last_latency=19.5s source=NTSB_ASRS:avall
[12620/28084] ok=12382 last_latency=33.0s source=NTSB_ASRS:avall
[12630/28084] ok=12392 last_latency=28.0s source=NTSB_ASRS:avall
[12640/28084] ok=12402 last_latency=28.5s source=NTSB_ASRS:avall
[12650/28084] ok=12412 last_latency=23.6s source=NTSB_ASRS:avall
[12660/28084] ok=12421 last_latency=27.7s source=NTSB_ASRS:avall
[12670/28084] ok=12430 last_latency=39.0s source=NTSB_ASRS:avall
[12680/28084] ok=12440 last_latency=30.8s source=NTSB_ASRS:avall
[12690/28084] ok=12450 last_latency=18.3s source=NTSB_ASRS:avall
[12700/28084] ok=12460 last_latency=24.7s source=NTSB_ASRS:avall
[12710/28084] ok=12470 last_latency=19.5s source=NTSB_ASRS:avall
[12720/28084] ok=12480 last_latency=20.4s source=NTSB_ASRS:avall
[12730/28084] ok=12490 last_latency=30.6s source=NTSB_ASRS:avall
[12740/28084] ok=12500 last_latency=26.8s source=NTSB_ASRS:avall
[12750/28084] ok=12509 last_latency=24.2s source=NTSB_ASRS:avall
[12760/28084] ok=12519 last_latency=32.0s source=NTSB_ASRS:avall
[12770/28084] ok=12529 last_latency=26.5s source=NTSB_ASRS:avall
[12780/28084] ok=12538 last_latency=24.6s source=NTSB_ASRS:avall
[12790/28084] ok=12548 last_latency=20.9s source=NTSB_ASRS:avall
[12800/28084] ok=12558 last_latency=30.9s source=NTSB_ASRS:avall
[12810/28084] ok=12567 last_latency=34.1s source=NTSB_ASRS:avall
[12820/28084] ok=12577 last_latency=26.6s source=NTSB_ASRS:avall
[12830/28084] ok=12587 last_latency=19.6s source=NTSB_ASRS:avall
[12840/28084] ok=12597 last_latency=32.1s source=NTSB_ASRS:avall
[12850/28084] ok=12607 last_latency=30.6s source=NTSB_ASRS:avall
[12860/28084] ok=12617 last_latency=30.9s source=NTSB_ASRS:avall
[12870/28084] ok=12626 last_latency=35.5s source=NTSB_ASRS:avall
[12880/28084] ok=12636 last_latency=28.7s source=NTSB_ASRS:avall
[12890/28084] ok=12645 last_latency=19.9s source=NTSB_ASRS:avall
[12900/28084] ok=12655 last_latency=31.7s source=NTSB_ASRS:avall
[12910/28084] ok=12665 last_latency=23.7s source=NTSB_ASRS:avall
[12920/28084] ok=12675 last_latency=25.3s source=NTSB_ASRS:avall
[12930/28084] ok=12685 last_latency=22.2s source=NTSB_ASRS:avall
[12940/28084] ok=12695 last_latency=26.6s source=NTSB_ASRS:avall
[12950/28084] ok=12705 last_latency=26.4s source=NTSB_ASRS:avall
[12960/28084] ok=12715 last_latency=31.8s source=NTSB_ASRS:avall
[12970/28084] ok=12724 last_latency=26.3s source=NTSB_ASRS:avall
[12980/28084] ok=12734 last_latency=23.0s source=NTSB_ASRS:avall
