PC over 12 categories

=== LOC-I ===
  building presence matrix…
  X shape: 3850 accidents × 42 event types
  active event types (var-filtered): 41 / 42
  running PC (alpha=0.05, indep_test=chisq) …
  edges: 51 kept, 19 dropped by support, 0 by laplacian
  -> LOC-I.gpickle + LOC-I.csv

=== USOS ===
  building presence matrix…
  X shape: 4018 accidents × 42 event types
  active event types (var-filtered): 38 / 42
  running PC (alpha=0.05, indep_test=chisq) …
  edges: 33 kept, 22 dropped by support, 0 by laplacian
  -> USOS.gpickle + USOS.csv

=== WSTRW ===
  building presence matrix…
  X shape: 2037 accidents × 42 event types
  active event types (var-filtered): 39 / 42
  running PC (alpha=0.05, indep_test=chisq) …
  edges: 37 kept, 14 dropped by support, 0 by laplacian
  -> WSTRW.gpickle + WSTRW.csv

=== SCF-PP ===
  building presence matrix…
  X shape: 1819 accidents × 42 event types
  active event types (var-filtered): 39 / 42
  running PC (alpha=0.05, indep_test=chisq) …
  edges: 45 kept, 13 dropped by support, 0 by laplacian
  -> SCF-PP.gpickle + SCF-PP.csv

=== WX ===
  building presence matrix…
  X shape: 1230 accidents × 42 event types
  active event types (var-filtered): 36 / 42
  running PC (alpha=0.05, indep_test=chisq) …
  edges: 32 kept, 20 dropped by support, 0 by laplacian
  -> WX.gpickle + WX.csv

=== LOC-G ===
  building presence matrix…
  X shape: 3046 accidents × 42 event types
  active event types (var-filtered): 37 / 42
  running PC (alpha=0.05, indep_test=chisq) …
  edges: 29 kept, 25 dropped by support, 0 by laplacian
  -> LOC-G.gpickle + LOC-G.csv

=== CFIT ===
  building presence matrix…
  X shape: 1455 accidents × 42 event types
  active event types (var-filtered): 38 / 42
  running PC (alpha=0.05, indep_test=chisq) …
  edges: 27 kept, 22 dropped by support, 0 by laplacian
  -> CFIT.gpickle + CFIT.csv

=== ARC ===
  building presence matrix…
  X shape: 2753 accidents × 42 event types
  active event types (var-filtered): 36 / 42
  running PC (alpha=0.05, indep_test=chisq) …
  edges: 37 kept, 17 dropped by support, 0 by laplacian
  -> ARC.gpickle + ARC.csv

=== MAC ===
  building presence matrix…
  X shape: 1123 accidents × 42 event types
  active event types (var-filtered): 34 / 42
  running PC (alpha=0.05, indep_test=chisq) …
  edges: 17 kept, 28 dropped by support, 0 by laplacian
  -> MAC.gpickle + MAC.csv

=== ICE ===
  building presence matrix…
  X shape: 1463 accidents × 42 event types
  active event types (var-filtered): 35 / 42
  running PC (alpha=0.05, indep_test=chisq) …
  edges: 23 kept, 20 dropped by support, 0 by laplacian
  -> ICE.gpickle + ICE.csv

=== RE ===
  building presence matrix…
  X shape: 697 accidents × 42 event types
  active event types (var-filtered): 28 / 42
  running PC (alpha=0.05, indep_test=chisq) …
  edges: 9 kept, 12 dropped by support, 0 by laplacian
  -> RE.gpickle + RE.csv

=== RI ===
  building presence matrix…
  X shape: 446 accidents × 42 event types
  active event types (var-filtered): 34 / 42
  running PC (alpha=0.05, indep_test=chisq) …
  edges: 6 kept, 18 dropped by support, 0 by laplacian
  -> RI.gpickle + RI.csv
