loaded 404 records to extract
[10/404] ok=10 last_latency=32.0s source=NTSB_ASRS:Pre2008
[20/404] ok=19 last_latency=47.4s source=FAA_AIDS:a2015_19
[30/404] ok=29 last_latency=23.1s source=FAA_AIDS:a2010_14
[40/404] ok=39 last_latency=40.0s source=FAA_AIDS:a2015_19
[50/404] ok=49 last_latency=25.8s source=FAA_AIDS:a1995_99
[60/404] ok=59 last_latency=0.3s source=FAA_AIDS:a1990_94
[70/404] ok=69 last_latency=18.5s source=FAA_AIDS:a2015_19
[80/404] ok=79 last_latency=26.2s source=FAA_AIDS:a2015_19
[90/404] ok=89 last_latency=35.8s source=NTSB_ASRS:Pre2008
[100/404] ok=99 last_latency=33.4s source=FAA_AIDS:a2020_26
[110/404] ok=109 last_latency=37.5s source=FAA_AIDS:a1990_94
[120/404] ok=119 last_latency=57.1s source=FAA_AIDS:a2015_19
[130/404] ok=129 last_latency=18.7s source=TSB_CANADA
[140/404] ok=139 last_latency=25.7s source=FAA_AIDS:a1980_84
[150/404] ok=149 last_latency=39.6s source=BEA
[160/404] ok=159 last_latency=24.4s source=FAA_AIDS:a1990_94
[170/404] ok=169 last_latency=29.0s source=FAA_AIDS:a2000_04
[180/404] ok=178 last_latency=18.5s source=NTSB_ASRS:Pre2008
[190/404] ok=188 last_latency=21.2s source=FAA_AIDS:a2010_14
[200/404] ok=198 last_latency=28.7s source=FAA_AIDS:a2000_04
[210/404] ok=208 last_latency=34.0s source=FAA_AIDS:a2020_26
[220/404] ok=218 last_latency=23.3s source=FAA_AIDS:a2020_26
[230/404] ok=228 last_latency=29.8s source=FAA_AIDS:a1985_89
[240/404] ok=238 last_latency=32.7s source=NTSB_ASRS:avall
[250/404] ok=248 last_latency=32.7s source=FAA_AIDS:a1995_99
[260/404] ok=258 last_latency=41.7s source=FAA_AIDS:a2000_04
[270/404] ok=268 last_latency=29.7s source=FAA_AIDS:a1990_94
[280/404] ok=278 last_latency=26.3s source=TSB_CANADA
[290/404] ok=288 last_latency=33.7s source=NTSB_ASRS:Pre2008
[300/404] ok=298 last_latency=29.1s source=NTSB_ASRS:avall
[310/404] ok=308 last_latency=50.7s source=FAA_AIDS:a2000_04
[320/404] ok=318 last_latency=9.0s source=FAA_AIDS:a2005_09
[330/404] ok=328 last_latency=19.2s source=FAA_AIDS:a1985_89
[340/404] ok=338 last_latency=45.6s source=FAA_AIDS:a2020_26
[350/404] ok=348 last_latency=43.0s source=FAA_AIDS:a1990_94
[360/404] ok=358 last_latency=35.8s source=FAA_AIDS:a1995_99
[370/404] ok=368 last_latency=32.1s source=FAA_AIDS:a1995_99
[380/404] ok=378 last_latency=40.8s source=FAA_AIDS:a2010_14
[390/404] ok=388 last_latency=25.4s source=FAA_AIDS:a1990_94
[400/404] ok=398 last_latency=17.5s source=FAA_AIDS:a2010_14
[404/404] ok=402 last_latency=14.7s source=FAA_AIDS:a2005_09
done in 788.1s  ok=402/404
