loaded 404 records to extract
[10/404] ok=10 last_latency=31.9s source=FAA_AIDS:a2020_26
[20/404] ok=20 last_latency=30.7s source=FAA_AIDS:a2005_09
[30/404] ok=30 last_latency=37.3s source=NTSB_ASRS:avall
[40/404] ok=40 last_latency=10.3s source=FAA_AIDS:a1985_89
[50/404] ok=49 last_latency=25.7s source=FAA_AIDS:a2010_14
[60/404] ok=59 last_latency=18.0s source=FAA_AIDS:a2020_26
[70/404] ok=69 last_latency=14.9s source=FAA_AIDS:a2010_14
[80/404] ok=78 last_latency=32.1s source=TSB_CANADA
[90/404] ok=88 last_latency=25.1s source=FAA_AIDS:a1990_94
[100/404] ok=97 last_latency=40.8s source=FAA_AIDS:a2000_04
[110/404] ok=107 last_latency=12.4s source=TSB_CANADA
[120/404] ok=117 last_latency=14.9s source=NTSB_ASRS:avall
[130/404] ok=126 last_latency=24.2s source=FAA_AIDS:a2005_09
[140/404] ok=136 last_latency=22.0s source=BEA
[150/404] ok=146 last_latency=17.7s source=FAA_AIDS:a1985_89
[160/404] ok=156 last_latency=20.8s source=NTSB_ASRS:Pre2008
[170/404] ok=165 last_latency=15.7s source=BEA
[180/404] ok=175 last_latency=13.1s source=NTSB_ASRS:Pre2008
[190/404] ok=185 last_latency=15.5s source=FAA_AIDS:a1990_94
[200/404] ok=195 last_latency=23.5s source=FAA_AIDS:a1995_99
[210/404] ok=205 last_latency=33.3s source=FAA_AIDS:a1995_99
[220/404] ok=215 last_latency=34.0s source=TSB_CANADA
[230/404] ok=225 last_latency=24.4s source=FAA_AIDS:a1995_99
[240/404] ok=234 last_latency=40.0s source=NTSB_ASRS:Pre2008
[250/404] ok=244 last_latency=26.8s source=FAA_AIDS:a2015_19
[260/404] ok=254 last_latency=22.4s source=NTSB_ASRS:avall
[270/404] ok=264 last_latency=2.8s source=FAA_AIDS:a2005_09
[280/404] ok=274 last_latency=32.1s source=FAA_AIDS:a2010_14
[290/404] ok=283 last_latency=21.8s source=NTSB_ASRS:Pre2008
[300/404] ok=293 last_latency=27.6s source=BEA
[310/404] ok=303 last_latency=17.9s source=FAA_AIDS:a2000_04
[320/404] ok=313 last_latency=12.3s source=BEA
[330/404] ok=323 last_latency=28.4s source=FAA_AIDS:a2020_26
[340/404] ok=333 last_latency=28.2s source=FAA_AIDS:a1990_94
[350/404] ok=343 last_latency=13.1s source=FAA_AIDS:a2000_04
[360/404] ok=352 last_latency=14.7s source=BEA
[370/404] ok=362 last_latency=12.8s source=FAA_AIDS:a1975_79
[380/404] ok=372 last_latency=31.0s source=NTSB_ASRS:avall
[390/404] ok=382 last_latency=20.9s source=NTSB_ASRS:Pre2008
[400/404] ok=392 last_latency=23.9s source=FAA_AIDS:a2005_09
[404/404] ok=396 last_latency=11.7s source=FAA_AIDS:a2010_14
done in 542.8s  ok=396/404
