guided_json: enforcing schema schema_v3.json
loaded 2000 records to extract
[10/2000] ok=10 last_latency=26.7s source=NTSB_ASRS:Pre2008
[20/2000] ok=20 last_latency=17.1s source=NTSB_ASRS:Pre2008
[30/2000] ok=30 last_latency=20.8s source=NTSB_ASRS:Pre2008
[40/2000] ok=40 last_latency=22.7s source=NTSB_ASRS:Pre2008
[50/2000] ok=50 last_latency=22.5s source=NTSB_ASRS:Pre2008
[60/2000] ok=60 last_latency=20.9s source=NTSB_ASRS:Pre2008
[70/2000] ok=69 last_latency=34.1s source=NTSB_ASRS:Pre2008
[80/2000] ok=79 last_latency=32.2s source=NTSB_ASRS:Pre2008
[90/2000] ok=89 last_latency=24.4s source=NTSB_ASRS:Pre2008
[100/2000] ok=99 last_latency=31.8s source=NTSB_ASRS:Pre2008
[110/2000] ok=109 last_latency=37.3s source=NTSB_ASRS:Pre2008
[120/2000] ok=119 last_latency=50.6s source=NTSB_ASRS:Pre2008
[130/2000] ok=129 last_latency=30.5s source=NTSB_ASRS:Pre2008
[140/2000] ok=139 last_latency=40.2s source=NTSB_ASRS:Pre2008
[150/2000] ok=149 last_latency=44.3s source=NTSB_ASRS:Pre2008
[160/2000] ok=159 last_latency=37.1s source=NTSB_ASRS:Pre2008
[170/2000] ok=169 last_latency=44.5s source=NTSB_ASRS:Pre2008
[180/2000] ok=179 last_latency=41.3s source=NTSB_ASRS:Pre2008
[190/2000] ok=189 last_latency=40.9s source=NTSB_ASRS:Pre2008
[200/2000] ok=199 last_latency=21.5s source=NTSB_ASRS:Pre2008
[210/2000] ok=209 last_latency=51.9s source=NTSB_ASRS:Pre2008
[220/2000] ok=219 last_latency=30.5s source=NTSB_ASRS:Pre2008
[230/2000] ok=229 last_latency=42.4s source=NTSB_ASRS:Pre2008
[240/2000] ok=239 last_latency=43.6s source=NTSB_ASRS:Pre2008
[250/2000] ok=248 last_latency=34.3s source=NTSB_ASRS:Pre2008
[260/2000] ok=258 last_latency=37.3s source=NTSB_ASRS:Pre2008
[270/2000] ok=268 last_latency=35.5s source=NTSB_ASRS:Pre2008
[280/2000] ok=277 last_latency=37.2s source=NTSB_ASRS:Pre2008
[290/2000] ok=287 last_latency=51.6s source=NTSB_ASRS:Pre2008
[300/2000] ok=297 last_latency=32.6s source=NTSB_ASRS:Pre2008
[310/2000] ok=307 last_latency=41.6s source=NTSB_ASRS:Pre2008
[320/2000] ok=317 last_latency=27.2s source=NTSB_ASRS:Pre2008
[330/2000] ok=327 last_latency=25.8s source=NTSB_ASRS:Pre2008
[340/2000] ok=337 last_latency=42.4s source=NTSB_ASRS:Pre2008
[350/2000] ok=346 last_latency=21.5s source=NTSB_ASRS:Pre2008
[360/2000] ok=356 last_latency=28.7s source=NTSB_ASRS:Pre2008
[370/2000] ok=366 last_latency=24.5s source=NTSB_ASRS:Pre2008
[380/2000] ok=376 last_latency=28.5s source=NTSB_ASRS:Pre2008
[390/2000] ok=386 last_latency=32.7s source=NTSB_ASRS:Pre2008
[400/2000] ok=396 last_latency=29.3s source=NTSB_ASRS:Pre2008
[410/2000] ok=406 last_latency=26.8s source=NTSB_ASRS:Pre2008
[420/2000] ok=416 last_latency=30.2s source=NTSB_ASRS:Pre2008
[430/2000] ok=426 last_latency=22.6s source=NTSB_ASRS:Pre2008
[440/2000] ok=436 last_latency=25.9s source=NTSB_ASRS:Pre2008
[450/2000] ok=446 last_latency=18.9s source=NTSB_ASRS:Pre2008
[460/2000] ok=456 last_latency=35.6s source=NTSB_ASRS:Pre2008
[470/2000] ok=466 last_latency=18.5s source=NTSB_ASRS:Pre2008
[480/2000] ok=476 last_latency=20.7s source=NTSB_ASRS:Pre2008
[490/2000] ok=486 last_latency=22.3s source=NTSB_ASRS:Pre2008
[500/2000] ok=496 last_latency=35.3s source=NTSB_ASRS:Pre2008
[510/2000] ok=506 last_latency=25.2s source=NTSB_ASRS:Pre2008
[520/2000] ok=516 last_latency=38.3s source=NTSB_ASRS:Pre2008
[530/2000] ok=526 last_latency=27.3s source=NTSB_ASRS:Pre2008
[540/2000] ok=535 last_latency=36.1s source=NTSB_ASRS:Pre2008
[550/2000] ok=545 last_latency=19.3s source=NTSB_ASRS:Pre2008
[560/2000] ok=554 last_latency=16.6s source=NTSB_ASRS:Pre2008
[570/2000] ok=563 last_latency=29.0s source=NTSB_ASRS:Pre2008
[580/2000] ok=573 last_latency=23.3s source=NTSB_ASRS:Pre2008
[590/2000] ok=583 last_latency=22.4s source=NTSB_ASRS:Pre2008
[600/2000] ok=593 last_latency=22.7s source=NTSB_ASRS:Pre2008
[610/2000] ok=603 last_latency=35.7s source=NTSB_ASRS:Pre2008
[620/2000] ok=613 last_latency=31.0s source=NTSB_ASRS:Pre2008
[630/2000] ok=623 last_latency=27.3s source=NTSB_ASRS:Pre2008
[640/2000] ok=633 last_latency=36.8s source=NTSB_ASRS:Pre2008
[650/2000] ok=643 last_latency=24.7s source=NTSB_ASRS:Pre2008
[660/2000] ok=653 last_latency=18.5s source=NTSB_ASRS:Pre2008
[670/2000] ok=662 last_latency=30.0s source=NTSB_ASRS:Pre2008
[680/2000] ok=672 last_latency=28.0s source=NTSB_ASRS:Pre2008
[690/2000] ok=682 last_latency=30.4s source=NTSB_ASRS:Pre2008
[700/2000] ok=692 last_latency=24.0s source=NTSB_ASRS:Pre2008
[710/2000] ok=702 last_latency=28.6s source=NTSB_ASRS:Pre2008
[720/2000] ok=712 last_latency=21.9s source=NTSB_ASRS:Pre2008
[730/2000] ok=722 last_latency=34.4s source=NTSB_ASRS:Pre2008
[740/2000] ok=732 last_latency=29.0s source=NTSB_ASRS:Pre2008
[750/2000] ok=742 last_latency=21.5s source=NTSB_ASRS:Pre2008
[760/2000] ok=752 last_latency=29.0s source=NTSB_ASRS:Pre2008
[770/2000] ok=762 last_latency=26.0s source=NTSB_ASRS:Pre2008
[780/2000] ok=772 last_latency=25.8s source=NTSB_ASRS:Pre2008
[790/2000] ok=782 last_latency=23.6s source=NTSB_ASRS:Pre2008
[800/2000] ok=792 last_latency=39.1s source=NTSB_ASRS:Pre2008
[810/2000] ok=802 last_latency=20.1s source=NTSB_ASRS:Pre2008
[820/2000] ok=812 last_latency=21.7s source=NTSB_ASRS:Pre2008
[830/2000] ok=822 last_latency=26.7s source=NTSB_ASRS:Pre2008
[840/2000] ok=832 last_latency=21.6s source=NTSB_ASRS:Pre2008
[850/2000] ok=842 last_latency=30.9s source=NTSB_ASRS:Pre2008
[860/2000] ok=852 last_latency=23.1s source=NTSB_ASRS:Pre2008
[870/2000] ok=862 last_latency=26.0s source=NTSB_ASRS:Pre2008
[880/2000] ok=872 last_latency=32.2s source=NTSB_ASRS:Pre2008
[890/2000] ok=882 last_latency=22.0s source=NTSB_ASRS:Pre2008
[900/2000] ok=892 last_latency=30.3s source=NTSB_ASRS:Pre2008
[910/2000] ok=902 last_latency=32.6s source=NTSB_ASRS:Pre2008
[920/2000] ok=912 last_latency=21.2s source=NTSB_ASRS:Pre2008
[930/2000] ok=922 last_latency=31.7s source=NTSB_ASRS:Pre2008
[940/2000] ok=932 last_latency=25.8s source=NTSB_ASRS:Pre2008
[950/2000] ok=942 last_latency=26.6s source=NTSB_ASRS:Pre2008
[960/2000] ok=952 last_latency=30.7s source=NTSB_ASRS:Pre2008
[970/2000] ok=961 last_latency=21.6s source=NTSB_ASRS:Pre2008
[980/2000] ok=971 last_latency=26.2s source=NTSB_ASRS:Pre2008
[990/2000] ok=981 last_latency=27.1s source=NTSB_ASRS:Pre2008
[1000/2000] ok=991 last_latency=23.8s source=NTSB_ASRS:Pre2008
[1010/2000] ok=1001 last_latency=30.6s source=NTSB_ASRS:Pre2008
[1020/2000] ok=1011 last_latency=18.5s source=NTSB_ASRS:Pre2008
[1030/2000] ok=1021 last_latency=22.1s source=NTSB_ASRS:Pre2008
[1040/2000] ok=1031 last_latency=29.1s source=NTSB_ASRS:Pre2008
[1050/2000] ok=1041 last_latency=20.7s source=NTSB_ASRS:Pre2008
[1060/2000] ok=1051 last_latency=26.4s source=NTSB_ASRS:Pre2008
[1070/2000] ok=1061 last_latency=33.7s source=NTSB_ASRS:Pre2008
[1080/2000] ok=1071 last_latency=34.1s source=NTSB_ASRS:Pre2008
[1090/2000] ok=1081 last_latency=22.1s source=NTSB_ASRS:Pre2008
[1100/2000] ok=1091 last_latency=30.6s source=NTSB_ASRS:Pre2008
[1110/2000] ok=1101 last_latency=25.4s source=NTSB_ASRS:Pre2008
[1120/2000] ok=1111 last_latency=28.1s source=NTSB_ASRS:avall
[1130/2000] ok=1121 last_latency=27.6s source=NTSB_ASRS:Pre2008
[1140/2000] ok=1131 last_latency=29.7s source=NTSB_ASRS:Pre2008
[1150/2000] ok=1141 last_latency=23.7s source=NTSB_ASRS:Pre2008
[1160/2000] ok=1151 last_latency=20.7s source=NTSB_ASRS:Pre2008
[1170/2000] ok=1161 last_latency=28.6s source=NTSB_ASRS:Pre2008
[1180/2000] ok=1171 last_latency=34.3s source=NTSB_ASRS:Pre2008
[1190/2000] ok=1181 last_latency=17.9s source=NTSB_ASRS:Pre2008
[1200/2000] ok=1191 last_latency=30.0s source=NTSB_ASRS:Pre2008
[1210/2000] ok=1201 last_latency=26.9s source=NTSB_ASRS:Pre2008
[1220/2000] ok=1211 last_latency=25.6s source=NTSB_ASRS:Pre2008
[1230/2000] ok=1221 last_latency=35.7s source=NTSB_ASRS:Pre2008
[1240/2000] ok=1231 last_latency=34.2s source=NTSB_ASRS:Pre2008
[1250/2000] ok=1241 last_latency=23.1s source=NTSB_ASRS:avall
[1260/2000] ok=1251 last_latency=26.4s source=NTSB_ASRS:Pre2008
[1270/2000] ok=1261 last_latency=24.9s source=NTSB_ASRS:avall
[1280/2000] ok=1271 last_latency=18.6s source=NTSB_ASRS:avall
[1290/2000] ok=1281 last_latency=22.9s source=NTSB_ASRS:Pre2008
[1300/2000] ok=1291 last_latency=20.7s source=NTSB_ASRS:Pre2008
[1310/2000] ok=1301 last_latency=39.6s source=NTSB_ASRS:Pre2008
[1320/2000] ok=1311 last_latency=21.0s source=NTSB_ASRS:Pre2008
[1330/2000] ok=1321 last_latency=29.0s source=NTSB_ASRS:Pre2008
[1340/2000] ok=1331 last_latency=32.5s source=NTSB_ASRS:Pre2008
[1350/2000] ok=1341 last_latency=28.8s source=NTSB_ASRS:Pre2008
[1360/2000] ok=1351 last_latency=34.5s source=NTSB_ASRS:Pre2008
[1370/2000] ok=1361 last_latency=26.4s source=NTSB_ASRS:Pre2008
[1380/2000] ok=1371 last_latency=28.1s source=NTSB_ASRS:Pre2008
[1390/2000] ok=1381 last_latency=28.8s source=NTSB_ASRS:Pre2008
[1400/2000] ok=1391 last_latency=22.6s source=NTSB_ASRS:Pre2008
[1410/2000] ok=1401 last_latency=29.4s source=NTSB_ASRS:Pre2008
[1420/2000] ok=1411 last_latency=32.0s source=NTSB_ASRS:Pre2008
[1430/2000] ok=1421 last_latency=26.4s source=NTSB_ASRS:Pre2008
[1440/2000] ok=1431 last_latency=34.5s source=NTSB_ASRS:Pre2008
[1450/2000] ok=1441 last_latency=30.9s source=NTSB_ASRS:Pre2008
[1460/2000] ok=1451 last_latency=31.2s source=NTSB_ASRS:Pre2008
[1470/2000] ok=1461 last_latency=22.4s source=NTSB_ASRS:Pre2008
[1480/2000] ok=1470 last_latency=22.7s source=NTSB_ASRS:Pre2008
[1490/2000] ok=1480 last_latency=24.6s source=NTSB_ASRS:Pre2008
[1500/2000] ok=1489 last_latency=21.9s source=NTSB_ASRS:Pre2008
[1510/2000] ok=1499 last_latency=20.1s source=NTSB_ASRS:Pre2008
[1520/2000] ok=1509 last_latency=29.1s source=NTSB_ASRS:Pre2008
[1530/2000] ok=1519 last_latency=27.1s source=NTSB_ASRS:Pre2008
[1540/2000] ok=1529 last_latency=19.7s source=NTSB_ASRS:Pre2008
[1550/2000] ok=1538 last_latency=30.0s source=NTSB_ASRS:Pre2008
[1560/2000] ok=1548 last_latency=26.2s source=NTSB_ASRS:Pre2008
[1570/2000] ok=1557 last_latency=24.9s source=NTSB_ASRS:Pre2008
[1580/2000] ok=1567 last_latency=35.1s source=NTSB_ASRS:Pre2008
[1590/2000] ok=1577 last_latency=42.2s source=NTSB_ASRS:Pre2008
[1600/2000] ok=1587 last_latency=26.9s source=NTSB_ASRS:Pre2008
[1610/2000] ok=1597 last_latency=23.2s source=NTSB_ASRS:Pre2008
[1620/2000] ok=1607 last_latency=26.4s source=NTSB_ASRS:Pre2008
[1630/2000] ok=1617 last_latency=26.6s source=NTSB_ASRS:Pre2008
[1640/2000] ok=1627 last_latency=29.6s source=NTSB_ASRS:Pre2008
[1650/2000] ok=1637 last_latency=22.4s source=NTSB_ASRS:Pre2008
[1660/2000] ok=1647 last_latency=30.5s source=NTSB_ASRS:Pre2008
[1670/2000] ok=1657 last_latency=26.4s source=NTSB_ASRS:Pre2008
[1680/2000] ok=1666 last_latency=21.9s source=NTSB_ASRS:Pre2008
[1690/2000] ok=1676 last_latency=23.0s source=NTSB_ASRS:Pre2008
[1700/2000] ok=1686 last_latency=26.0s source=NTSB_ASRS:Pre2008
[1710/2000] ok=1696 last_latency=24.9s source=NTSB_ASRS:Pre2008
[1720/2000] ok=1706 last_latency=37.6s source=NTSB_ASRS:Pre2008
[1730/2000] ok=1716 last_latency=18.9s source=NTSB_ASRS:Pre2008
[1740/2000] ok=1726 last_latency=22.1s source=NTSB_ASRS:Pre2008
[1750/2000] ok=1736 last_latency=25.6s source=NTSB_ASRS:Pre2008
[1760/2000] ok=1746 last_latency=23.1s source=NTSB_ASRS:Pre2008
[1770/2000] ok=1756 last_latency=36.5s source=NTSB_ASRS:Pre2008
[1780/2000] ok=1766 last_latency=24.0s source=NTSB_ASRS:Pre2008
[1790/2000] ok=1775 last_latency=25.4s source=NTSB_ASRS:Pre2008
[1800/2000] ok=1785 last_latency=27.6s source=NTSB_ASRS:Pre2008
[1810/2000] ok=1795 last_latency=27.1s source=NTSB_ASRS:Pre2008
[1820/2000] ok=1805 last_latency=20.7s source=NTSB_ASRS:Pre2008
[1830/2000] ok=1814 last_latency=17.8s source=NTSB_ASRS:Pre2008
[1840/2000] ok=1824 last_latency=33.6s source=NTSB_ASRS:Pre2008
[1850/2000] ok=1834 last_latency=17.4s source=NTSB_ASRS:Pre2008
[1860/2000] ok=1844 last_latency=22.6s source=NTSB_ASRS:Pre2008
[1870/2000] ok=1854 last_latency=22.8s source=NTSB_ASRS:Pre2008
[1880/2000] ok=1864 last_latency=24.9s source=NTSB_ASRS:Pre2008
[1890/2000] ok=1874 last_latency=18.5s source=NTSB_ASRS:Pre2008
[1900/2000] ok=1884 last_latency=30.3s source=NTSB_ASRS:Pre2008
[1910/2000] ok=1894 last_latency=20.9s source=NTSB_ASRS:Pre2008
[1920/2000] ok=1904 last_latency=23.1s source=NTSB_ASRS:Pre2008
[1930/2000] ok=1914 last_latency=22.8s source=NTSB_ASRS:Pre2008
[1940/2000] ok=1924 last_latency=30.3s source=NTSB_ASRS:Pre2008
[1950/2000] ok=1934 last_latency=35.4s source=NTSB_ASRS:Pre2008
[1960/2000] ok=1944 last_latency=20.2s source=NTSB_ASRS:Pre2008
[1970/2000] ok=1954 last_latency=25.4s source=NTSB_ASRS:Pre2008
[1980/2000] ok=1964 last_latency=26.6s source=NTSB_ASRS:Pre2008
[1990/2000] ok=1974 last_latency=14.5s source=NTSB_ASRS:Pre2008
[2000/2000] ok=1984 last_latency=5.3s source=NTSB_ASRS:Pre2008
done in 3533.6s  ok=1984/2000
