=== Sun Jul  5 01:11:51 AM CDT 2026 v4 calibration: grounded track ===
guided_json: enforcing schema schema_v4.json
loaded 2000 records to extract
supervision=grounded: structured data joined for 2000/2000 records (others run narrative-only)
[10/2000] ok=10 retried=0 last_latency=15.3s source=NTSB_ASRS:Pre2008
[20/2000] ok=20 retried=0 last_latency=12.9s source=NTSB_ASRS:Pre2008
[30/2000] ok=30 retried=0 last_latency=23.3s source=NTSB_ASRS:Pre2008
[40/2000] ok=39 retried=0 last_latency=13.9s source=NTSB_ASRS:Pre2008
[50/2000] ok=49 retried=1 last_latency=11.2s source=NTSB_ASRS:Pre2008
[60/2000] ok=58 retried=1 last_latency=12.8s source=NTSB_ASRS:Pre2008
[70/2000] ok=68 retried=1 last_latency=9.8s source=NTSB_ASRS:Pre2008
[80/2000] ok=77 retried=1 last_latency=34.9s source=NTSB_ASRS:Pre2008
[90/2000] ok=87 retried=1 last_latency=16.6s source=NTSB_ASRS:Pre2008
[100/2000] ok=97 retried=2 last_latency=20.2s source=NTSB_ASRS:Pre2008
[110/2000] ok=107 retried=2 last_latency=21.1s source=NTSB_ASRS:Pre2008
[120/2000] ok=116 retried=3 last_latency=41.9s source=NTSB_ASRS:Pre2008
[130/2000] ok=126 retried=3 last_latency=11.9s source=NTSB_ASRS:Pre2008
[140/2000] ok=135 retried=3 last_latency=24.4s source=NTSB_ASRS:Pre2008
[150/2000] ok=145 retried=3 last_latency=13.2s source=NTSB_ASRS:Pre2008
[160/2000] ok=155 retried=4 last_latency=12.1s source=NTSB_ASRS:Pre2008
[170/2000] ok=164 retried=4 last_latency=20.3s source=NTSB_ASRS:Pre2008
[180/2000] ok=174 retried=4 last_latency=21.1s source=NTSB_ASRS:Pre2008
[190/2000] ok=184 retried=6 last_latency=35.4s source=NTSB_ASRS:Pre2008
[200/2000] ok=192 retried=6 last_latency=9.5s source=NTSB_ASRS:Pre2008
[210/2000] ok=202 retried=6 last_latency=11.9s source=NTSB_ASRS:Pre2008
[220/2000] ok=212 retried=6 last_latency=14.0s source=NTSB_ASRS:Pre2008
[230/2000] ok=220 retried=6 last_latency=21.3s source=NTSB_ASRS:Pre2008
[240/2000] ok=230 retried=6 last_latency=7.5s source=NTSB_ASRS:Pre2008
[250/2000] ok=240 retried=7 last_latency=15.6s source=NTSB_ASRS:Pre2008
[260/2000] ok=249 retried=7 last_latency=18.7s source=NTSB_ASRS:Pre2008
[270/2000] ok=258 retried=7 last_latency=13.0s source=NTSB_ASRS:Pre2008
[280/2000] ok=268 retried=7 last_latency=20.9s source=NTSB_ASRS:Pre2008
[290/2000] ok=278 retried=7 last_latency=16.0s source=NTSB_ASRS:Pre2008
[300/2000] ok=288 retried=8 last_latency=15.4s source=NTSB_ASRS:Pre2008
[310/2000] ok=298 retried=8 last_latency=14.2s source=NTSB_ASRS:Pre2008
[320/2000] ok=308 retried=8 last_latency=18.3s source=NTSB_ASRS:Pre2008
[330/2000] ok=317 retried=8 last_latency=10.9s source=NTSB_ASRS:Pre2008
[340/2000] ok=326 retried=8 last_latency=18.2s source=NTSB_ASRS:Pre2008
[350/2000] ok=335 retried=8 last_latency=18.2s source=NTSB_ASRS:Pre2008
[360/2000] ok=345 retried=8 last_latency=26.5s source=NTSB_ASRS:Pre2008
[370/2000] ok=355 retried=8 last_latency=13.9s source=NTSB_ASRS:Pre2008
[380/2000] ok=364 retried=8 last_latency=18.0s source=NTSB_ASRS:Pre2008
[390/2000] ok=373 retried=8 last_latency=17.8s source=NTSB_ASRS:Pre2008
[400/2000] ok=383 retried=8 last_latency=14.5s source=NTSB_ASRS:Pre2008
[410/2000] ok=392 retried=8 last_latency=15.8s source=NTSB_ASRS:Pre2008
[420/2000] ok=401 retried=8 last_latency=20.8s source=NTSB_ASRS:Pre2008
[430/2000] ok=410 retried=8 last_latency=18.9s source=NTSB_ASRS:Pre2008
[440/2000] ok=420 retried=8 last_latency=14.0s source=NTSB_ASRS:Pre2008
[450/2000] ok=430 retried=8 last_latency=15.7s source=NTSB_ASRS:Pre2008
[460/2000] ok=440 retried=8 last_latency=13.8s source=NTSB_ASRS:Pre2008
[470/2000] ok=450 retried=8 last_latency=12.6s source=NTSB_ASRS:Pre2008
[480/2000] ok=460 retried=10 last_latency=11.5s source=NTSB_ASRS:Pre2008
[490/2000] ok=470 retried=10 last_latency=22.9s source=NTSB_ASRS:Pre2008
[500/2000] ok=480 retried=11 last_latency=16.3s source=NTSB_ASRS:Pre2008
[510/2000] ok=489 retried=11 last_latency=12.3s source=NTSB_ASRS:Pre2008
[520/2000] ok=499 retried=12 last_latency=13.0s source=NTSB_ASRS:Pre2008
[530/2000] ok=509 retried=13 last_latency=15.3s source=NTSB_ASRS:Pre2008
[540/2000] ok=519 retried=13 last_latency=10.1s source=NTSB_ASRS:avall
[550/2000] ok=527 retried=13 last_latency=31.4s source=NTSB_ASRS:Pre2008
[560/2000] ok=536 retried=13 last_latency=14.4s source=NTSB_ASRS:Pre2008
[570/2000] ok=545 retried=13 last_latency=15.6s source=NTSB_ASRS:Pre2008
[580/2000] ok=555 retried=13 last_latency=25.9s source=NTSB_ASRS:Pre2008
[590/2000] ok=565 retried=13 last_latency=14.0s source=NTSB_ASRS:Pre2008
[600/2000] ok=574 retried=13 last_latency=18.3s source=NTSB_ASRS:Pre2008
[610/2000] ok=584 retried=13 last_latency=13.5s source=NTSB_ASRS:Pre2008
[620/2000] ok=592 retried=14 last_latency=16.5s source=NTSB_ASRS:Pre2008
[630/2000] ok=601 retried=14 last_latency=14.4s source=NTSB_ASRS:Pre2008
[640/2000] ok=611 retried=14 last_latency=14.5s source=NTSB_ASRS:Pre2008
[650/2000] ok=621 retried=14 last_latency=15.5s source=NTSB_ASRS:Pre2008
[660/2000] ok=629 retried=14 last_latency=39.2s source=NTSB_ASRS:Pre2008
[670/2000] ok=639 retried=14 last_latency=16.7s source=NTSB_ASRS:Pre2008
[680/2000] ok=649 retried=14 last_latency=11.3s source=NTSB_ASRS:Pre2008
[690/2000] ok=659 retried=14 last_latency=13.0s source=NTSB_ASRS:Pre2008
[700/2000] ok=669 retried=14 last_latency=14.2s source=NTSB_ASRS:Pre2008
[710/2000] ok=679 retried=14 last_latency=11.1s source=NTSB_ASRS:Pre2008
[720/2000] ok=689 retried=14 last_latency=25.1s source=NTSB_ASRS:Pre2008
[730/2000] ok=698 retried=14 last_latency=14.8s source=NTSB_ASRS:Pre2008
[740/2000] ok=708 retried=14 last_latency=11.3s source=NTSB_ASRS:Pre2008
[750/2000] ok=718 retried=14 last_latency=16.6s source=NTSB_ASRS:Pre2008
[760/2000] ok=728 retried=14 last_latency=13.0s source=NTSB_ASRS:Pre2008
[770/2000] ok=736 retried=14 last_latency=20.1s source=NTSB_ASRS:Pre2008
[780/2000] ok=746 retried=15 last_latency=22.6s source=NTSB_ASRS:Pre2008
[790/2000] ok=755 retried=15 last_latency=22.5s source=NTSB_ASRS:Pre2008
[800/2000] ok=764 retried=15 last_latency=21.3s source=NTSB_ASRS:Pre2008
[810/2000] ok=774 retried=16 last_latency=7.7s source=NTSB_ASRS:Pre2008
[820/2000] ok=783 retried=16 last_latency=16.1s source=NTSB_ASRS:avall
[830/2000] ok=793 retried=16 last_latency=17.0s source=NTSB_ASRS:Pre2008
[840/2000] ok=803 retried=18 last_latency=20.7s source=NTSB_ASRS:Pre2008
[850/2000] ok=811 retried=18 last_latency=19.3s source=NTSB_ASRS:Pre2008
[860/2000] ok=819 retried=18 last_latency=11.7s source=NTSB_ASRS:Pre2008
[870/2000] ok=829 retried=18 last_latency=8.7s source=NTSB_ASRS:Pre2008
[880/2000] ok=838 retried=18 last_latency=15.2s source=NTSB_ASRS:Pre2008
[890/2000] ok=847 retried=18 last_latency=17.8s source=NTSB_ASRS:Pre2008
[900/2000] ok=857 retried=18 last_latency=14.5s source=NTSB_ASRS:Pre2008
[910/2000] ok=867 retried=18 last_latency=26.0s source=NTSB_ASRS:Pre2008
[920/2000] ok=877 retried=18 last_latency=19.1s source=NTSB_ASRS:Pre2008
[930/2000] ok=887 retried=18 last_latency=11.1s source=NTSB_ASRS:Pre2008
[940/2000] ok=897 retried=18 last_latency=18.6s source=NTSB_ASRS:Pre2008
[950/2000] ok=906 retried=18 last_latency=11.5s source=NTSB_ASRS:Pre2008
[960/2000] ok=915 retried=19 last_latency=29.2s source=NTSB_ASRS:Pre2008
[970/2000] ok=925 retried=19 last_latency=15.8s source=NTSB_ASRS:Pre2008
[980/2000] ok=935 retried=19 last_latency=20.0s source=NTSB_ASRS:Pre2008
[990/2000] ok=945 retried=19 last_latency=20.9s source=NTSB_ASRS:Pre2008
[1000/2000] ok=954 retried=19 last_latency=11.1s source=NTSB_ASRS:Pre2008
[1010/2000] ok=964 retried=19 last_latency=14.1s source=NTSB_ASRS:Pre2008
[1020/2000] ok=974 retried=19 last_latency=16.7s source=NTSB_ASRS:Pre2008
[1030/2000] ok=984 retried=20 last_latency=11.6s source=NTSB_ASRS:Pre2008
[1040/2000] ok=993 retried=20 last_latency=37.1s source=NTSB_ASRS:Pre2008
[1050/2000] ok=1003 retried=20 last_latency=10.7s source=NTSB_ASRS:Pre2008
[1060/2000] ok=1013 retried=20 last_latency=18.0s source=NTSB_ASRS:Pre2008
[1070/2000] ok=1022 retried=22 last_latency=35.5s source=NTSB_ASRS:Pre2008
[1080/2000] ok=1032 retried=22 last_latency=9.3s source=NTSB_ASRS:Pre2008
[1090/2000] ok=1042 retried=22 last_latency=0.6s source=NTSB_ASRS:Pre2008
[1100/2000] ok=1052 retried=22 last_latency=23.3s source=NTSB_ASRS:Pre2008
[1110/2000] ok=1061 retried=22 last_latency=18.5s source=NTSB_ASRS:Pre2008
[1120/2000] ok=1071 retried=22 last_latency=17.3s source=NTSB_ASRS:Pre2008
[1130/2000] ok=1081 retried=22 last_latency=16.4s source=NTSB_ASRS:Pre2008
[1140/2000] ok=1087 retried=22 last_latency=24.4s source=NTSB_ASRS:Pre2008
[1150/2000] ok=1097 retried=22 last_latency=15.1s source=NTSB_ASRS:Pre2008
[1160/2000] ok=1107 retried=24 last_latency=23.0s source=NTSB_ASRS:Pre2008
[1170/2000] ok=1117 retried=24 last_latency=18.5s source=NTSB_ASRS:Pre2008
[1180/2000] ok=1127 retried=24 last_latency=14.3s source=NTSB_ASRS:Pre2008
[1190/2000] ok=1137 retried=24 last_latency=10.9s source=NTSB_ASRS:Pre2008
[1200/2000] ok=1146 retried=24 last_latency=12.0s source=NTSB_ASRS:Pre2008
[1210/2000] ok=1155 retried=24 last_latency=24.5s source=NTSB_ASRS:Pre2008
[1220/2000] ok=1165 retried=25 last_latency=15.1s source=NTSB_ASRS:Pre2008
[1230/2000] ok=1174 retried=25 last_latency=12.5s source=NTSB_ASRS:Pre2008
[1240/2000] ok=1184 retried=25 last_latency=19.8s source=NTSB_ASRS:Pre2008
[1250/2000] ok=1194 retried=25 last_latency=12.6s source=NTSB_ASRS:Pre2008
[1260/2000] ok=1204 retried=25 last_latency=12.1s source=NTSB_ASRS:Pre2008
[1270/2000] ok=1214 retried=25 last_latency=5.6s source=NTSB_ASRS:Pre2008
[1280/2000] ok=1224 retried=26 last_latency=17.8s source=NTSB_ASRS:Pre2008
[1290/2000] ok=1234 retried=26 last_latency=11.3s source=NTSB_ASRS:avall
[1300/2000] ok=1244 retried=27 last_latency=19.5s source=NTSB_ASRS:Pre2008
[1310/2000] ok=1254 retried=27 last_latency=14.2s source=NTSB_ASRS:Pre2008
[1320/2000] ok=1264 retried=27 last_latency=17.5s source=NTSB_ASRS:avall
[1330/2000] ok=1274 retried=27 last_latency=8.3s source=NTSB_ASRS:Pre2008
[1340/2000] ok=1283 retried=27 last_latency=18.5s source=NTSB_ASRS:Pre2008
[1350/2000] ok=1292 retried=27 last_latency=11.3s source=NTSB_ASRS:Pre2008
[1360/2000] ok=1302 retried=27 last_latency=20.5s source=NTSB_ASRS:Pre2008
[1370/2000] ok=1311 retried=27 last_latency=17.7s source=NTSB_ASRS:Pre2008
[1380/2000] ok=1321 retried=28 last_latency=18.8s source=NTSB_ASRS:Pre2008
[1390/2000] ok=1331 retried=29 last_latency=18.9s source=NTSB_ASRS:Pre2008
[1400/2000] ok=1341 retried=31 last_latency=9.8s source=NTSB_ASRS:Pre2008
[1410/2000] ok=1351 retried=31 last_latency=15.8s source=NTSB_ASRS:Pre2008
[1420/2000] ok=1361 retried=32 last_latency=14.9s source=NTSB_ASRS:Pre2008
[1430/2000] ok=1371 retried=32 last_latency=15.5s source=NTSB_ASRS:Pre2008
[1440/2000] ok=1380 retried=32 last_latency=27.2s source=NTSB_ASRS:Pre2008
[1450/2000] ok=1390 retried=32 last_latency=28.1s source=NTSB_ASRS:Pre2008
[1460/2000] ok=1399 retried=33 last_latency=16.1s source=NTSB_ASRS:Pre2008
[1470/2000] ok=1408 retried=34 last_latency=5.3s source=NTSB_ASRS:Pre2008
[1480/2000] ok=1418 retried=34 last_latency=20.8s source=NTSB_ASRS:Pre2008
[1490/2000] ok=1428 retried=34 last_latency=18.2s source=NTSB_ASRS:Pre2008
[1500/2000] ok=1437 retried=35 last_latency=19.0s source=NTSB_ASRS:Pre2008
[1510/2000] ok=1447 retried=36 last_latency=11.6s source=NTSB_ASRS:Pre2008
[1520/2000] ok=1456 retried=37 last_latency=50.3s source=NTSB_ASRS:Pre2008
[1530/2000] ok=1466 retried=37 last_latency=18.2s source=NTSB_ASRS:Pre2008
[1540/2000] ok=1475 retried=38 last_latency=22.1s source=NTSB_ASRS:Pre2008
[1550/2000] ok=1484 retried=38 last_latency=12.8s source=NTSB_ASRS:Pre2008
[1560/2000] ok=1492 retried=38 last_latency=21.3s source=NTSB_ASRS:Pre2008
[1570/2000] ok=1502 retried=39 last_latency=21.8s source=NTSB_ASRS:Pre2008
[1580/2000] ok=1512 retried=39 last_latency=11.8s source=NTSB_ASRS:Pre2008
[1590/2000] ok=1521 retried=39 last_latency=15.0s source=NTSB_ASRS:Pre2008
[1600/2000] ok=1531 retried=39 last_latency=5.7s source=NTSB_ASRS:Pre2008
[1610/2000] ok=1541 retried=39 last_latency=13.5s source=NTSB_ASRS:Pre2008
[1620/2000] ok=1551 retried=39 last_latency=16.1s source=NTSB_ASRS:Pre2008
[1630/2000] ok=1560 retried=39 last_latency=16.7s source=NTSB_ASRS:Pre2008
[1640/2000] ok=1570 retried=39 last_latency=12.2s source=NTSB_ASRS:Pre2008
[1650/2000] ok=1580 retried=39 last_latency=17.4s source=NTSB_ASRS:Pre2008
[1660/2000] ok=1590 retried=40 last_latency=15.4s source=NTSB_ASRS:Pre2008
[1670/2000] ok=1598 retried=40 last_latency=22.7s source=NTSB_ASRS:Pre2008
[1680/2000] ok=1607 retried=40 last_latency=16.1s source=NTSB_ASRS:Pre2008
[1690/2000] ok=1617 retried=40 last_latency=11.3s source=NTSB_ASRS:Pre2008
[1700/2000] ok=1627 retried=41 last_latency=20.1s source=NTSB_ASRS:Pre2008
[1710/2000] ok=1637 retried=41 last_latency=14.8s source=NTSB_ASRS:Pre2008
[1720/2000] ok=1647 retried=41 last_latency=23.2s source=NTSB_ASRS:Pre2008
[1730/2000] ok=1657 retried=41 last_latency=19.7s source=NTSB_ASRS:Pre2008
[1740/2000] ok=1667 retried=41 last_latency=18.6s source=NTSB_ASRS:Pre2008
[1750/2000] ok=1676 retried=42 last_latency=11.9s source=NTSB_ASRS:Pre2008
[1760/2000] ok=1686 retried=44 last_latency=12.9s source=NTSB_ASRS:Pre2008
[1770/2000] ok=1696 retried=44 last_latency=13.0s source=NTSB_ASRS:Pre2008
[1780/2000] ok=1705 retried=44 last_latency=17.3s source=NTSB_ASRS:Pre2008
[1790/2000] ok=1715 retried=44 last_latency=20.3s source=NTSB_ASRS:Pre2008
[1800/2000] ok=1725 retried=44 last_latency=17.3s source=NTSB_ASRS:Pre2008
[1810/2000] ok=1735 retried=45 last_latency=12.6s source=NTSB_ASRS:Pre2008
[1820/2000] ok=1744 retried=45 last_latency=26.4s source=NTSB_ASRS:Pre2008
[1830/2000] ok=1753 retried=45 last_latency=20.2s source=NTSB_ASRS:Pre2008
[1840/2000] ok=1763 retried=45 last_latency=13.5s source=NTSB_ASRS:Pre2008
[1850/2000] ok=1772 retried=45 last_latency=10.4s source=NTSB_ASRS:Pre2008
[1860/2000] ok=1781 retried=45 last_latency=26.1s source=NTSB_ASRS:Pre2008
[1870/2000] ok=1790 retried=45 last_latency=11.7s source=NTSB_ASRS:Pre2008
[1880/2000] ok=1799 retried=45 last_latency=37.2s source=NTSB_ASRS:Pre2008
[1890/2000] ok=1809 retried=45 last_latency=10.1s source=NTSB_ASRS:Pre2008
[1900/2000] ok=1818 retried=45 last_latency=8.8s source=NTSB_ASRS:Pre2008
[1910/2000] ok=1828 retried=46 last_latency=17.2s source=NTSB_ASRS:Pre2008
[1920/2000] ok=1838 retried=47 last_latency=17.7s source=NTSB_ASRS:Pre2008
[1930/2000] ok=1846 retried=47 last_latency=21.7s source=NTSB_ASRS:Pre2008
[1940/2000] ok=1856 retried=47 last_latency=22.4s source=NTSB_ASRS:Pre2008
[1950/2000] ok=1866 retried=48 last_latency=11.8s source=NTSB_ASRS:Pre2008
[1960/2000] ok=1875 retried=48 last_latency=9.9s source=NTSB_ASRS:Pre2008
[1970/2000] ok=1885 retried=48 last_latency=10.3s source=NTSB_ASRS:Pre2008
[1980/2000] ok=1895 retried=48 last_latency=10.3s source=NTSB_ASRS:Pre2008
[1990/2000] ok=1904 retried=49 last_latency=7.3s source=NTSB_ASRS:Pre2008
[2000/2000] ok=1913 retried=51 last_latency=4.8s source=NTSB_ASRS:Pre2008
done in 2212.5s  ok=1913/2000
=== Sun Jul  5 01:48:45 AM CDT 2026 v4 calibration: narrative-only track ===
guided_json: enforcing schema schema_v4.json
loaded 2000 records to extract
[10/2000] ok=10 retried=0 last_latency=15.8s source=NTSB_ASRS:Pre2008
[20/2000] ok=20 retried=0 last_latency=8.5s source=NTSB_ASRS:Pre2008
[30/2000] ok=30 retried=1 last_latency=18.2s source=NTSB_ASRS:Pre2008
[40/2000] ok=40 retried=1 last_latency=17.8s source=NTSB_ASRS:Pre2008
[50/2000] ok=50 retried=2 last_latency=17.7s source=NTSB_ASRS:Pre2008
[60/2000] ok=60 retried=2 last_latency=11.2s source=NTSB_ASRS:Pre2008
[70/2000] ok=69 retried=2 last_latency=12.9s source=NTSB_ASRS:Pre2008
[80/2000] ok=79 retried=2 last_latency=15.1s source=NTSB_ASRS:Pre2008
[90/2000] ok=89 retried=2 last_latency=13.8s source=NTSB_ASRS:Pre2008
[100/2000] ok=97 retried=2 last_latency=11.9s source=NTSB_ASRS:Pre2008
[110/2000] ok=107 retried=2 last_latency=11.5s source=NTSB_ASRS:Pre2008
[120/2000] ok=117 retried=2 last_latency=20.6s source=NTSB_ASRS:Pre2008
[130/2000] ok=127 retried=2 last_latency=25.1s source=NTSB_ASRS:Pre2008
[140/2000] ok=137 retried=2 last_latency=7.4s source=NTSB_ASRS:Pre2008
[150/2000] ok=147 retried=2 last_latency=13.3s source=NTSB_ASRS:Pre2008
[160/2000] ok=157 retried=2 last_latency=22.2s source=NTSB_ASRS:Pre2008
[170/2000] ok=166 retried=2 last_latency=11.2s source=NTSB_ASRS:Pre2008
[180/2000] ok=175 retried=2 last_latency=10.2s source=NTSB_ASRS:Pre2008
[190/2000] ok=185 retried=2 last_latency=9.9s source=NTSB_ASRS:Pre2008
[200/2000] ok=195 retried=2 last_latency=9.0s source=NTSB_ASRS:Pre2008
[210/2000] ok=205 retried=2 last_latency=11.9s source=NTSB_ASRS:Pre2008
[220/2000] ok=215 retried=3 last_latency=17.7s source=NTSB_ASRS:Pre2008
[230/2000] ok=225 retried=3 last_latency=15.8s source=NTSB_ASRS:Pre2008
[240/2000] ok=234 retried=3 last_latency=17.5s source=NTSB_ASRS:Pre2008
[250/2000] ok=243 retried=3 last_latency=48.4s source=NTSB_ASRS:Pre2008
[260/2000] ok=253 retried=3 last_latency=12.1s source=NTSB_ASRS:Pre2008
[270/2000] ok=263 retried=3 last_latency=8.7s source=NTSB_ASRS:Pre2008
[280/2000] ok=272 retried=3 last_latency=15.8s source=NTSB_ASRS:Pre2008
[290/2000] ok=282 retried=3 last_latency=15.8s source=NTSB_ASRS:Pre2008
[300/2000] ok=292 retried=4 last_latency=7.3s source=NTSB_ASRS:Pre2008
[310/2000] ok=302 retried=4 last_latency=15.3s source=NTSB_ASRS:Pre2008
[320/2000] ok=312 retried=4 last_latency=7.3s source=NTSB_ASRS:Pre2008
[330/2000] ok=322 retried=5 last_latency=23.1s source=NTSB_ASRS:Pre2008
[340/2000] ok=331 retried=6 last_latency=15.1s source=NTSB_ASRS:Pre2008
[350/2000] ok=340 retried=6 last_latency=12.3s source=NTSB_ASRS:Pre2008
[360/2000] ok=348 retried=6 last_latency=27.8s source=NTSB_ASRS:Pre2008
[370/2000] ok=358 retried=6 last_latency=14.0s source=NTSB_ASRS:Pre2008
[380/2000] ok=368 retried=7 last_latency=19.3s source=NTSB_ASRS:Pre2008
[390/2000] ok=377 retried=7 last_latency=41.0s source=NTSB_ASRS:Pre2008
[400/2000] ok=385 retried=7 last_latency=18.3s source=NTSB_ASRS:Pre2008
[410/2000] ok=395 retried=7 last_latency=11.8s source=NTSB_ASRS:Pre2008
[420/2000] ok=405 retried=7 last_latency=12.2s source=NTSB_ASRS:Pre2008
[430/2000] ok=414 retried=7 last_latency=21.2s source=NTSB_ASRS:Pre2008
[440/2000] ok=424 retried=7 last_latency=17.9s source=NTSB_ASRS:Pre2008
[450/2000] ok=434 retried=7 last_latency=13.1s source=NTSB_ASRS:Pre2008
[460/2000] ok=444 retried=7 last_latency=10.3s source=NTSB_ASRS:Pre2008
[470/2000] ok=454 retried=7 last_latency=21.5s source=NTSB_ASRS:Pre2008
[480/2000] ok=464 retried=7 last_latency=18.1s source=NTSB_ASRS:Pre2008
[490/2000] ok=474 retried=7 last_latency=16.7s source=NTSB_ASRS:Pre2008
[500/2000] ok=484 retried=7 last_latency=16.0s source=NTSB_ASRS:Pre2008
[510/2000] ok=494 retried=7 last_latency=21.0s source=NTSB_ASRS:Pre2008
[520/2000] ok=503 retried=8 last_latency=26.1s source=NTSB_ASRS:Pre2008
[530/2000] ok=513 retried=8 last_latency=12.6s source=NTSB_ASRS:Pre2008
[540/2000] ok=523 retried=8 last_latency=15.6s source=NTSB_ASRS:Pre2008
[550/2000] ok=533 retried=8 last_latency=18.9s source=NTSB_ASRS:Pre2008
[560/2000] ok=543 retried=8 last_latency=20.6s source=NTSB_ASRS:Pre2008
[570/2000] ok=553 retried=8 last_latency=9.7s source=NTSB_ASRS:Pre2008
[580/2000] ok=562 retried=9 last_latency=10.7s source=NTSB_ASRS:Pre2008
[590/2000] ok=572 retried=9 last_latency=17.2s source=NTSB_ASRS:Pre2008
[600/2000] ok=582 retried=9 last_latency=8.5s source=NTSB_ASRS:Pre2008
[610/2000] ok=592 retried=9 last_latency=18.0s source=NTSB_ASRS:Pre2008
[620/2000] ok=602 retried=9 last_latency=10.9s source=NTSB_ASRS:Pre2008
[630/2000] ok=612 retried=9 last_latency=14.7s source=NTSB_ASRS:Pre2008
[640/2000] ok=622 retried=10 last_latency=24.1s source=NTSB_ASRS:Pre2008
[650/2000] ok=631 retried=10 last_latency=16.4s source=NTSB_ASRS:Pre2008
[660/2000] ok=641 retried=10 last_latency=15.1s source=NTSB_ASRS:Pre2008
[670/2000] ok=650 retried=10 last_latency=15.6s source=NTSB_ASRS:Pre2008
[680/2000] ok=660 retried=10 last_latency=21.2s source=NTSB_ASRS:Pre2008
[690/2000] ok=668 retried=10 last_latency=27.8s source=NTSB_ASRS:Pre2008
[700/2000] ok=678 retried=11 last_latency=7.9s source=NTSB_ASRS:Pre2008
[710/2000] ok=688 retried=11 last_latency=11.9s source=NTSB_ASRS:Pre2008
[720/2000] ok=697 retried=11 last_latency=28.7s source=NTSB_ASRS:Pre2008
[730/2000] ok=705 retried=11 last_latency=18.4s source=NTSB_ASRS:Pre2008
[740/2000] ok=715 retried=11 last_latency=13.8s source=NTSB_ASRS:Pre2008
[750/2000] ok=725 retried=11 last_latency=18.4s source=NTSB_ASRS:Pre2008
[760/2000] ok=735 retried=11 last_latency=15.1s source=NTSB_ASRS:Pre2008
[770/2000] ok=743 retried=11 last_latency=54.7s source=NTSB_ASRS:Pre2008
[780/2000] ok=753 retried=11 last_latency=9.9s source=NTSB_ASRS:Pre2008
[790/2000] ok=762 retried=11 last_latency=12.6s source=NTSB_ASRS:Pre2008
[800/2000] ok=772 retried=12 last_latency=23.2s source=NTSB_ASRS:Pre2008
[810/2000] ok=781 retried=12 last_latency=15.5s source=NTSB_ASRS:Pre2008
[820/2000] ok=791 retried=12 last_latency=9.1s source=NTSB_ASRS:Pre2008
[830/2000] ok=800 retried=12 last_latency=12.4s source=NTSB_ASRS:Pre2008
[840/2000] ok=808 retried=12 last_latency=46.8s source=NTSB_ASRS:Pre2008
[850/2000] ok=818 retried=13 last_latency=13.2s source=NTSB_ASRS:Pre2008
[860/2000] ok=828 retried=13 last_latency=16.8s source=NTSB_ASRS:Pre2008
[870/2000] ok=837 retried=13 last_latency=16.9s source=NTSB_ASRS:Pre2008
[880/2000] ok=846 retried=13 last_latency=18.1s source=NTSB_ASRS:Pre2008
[890/2000] ok=856 retried=13 last_latency=12.6s source=NTSB_ASRS:Pre2008
[900/2000] ok=865 retried=13 last_latency=10.2s source=NTSB_ASRS:Pre2008
[910/2000] ok=874 retried=13 last_latency=10.5s source=NTSB_ASRS:Pre2008
[920/2000] ok=884 retried=13 last_latency=19.9s source=NTSB_ASRS:Pre2008
[930/2000] ok=893 retried=14 last_latency=15.4s source=NTSB_ASRS:Pre2008
[940/2000] ok=903 retried=14 last_latency=15.2s source=NTSB_ASRS:Pre2008
[950/2000] ok=913 retried=14 last_latency=14.8s source=NTSB_ASRS:Pre2008
[960/2000] ok=922 retried=15 last_latency=16.7s source=NTSB_ASRS:Pre2008
[970/2000] ok=932 retried=16 last_latency=9.3s source=NTSB_ASRS:Pre2008
[980/2000] ok=942 retried=16 last_latency=14.4s source=NTSB_ASRS:Pre2008
[990/2000] ok=951 retried=16 last_latency=25.3s source=NTSB_ASRS:Pre2008
[1000/2000] ok=961 retried=16 last_latency=20.0s source=NTSB_ASRS:Pre2008
[1010/2000] ok=970 retried=16 last_latency=16.5s source=NTSB_ASRS:Pre2008
[1020/2000] ok=980 retried=16 last_latency=13.6s source=NTSB_ASRS:Pre2008
[1030/2000] ok=988 retried=16 last_latency=16.6s source=NTSB_ASRS:Pre2008
[1040/2000] ok=998 retried=16 last_latency=19.2s source=NTSB_ASRS:Pre2008
[1050/2000] ok=1008 retried=16 last_latency=18.9s source=NTSB_ASRS:Pre2008
[1060/2000] ok=1016 retried=16 last_latency=12.7s source=NTSB_ASRS:Pre2008
[1070/2000] ok=1026 retried=16 last_latency=14.3s source=NTSB_ASRS:Pre2008
[1080/2000] ok=1035 retried=16 last_latency=12.7s source=NTSB_ASRS:Pre2008
[1090/2000] ok=1045 retried=17 last_latency=18.3s source=NTSB_ASRS:Pre2008
[1100/2000] ok=1055 retried=17 last_latency=18.9s source=NTSB_ASRS:Pre2008
[1110/2000] ok=1065 retried=17 last_latency=12.7s source=NTSB_ASRS:Pre2008
[1120/2000] ok=1074 retried=17 last_latency=20.4s source=NTSB_ASRS:Pre2008
[1130/2000] ok=1081 retried=17 last_latency=15.3s source=NTSB_ASRS:Pre2008
[1140/2000] ok=1091 retried=17 last_latency=12.5s source=NTSB_ASRS:Pre2008
[1150/2000] ok=1100 retried=17 last_latency=15.2s source=NTSB_ASRS:Pre2008
[1160/2000] ok=1110 retried=17 last_latency=18.4s source=NTSB_ASRS:Pre2008
[1170/2000] ok=1120 retried=18 last_latency=13.2s source=NTSB_ASRS:Pre2008
[1180/2000] ok=1130 retried=18 last_latency=12.3s source=NTSB_ASRS:Pre2008
[1190/2000] ok=1140 retried=18 last_latency=15.1s source=NTSB_ASRS:Pre2008
[1200/2000] ok=1150 retried=19 last_latency=23.3s source=NTSB_ASRS:Pre2008
[1210/2000] ok=1160 retried=19 last_latency=9.5s source=NTSB_ASRS:Pre2008
[1220/2000] ok=1169 retried=20 last_latency=17.0s source=NTSB_ASRS:Pre2008
[1230/2000] ok=1179 retried=20 last_latency=10.5s source=NTSB_ASRS:Pre2008
[1240/2000] ok=1189 retried=20 last_latency=17.1s source=NTSB_ASRS:Pre2008
[1250/2000] ok=1198 retried=20 last_latency=10.4s source=NTSB_ASRS:Pre2008
[1260/2000] ok=1208 retried=20 last_latency=13.6s source=NTSB_ASRS:Pre2008
[1270/2000] ok=1217 retried=20 last_latency=17.4s source=NTSB_ASRS:Pre2008
[1280/2000] ok=1227 retried=20 last_latency=14.8s source=NTSB_ASRS:Pre2008
[1290/2000] ok=1236 retried=20 last_latency=15.9s source=NTSB_ASRS:Pre2008
[1300/2000] ok=1246 retried=21 last_latency=16.1s source=NTSB_ASRS:Pre2008
[1310/2000] ok=1256 retried=21 last_latency=10.6s source=NTSB_ASRS:Pre2008
[1320/2000] ok=1266 retried=21 last_latency=15.2s source=NTSB_ASRS:Pre2008
[1330/2000] ok=1274 retried=21 last_latency=20.6s source=NTSB_ASRS:Pre2008
[1340/2000] ok=1283 retried=21 last_latency=18.8s source=NTSB_ASRS:Pre2008
[1350/2000] ok=1293 retried=21 last_latency=17.6s source=NTSB_ASRS:Pre2008
[1360/2000] ok=1303 retried=21 last_latency=12.8s source=NTSB_ASRS:Pre2008
[1370/2000] ok=1312 retried=21 last_latency=20.6s source=NTSB_ASRS:Pre2008
[1380/2000] ok=1320 retried=21 last_latency=12.0s source=NTSB_ASRS:Pre2008
[1390/2000] ok=1329 retried=21 last_latency=23.2s source=NTSB_ASRS:Pre2008
[1400/2000] ok=1339 retried=21 last_latency=14.4s source=NTSB_ASRS:Pre2008
[1410/2000] ok=1349 retried=21 last_latency=15.3s source=NTSB_ASRS:Pre2008
[1420/2000] ok=1359 retried=21 last_latency=17.3s source=NTSB_ASRS:Pre2008
[1430/2000] ok=1368 retried=21 last_latency=15.5s source=NTSB_ASRS:Pre2008
[1440/2000] ok=1378 retried=21 last_latency=13.6s source=NTSB_ASRS:Pre2008
[1450/2000] ok=1386 retried=21 last_latency=33.7s source=NTSB_ASRS:Pre2008
[1460/2000] ok=1396 retried=21 last_latency=13.3s source=NTSB_ASRS:Pre2008
[1470/2000] ok=1406 retried=21 last_latency=23.6s source=NTSB_ASRS:Pre2008
[1480/2000] ok=1415 retried=21 last_latency=23.7s source=NTSB_ASRS:Pre2008
[1490/2000] ok=1425 retried=21 last_latency=15.1s source=NTSB_ASRS:Pre2008
[1500/2000] ok=1434 retried=22 last_latency=13.3s source=NTSB_ASRS:Pre2008
[1510/2000] ok=1443 retried=22 last_latency=15.0s source=NTSB_ASRS:Pre2008
[1520/2000] ok=1453 retried=22 last_latency=15.0s source=NTSB_ASRS:Pre2008
[1530/2000] ok=1463 retried=22 last_latency=10.1s source=NTSB_ASRS:Pre2008
[1540/2000] ok=1473 retried=22 last_latency=14.4s source=NTSB_ASRS:Pre2008
[1550/2000] ok=1483 retried=22 last_latency=17.2s source=NTSB_ASRS:Pre2008
[1560/2000] ok=1493 retried=22 last_latency=12.8s source=NTSB_ASRS:Pre2008
[1570/2000] ok=1503 retried=22 last_latency=13.5s source=NTSB_ASRS:Pre2008
[1580/2000] ok=1513 retried=22 last_latency=22.4s source=NTSB_ASRS:Pre2008
[1590/2000] ok=1523 retried=22 last_latency=22.4s source=NTSB_ASRS:Pre2008
[1600/2000] ok=1533 retried=22 last_latency=10.8s source=NTSB_ASRS:Pre2008
[1610/2000] ok=1543 retried=23 last_latency=14.2s source=NTSB_ASRS:Pre2008
[1620/2000] ok=1553 retried=23 last_latency=11.6s source=NTSB_ASRS:Pre2008
[1630/2000] ok=1563 retried=23 last_latency=13.4s source=NTSB_ASRS:Pre2008
[1640/2000] ok=1573 retried=23 last_latency=23.5s source=NTSB_ASRS:Pre2008
[1650/2000] ok=1583 retried=23 last_latency=19.2s source=NTSB_ASRS:Pre2008
[1660/2000] ok=1593 retried=23 last_latency=14.4s source=NTSB_ASRS:Pre2008
[1670/2000] ok=1602 retried=23 last_latency=11.2s source=NTSB_ASRS:Pre2008
[1680/2000] ok=1610 retried=23 last_latency=13.0s source=NTSB_ASRS:Pre2008
[1690/2000] ok=1620 retried=23 last_latency=14.9s source=NTSB_ASRS:Pre2008
[1700/2000] ok=1630 retried=23 last_latency=15.3s source=NTSB_ASRS:Pre2008
[1710/2000] ok=1640 retried=24 last_latency=23.6s source=NTSB_ASRS:Pre2008
[1720/2000] ok=1649 retried=24 last_latency=14.9s source=NTSB_ASRS:Pre2008
[1730/2000] ok=1658 retried=24 last_latency=9.3s source=NTSB_ASRS:Pre2008
[1740/2000] ok=1668 retried=24 last_latency=15.5s source=NTSB_ASRS:Pre2008
[1750/2000] ok=1678 retried=25 last_latency=14.3s source=NTSB_ASRS:Pre2008
[1760/2000] ok=1688 retried=25 last_latency=20.5s source=NTSB_ASRS:Pre2008
[1770/2000] ok=1698 retried=25 last_latency=9.7s source=NTSB_ASRS:Pre2008
[1780/2000] ok=1708 retried=25 last_latency=7.3s source=NTSB_ASRS:Pre2008
[1790/2000] ok=1718 retried=25 last_latency=17.5s source=NTSB_ASRS:Pre2008
[1800/2000] ok=1726 retried=25 last_latency=11.8s source=NTSB_ASRS:Pre2008
[1810/2000] ok=1736 retried=25 last_latency=16.2s source=NTSB_ASRS:Pre2008
[1820/2000] ok=1746 retried=25 last_latency=21.1s source=NTSB_ASRS:Pre2008
[1830/2000] ok=1756 retried=25 last_latency=11.3s source=NTSB_ASRS:Pre2008
[1840/2000] ok=1766 retried=25 last_latency=20.9s source=NTSB_ASRS:Pre2008
[1850/2000] ok=1774 retried=25 last_latency=16.2s source=NTSB_ASRS:Pre2008
[1860/2000] ok=1784 retried=25 last_latency=16.9s source=NTSB_ASRS:Pre2008
[1870/2000] ok=1794 retried=26 last_latency=40.7s source=NTSB_ASRS:Pre2008
[1880/2000] ok=1804 retried=26 last_latency=12.6s source=NTSB_ASRS:Pre2008
[1890/2000] ok=1813 retried=26 last_latency=14.1s source=NTSB_ASRS:Pre2008
[1900/2000] ok=1823 retried=26 last_latency=13.5s source=NTSB_ASRS:Pre2008
[1910/2000] ok=1833 retried=26 last_latency=11.4s source=NTSB_ASRS:Pre2008
[1920/2000] ok=1843 retried=26 last_latency=13.7s source=NTSB_ASRS:Pre2008
[1930/2000] ok=1853 retried=26 last_latency=13.6s source=NTSB_ASRS:Pre2008
[1940/2000] ok=1863 retried=27 last_latency=12.8s source=NTSB_ASRS:Pre2008
[1950/2000] ok=1873 retried=28 last_latency=11.8s source=NTSB_ASRS:Pre2008
[1960/2000] ok=1881 retried=28 last_latency=15.4s source=NTSB_ASRS:Pre2008
[1970/2000] ok=1891 retried=28 last_latency=14.2s source=NTSB_ASRS:Pre2008
[1980/2000] ok=1901 retried=28 last_latency=7.6s source=NTSB_ASRS:Pre2008
[1990/2000] ok=1909 retried=29 last_latency=6.0s source=NTSB_ASRS:Pre2008
[2000/2000] ok=1917 retried=29 last_latency=2.0s source=NTSB_ASRS:Pre2008
done in 2068.1s  ok=1917/2000
=== Sun Jul  5 02:23:14 AM CDT 2026 calibration extractions DONE ===
