=== Sun Jul  5 12:00:27 PM CDT 2026 recover failed calibration records (patched runner) ===
guided_json: enforcing schema schema_v4.json
resume: skipping 1913 already-done records
loaded 87 records to extract
supervision=grounded: structured data joined for 87/87 records (others run narrative-only)
[10/87] ok=10 retried=5 last_latency=12.9s source=NTSB_ASRS:Pre2008
[20/87] ok=19 retried=11 last_latency=16.6s source=NTSB_ASRS:Pre2008
[30/87] ok=29 retried=17 last_latency=41.5s source=NTSB_ASRS:Pre2008
[40/87] ok=38 retried=24 last_latency=25.5s source=NTSB_ASRS:Pre2008
[50/87] ok=48 retried=30 last_latency=35.9s source=NTSB_ASRS:Pre2008
[60/87] ok=58 retried=35 last_latency=44.8s source=NTSB_ASRS:Pre2008
[70/87] ok=68 retried=37 last_latency=14.4s source=NTSB_ASRS:Pre2008
[80/87] ok=78 retried=44 last_latency=33.7s source=NTSB_ASRS:Pre2008
[87/87] ok=85 retried=47 last_latency=3.5s source=NTSB_ASRS:Pre2008
done in 159.5s  ok=85/87
guided_json: enforcing schema schema_v4.json
resume: skipping 1917 already-done records
loaded 83 records to extract
[10/83] ok=10 retried=5 last_latency=25.4s source=NTSB_ASRS:Pre2008
[20/83] ok=20 retried=13 last_latency=23.1s source=NTSB_ASRS:Pre2008
[30/83] ok=30 retried=21 last_latency=28.9s source=NTSB_ASRS:Pre2008
[40/83] ok=40 retried=29 last_latency=39.1s source=NTSB_ASRS:Pre2008
[50/83] ok=50 retried=32 last_latency=15.2s source=NTSB_ASRS:Pre2008
[60/83] ok=60 retried=39 last_latency=25.4s source=NTSB_ASRS:Pre2008
[70/83] ok=70 retried=46 last_latency=16.9s source=NTSB_ASRS:Pre2008
[80/83] ok=80 retried=52 last_latency=10.4s source=NTSB_ASRS:Pre2008
[83/83] ok=83 retried=53 last_latency=6.5s source=NTSB_ASRS:Pre2008
done in 150.3s  ok=83/83
=== Sun Jul  5 12:05:39 PM CDT 2026 judging: semantic eval grounded ===
Loading enriched corpus index…
  145,263 records with supervision
Loading event_extraction/out/calibration_2k_v4_grounded.jsonl…
  1,998 ok extractions
  1,998 records to evaluate (factors x events)
  1,998 pending after cache (cached: 0)
  judged 50/1998 (9.8/s)
  judged 100/1998 (10.7/s)
  judged 150/1998 (10.7/s)
  judged 200/1998 (10.9/s)
  judged 250/1998 (10.8/s)
  judged 300/1998 (11.0/s)
  judged 350/1998 (11.0/s)
  judged 400/1998 (10.8/s)
  judged 450/1998 (10.9/s)
  judged 500/1998 (10.9/s)
  judged 550/1998 (10.8/s)
  judged 600/1998 (10.8/s)
  judged 650/1998 (10.9/s)
  judged 700/1998 (10.9/s)
  judged 750/1998 (10.9/s)
  judged 800/1998 (10.9/s)
  judged 850/1998 (10.9/s)
  judged 900/1998 (11.0/s)
  judged 950/1998 (11.0/s)
  judged 1000/1998 (10.9/s)
  judged 1050/1998 (10.9/s)
  judged 1100/1998 (10.9/s)
  judged 1150/1998 (11.0/s)
  judged 1200/1998 (10.9/s)
  judged 1250/1998 (10.9/s)
  judged 1300/1998 (10.9/s)
  judged 1350/1998 (10.9/s)
  judged 1400/1998 (10.9/s)
  judged 1450/1998 (10.9/s)
  judged 1500/1998 (10.9/s)
  judged 1550/1998 (10.9/s)
  judged 1600/1998 (10.9/s)
  judged 1650/1998 (10.9/s)
  judged 1700/1998 (11.0/s)
  judged 1750/1998 (10.9/s)
  judged 1800/1998 (10.9/s)
  judged 1850/1998 (10.9/s)
  judged 1900/1998 (10.9/s)
  judged 1950/1998 (10.9/s)

=== Semantic eval (v4-grounded) ===
  tag: v4-grounded
  extraction_file: event_extraction/out/calibration_2k_v4_grounded.jsonl
  n_records_evaluated: 1998
  n_factors_total: 3475
  n_factors_matched: 3236
  recall: 0.9312
  n_events_total: 11256
  n_events_matched_to_a_factor: 3450
  precision: 0.3065
  mean_per_record_recall: 0.9221

Wrote event_extraction/out/semantic_eval_v4_grounded.summary.json
=== Sun Jul  5 12:08:44 PM CDT 2026 judging: semantic eval narrative ===
Loading enriched corpus index…
  145,263 records with supervision
Loading event_extraction/out/calibration_2k_v4_narrative.jsonl…
  2,000 ok extractions
  2,000 records to evaluate (factors x events)
  2,000 pending after cache (cached: 0)
  judged 50/2000 (9.7/s)
  judged 100/2000 (10.5/s)
  judged 150/2000 (10.8/s)
  judged 200/2000 (10.9/s)
  judged 250/2000 (10.8/s)
  judged 300/2000 (11.0/s)
  judged 350/2000 (11.0/s)
  judged 400/2000 (11.0/s)
  judged 450/2000 (11.0/s)
  judged 500/2000 (11.0/s)
  judged 550/2000 (11.0/s)
  judged 600/2000 (11.0/s)
  judged 650/2000 (11.0/s)
  judged 700/2000 (11.0/s)
  judged 750/2000 (11.0/s)
  judged 800/2000 (11.0/s)
  judged 850/2000 (11.0/s)
  judged 900/2000 (11.0/s)
  judged 950/2000 (11.0/s)
  judged 1000/2000 (11.0/s)
  judged 1050/2000 (11.0/s)
  judged 1100/2000 (11.0/s)
  judged 1150/2000 (11.0/s)
  judged 1200/2000 (11.0/s)
  judged 1250/2000 (11.0/s)
  judged 1300/2000 (11.0/s)
  judged 1350/2000 (11.0/s)
  judged 1400/2000 (11.0/s)
  judged 1450/2000 (11.0/s)
  judged 1500/2000 (11.0/s)
  judged 1550/2000 (11.0/s)
  judged 1600/2000 (11.0/s)
  judged 1650/2000 (11.0/s)
  judged 1700/2000 (11.0/s)
  judged 1750/2000 (11.0/s)
  judged 1800/2000 (11.0/s)
  judged 1850/2000 (11.0/s)
  judged 1900/2000 (11.0/s)
  judged 1950/2000 (11.0/s)
  judged 2000/2000 (11.1/s)

=== Semantic eval (v4-narrative) ===
  tag: v4-narrative
  extraction_file: event_extraction/out/calibration_2k_v4_narrative.jsonl
  n_records_evaluated: 2000
  n_factors_total: 3481
  n_factors_matched: 3161
  recall: 0.9081
  n_events_total: 11105
  n_events_matched_to_a_factor: 3309
  precision: 0.2980
  mean_per_record_recall: 0.9027

Wrote event_extraction/out/semantic_eval_v4_narrative.summary.json
=== Sun Jul  5 12:11:48 PM CDT 2026 judging: chain order narrative ===
55,501 records with seq_of_events
1,893 records eligible for ordering eval
1,893 pending after cache
  judged 50/1893 (6.8/s)
  judged 100/1893 (7.7/s)
  judged 150/1893 (7.9/s)
  judged 200/1893 (7.9/s)
  judged 250/1893 (8.0/s)
  judged 300/1893 (8.0/s)
  judged 350/1893 (8.0/s)
  judged 400/1893 (8.0/s)
  judged 450/1893 (8.0/s)
  judged 500/1893 (7.9/s)
  judged 550/1893 (7.9/s)
  judged 600/1893 (8.0/s)
  judged 650/1893 (8.0/s)
  judged 700/1893 (8.0/s)
  judged 750/1893 (8.0/s)
  judged 800/1893 (8.0/s)
  judged 850/1893 (8.0/s)
  judged 900/1893 (8.0/s)
  judged 950/1893 (8.0/s)
  judged 1000/1893 (8.0/s)
  judged 1050/1893 (8.0/s)
  judged 1100/1893 (8.0/s)
  judged 1150/1893 (8.1/s)
  judged 1200/1893 (8.1/s)
  judged 1250/1893 (8.1/s)
  judged 1300/1893 (8.0/s)
  judged 1350/1893 (8.0/s)
  judged 1400/1893 (8.1/s)
  judged 1450/1893 (8.1/s)
  judged 1500/1893 (8.1/s)
  judged 1550/1893 (8.0/s)
  judged 1600/1893 (8.0/s)
  judged 1650/1893 (8.1/s)
  judged 1700/1893 (8.1/s)
  judged 1750/1893 (8.1/s)
  judged 1800/1893 (8.1/s)
  judged 1850/1893 (8.1/s)

=== Chain-order eval (v4-narrative) ===
  tag: v4-narrative
  extraction_file: event_extraction/out/calibration_2k_v4_narrative.jsonl
  n_records_scored: 1726
  n_pairs: 9968
  pooled_kendall_tau: 0.3052
  mean_per_record_tau: 0.3525
  frac_records_tau_ge_0.75: 0.3934
=== Sun Jul  5 12:15:45 PM CDT 2026 judging: chain order grounded ===
55,501 records with seq_of_events
1,891 records eligible for ordering eval
1,891 pending after cache
  judged 50/1891 (6.6/s)
  judged 100/1891 (7.4/s)
  judged 150/1891 (7.7/s)
  judged 200/1891 (7.8/s)
  judged 250/1891 (8.0/s)
  judged 300/1891 (8.0/s)
  judged 350/1891 (8.0/s)
  judged 400/1891 (7.9/s)
  judged 450/1891 (7.9/s)
  judged 500/1891 (7.9/s)
  judged 550/1891 (7.9/s)
  judged 600/1891 (7.9/s)
  judged 650/1891 (8.0/s)
  judged 700/1891 (8.0/s)
  judged 750/1891 (8.0/s)
  judged 800/1891 (8.0/s)
  judged 850/1891 (8.1/s)
  judged 900/1891 (8.1/s)
  judged 950/1891 (8.0/s)
  judged 1000/1891 (8.0/s)
  judged 1050/1891 (8.0/s)
  judged 1100/1891 (8.0/s)
  judged 1150/1891 (8.1/s)
  judged 1200/1891 (8.1/s)
  judged 1250/1891 (8.0/s)
  judged 1300/1891 (8.0/s)
  judged 1350/1891 (8.0/s)
  judged 1400/1891 (8.0/s)
  judged 1450/1891 (8.1/s)
  judged 1500/1891 (8.1/s)
  judged 1550/1891 (8.1/s)
  judged 1600/1891 (8.1/s)
  judged 1650/1891 (8.0/s)
  judged 1700/1891 (8.1/s)
  judged 1750/1891 (8.1/s)
  judged 1800/1891 (8.1/s)
  judged 1850/1891 (8.1/s)

=== Chain-order eval (v4-grounded) ===
  tag: v4-grounded
  extraction_file: event_extraction/out/calibration_2k_v4_grounded.jsonl
  n_records_scored: 1749
  n_pairs: 10743
  pooled_kendall_tau: 0.3156
  mean_per_record_tau: 0.3579
  frac_records_tau_ge_0.75: 0.3911
=== Sun Jul  5 12:19:41 PM CDT 2026 ALL PHASE-2 SCORING DONE ===
