
=== loss_of_control: empirical 0.1754, combined 0.1745 [0.1714, 0.1776], leak 0.11 [0.1071, 0.1129]
  STALL                                  pi=0.119 p=0.307 [0.2937, 0.3208] Delta=0.0313 [0.0297, 0.0328]
  CONTROL_INPUT_IMPROPER                 pi=0.501 p=0.000 [0.0, 0.0] Delta=0.0000 [0.0, 0.0]
  ENGINE_FAILURE                         pi=0.293 p=0.000 [0.0, 0.0] Delta=0.0000 [0.0, 0.0]
  DECISION_INAPPROPRIATE                 pi=0.392 p=0.000 [0.0, 0.0] Delta=0.0000 [0.0, 0.0]
  CONTROL_SURFACE_ANOMALY                pi=0.032 p=0.290 [0.2637, 0.3127] Delta=0.0078 [0.007, 0.0085]
  AIRFRAME_STRUCTURAL_FAILURE            pi=0.049 p=0.149 [0.1299, 0.1684] Delta=0.0060 [0.0052, 0.0069]
  SPATIAL_DISORIENTATION                 pi=0.017 p=0.426 [0.3892, 0.4639] Delta=0.0059 [0.0053, 0.0066]
  PROCEDURE_NOT_FOLLOWED                 pi=0.293 p=0.000 [0.0, 0.0] Delta=0.0000 [0.0, 0.0]
  PILOT_INCAPACITATION_OR_IMPAIRMENT     pi=0.024 p=0.326 [0.2957, 0.3553] Delta=0.0064 [0.0056, 0.007]
  TURBULENCE_ENCOUNTER                   pi=0.026 p=0.189 [0.16, 0.2147] Delta=0.0041 [0.0035, 0.0047]
  PERCEPTION_FAILURE                     pi=0.166 p=0.000 [0.0, 0.0] Delta=0.0000 [0.0, 0.0]
  ADVERSE_WIND_CONDITION                 pi=0.157 p=0.000 [0.0, 0.0] Delta=0.0000 [0.0, 0.0]
  OTHER_SYSTEM_FAILURE                   pi=0.065 p=0.000 [0.0, 0.0] Delta=0.0000 [0.0, 0.0]
  WIND_SHEAR_OR_GUST                     pi=0.039 p=0.039 [0.0225, 0.0564] Delta=0.0013 [0.0007, 0.0018]
  scenario {'mean': 0.2391, 'ci95': [0.2335, 0.2446], 'ratio_vs_baseline_ci95': [1.3464, 1.3931]}
    do(coordinated turn, load factor 1.2)    {'mean': 0.1878, 'ci95': [0.1829, 0.1931], 'ratio_vs_baseline_ci95': [1.0517, 1.0994]}
    do(10 kt gust margin)                    {'mean': 0.2208, 'ci95': [0.2166, 0.2252], 'ratio_vs_baseline_ci95': [1.2529, 1.2761]}
    do(both)                                 {'mean': 0.1683, 'ci95': [0.1649, 0.1718], 'ratio_vs_baseline_ci95': [0.9548, 0.9725]}

=== engine_failure: empirical 0.2933, combined 0.2998 [0.2956, 0.3039], leak 0.0837 [0.0804, 0.0872]
  FUEL_EXHAUSTION_OR_STARVATION          pi=0.097 p=0.956 [0.9489, 0.9617] Delta=0.0715 [0.0696, 0.0735]
  LATENT_MECHANICAL_DEFECT               pi=0.149 p=0.192 [0.1781, 0.2043] Delta=0.0206 [0.0191, 0.0222]
  PROCEDURE_NOT_FOLLOWED                 pi=0.293 p=0.108 [0.0987, 0.1163] Delta=0.0229 [0.021, 0.0248]
  OTHER_SYSTEM_FAILURE                   pi=0.065 p=0.198 [0.1795, 0.2151] Delta=0.0092 [0.0083, 0.0101]
  CARBURETOR_OR_INDUCTION_ICING          pi=0.026 p=0.927 [0.9122, 0.9416] Delta=0.0174 [0.0164, 0.0183]
  FUEL_SYSTEM_ANOMALY                    pi=0.030 p=0.625 [0.5874, 0.6627] Delta=0.0134 [0.0124, 0.0144]
  FUEL_CONTAMINATION                     pi=0.020 p=0.920 [0.9007, 0.9408] Delta=0.0129 [0.012, 0.0137]
  MAINTENANCE_INADEQUATE                 pi=0.101 p=0.348 [0.3281, 0.3674] Delta=0.0255 [0.0239, 0.0271]
  AIRFRAME_STRUCTURAL_FAILURE            pi=0.049 p=0.004 [0.0, 0.0161] Delta=0.0001 [0.0, 0.0005]
  scenario {'mean': 0.4244, 'ci95': [0.4212, 0.4276], 'ratio_vs_baseline_ci95': [1.4033, 1.4289]}
    do(carburetor heat)                      {'mean': 0.4071, 'ci95': [0.4038, 0.4104], 'ratio_vs_baseline_ci95': [1.3461, 1.3695]}
    do(restore 2 h reserve)                  {'mean': 0.2441, 'ci95': [0.2403, 0.2476], 'ratio_vs_baseline_ci95': [0.8077, 0.82]}
    do(both)                                 {'mean': 0.2213, 'ci95': [0.2175, 0.225], 'ratio_vs_baseline_ci95': [0.7319, 0.7445]}
